
**************************************************************************
 ___       _                               _____ _           _
|_ _|_ __ | |_ ___  __ _ _ __ ___  _ __   |  ___(_)_ __   __| | ___ _ __
 | || '_ \| __/ _ \/ _` | '__/ _ \| '_ \  | |_  | | '_ \ / _` |/ _ \ '__|
 | || | | | ||  __/ (_| | | | (_) | | | | |  _| | | | | | (_| |  __/ |
|___|_| |_|\__\___|\__, |_|  \___/|_| |_| |_|   |_|_| |_|\__,_|\___|_|
                   |___/

**************************************************************************

integron_finder version 2.0.5 
Using:
 - Python 3.12.3 | packaged by conda-forge | (main, Apr 15 2024, 18:38:13) [GCC 12.3.0]
 - numpy 1.26.4
 - pandas 2.2.2
 - matplolib 3.8.4
 - biopython 1.83

 - Prodigal V2.6.3: February, 2016
 - INFERNAL 1.1.4 (Dec 2020)
 - HMMER 3.3.2 (Nov 2020); http://hmmer.org/

Authors:
 - Jean Cury, Bertrand Neron, Eduardo Rocha,

Citation:

 Néron, B.; Littner, E.; Haudiquet, M.; Perrin, A.; Cury, J.; Rocha, E.P.C. 
 IntegronFinder 2.0: Identification and Analysis of Integrons across Bacteria, with a Focus on Antibiotic Resistance in Klebsiella. 
 Microorganisms 2022, 10, 700. https://doi.org/10.3390/microorganisms10040700

 If you use --func-annot in conjunction with file NCBIfam-AMRFinder.hmm please also cite

 Haft, DH et al., Nucleic Acids Res. 2018 Jan 4;46(D1):D851-D860
 PMID: 29112715
 

                     =======================

integron_finder is free software: you can redistribute it and/or modify
it under the terms of the GNU General Public License as published by
the Free Software Foundation, either version 3 of the License, or
(at your option) any later version.

integron_finder is distributed in the hope that it will be useful,
but WITHOUT ANY WARRANTY; without even the implied warranty of
MERCHANTABILITY or FITNESS FOR A PARTICULAR PURPOSE. See the
GNU General Public License for more details.

You should have received a copy of the GNU General Public License
along with this program (COPYING file).
If not, see <http://www.gnu.org/licenses/>.

                     =======================

command used: integron_finder --cpu 2 SAMN04875291_contigs.fasta

                     =======================

[0m
INFO     : ############ Processing replicon GCFGGDDM_1 (1/50) ############

INFO     : Starting Default search ... :
INFO     : Default search done... : 
INFO     : In replicon GCFGGDDM_1, there are:
INFO     : - 0 complete integron(s) found with a total 0 attC site(s)
INFO     : - 0 CALIN element(s) found with a total of 0 attC site(s)
INFO     : - 0 In0 element(s) found with a total of 0 attC site
INFO     : Writing out results for replicon GCFGGDDM_1
INFO     : ############ Processing replicon GCFGGDDM_2 (2/50) ############

INFO     : Starting Default search ... :
INFO     : Default search done... : 
INFO     : In replicon GCFGGDDM_2, there are:
INFO     : - 0 complete integron(s) found with a total 0 attC site(s)
INFO     : - 0 CALIN element(s) found with a total of 0 attC site(s)
INFO     : - 0 In0 element(s) found with a total of 0 attC site
INFO     : Writing out results for replicon GCFGGDDM_2
INFO     : ############ Processing replicon GCFGGDDM_3 (3/50) ############

INFO     : Starting Default search ... :
INFO     : Default search done... : 
INFO     : In replicon GCFGGDDM_3, there are:
INFO     : - 0 complete integron(s) found with a total 0 attC site(s)
INFO     : - 0 CALIN element(s) found with a total of 0 attC site(s)
INFO     : - 0 In0 element(s) found with a total of 0 attC site
INFO     : Writing out results for replicon GCFGGDDM_3
INFO     : ############ Processing replicon GCFGGDDM_4 (4/50) ############

INFO     : Starting Default search ... :
INFO     : Default search done... : 
INFO     : In replicon GCFGGDDM_4, there are:
INFO     : - 0 complete integron(s) found with a total 0 attC site(s)
INFO     : - 0 CALIN element(s) found with a total of 0 attC site(s)
INFO     : - 0 In0 element(s) found with a total of 0 attC site
INFO     : Writing out results for replicon GCFGGDDM_4
INFO     : ############ Processing replicon GCFGGDDM_5 (5/50) ############

INFO     : Starting Default search ... :
INFO     : Default search done... : 
INFO     : In replicon GCFGGDDM_5, there are:
INFO     : - 0 complete integron(s) found with a total 0 attC site(s)
INFO     : - 0 CALIN element(s) found with a total of 0 attC site(s)
INFO     : - 0 In0 element(s) found with a total of 0 attC site
INFO     : Writing out results for replicon GCFGGDDM_5
INFO     : ############ Processing replicon GCFGGDDM_6 (6/50) ############

INFO     : Starting Default search ... :
INFO     : Default search done... : 
INFO     : In replicon GCFGGDDM_6, there are:
INFO     : - 0 complete integron(s) found with a total 0 attC site(s)
INFO     : - 0 CALIN element(s) found with a total of 0 attC site(s)
INFO     : - 0 In0 element(s) found with a total of 0 attC site
INFO     : Writing out results for replicon GCFGGDDM_6
INFO     : ############ Processing replicon GCFGGDDM_7 (7/50) ############

INFO     : Starting Default search ... :
INFO     : Default search done... : 
INFO     : In replicon GCFGGDDM_7, there are:
INFO     : - 0 complete integron(s) found with a total 0 attC site(s)
INFO     : - 0 CALIN element(s) found with a total of 0 attC site(s)
INFO     : - 0 In0 element(s) found with a total of 0 attC site
INFO     : Writing out results for replicon GCFGGDDM_7
INFO     : ############ Processing replicon GCFGGDDM_8 (8/50) ############

INFO     : Starting Default search ... :
INFO     : Default search done... : 
INFO     : In replicon GCFGGDDM_8, there are:
INFO     : - 0 complete integron(s) found with a total 0 attC site(s)
INFO     : - 0 CALIN element(s) found with a total of 0 attC site(s)
INFO     : - 0 In0 element(s) found with a total of 0 attC site
INFO     : Writing out results for replicon GCFGGDDM_8
INFO     : ############ Processing replicon GCFGGDDM_9 (9/50) ############

INFO     : Starting Default search ... :
INFO     : Default search done... : 
INFO     : In replicon GCFGGDDM_9, there are:
INFO     : - 0 complete integron(s) found with a total 0 attC site(s)
INFO     : - 0 CALIN element(s) found with a total of 0 attC site(s)
INFO     : - 0 In0 element(s) found with a total of 0 attC site
INFO     : Writing out results for replicon GCFGGDDM_9
INFO     : ############ Processing replicon GCFGGDDM_10 (10/50) ############

INFO     : Starting Default search ... :
INFO     : Default search done... : 
INFO     : In replicon GCFGGDDM_10, there are:
INFO     : - 0 complete integron(s) found with a total 0 attC site(s)
INFO     : - 0 CALIN element(s) found with a total of 0 attC site(s)
INFO     : - 0 In0 element(s) found with a total of 0 attC site
INFO     : Writing out results for replicon GCFGGDDM_10
INFO     : ############ Processing replicon GCFGGDDM_11 (11/50) ############

INFO     : Starting Default search ... :
INFO     : Default search done... : 
INFO     : In replicon GCFGGDDM_11, there are:
INFO     : - 0 complete integron(s) found with a total 0 attC site(s)
INFO     : - 0 CALIN element(s) found with a total of 0 attC site(s)
INFO     : - 0 In0 element(s) found with a total of 0 attC site
INFO     : Writing out results for replicon GCFGGDDM_11
INFO     : ############ Processing replicon GCFGGDDM_12 (12/50) ############

INFO     : Starting Default search ... :
INFO     : Default search done... : 
INFO     : In replicon GCFGGDDM_12, there are:
INFO     : - 0 complete integron(s) found with a total 0 attC site(s)
INFO     : - 0 CALIN element(s) found with a total of 0 attC site(s)
INFO     : - 0 In0 element(s) found with a total of 0 attC site
INFO     : Writing out results for replicon GCFGGDDM_12
INFO     : ############ Processing replicon GCFGGDDM_13 (13/50) ############

INFO     : Starting Default search ... :
INFO     : Default search done... : 
INFO     : In replicon GCFGGDDM_13, there are:
INFO     : - 0 complete integron(s) found with a total 0 attC site(s)
INFO     : - 0 CALIN element(s) found with a total of 0 attC site(s)
INFO     : - 0 In0 element(s) found with a total of 0 attC site
INFO     : Writing out results for replicon GCFGGDDM_13
INFO     : ############ Processing replicon GCFGGDDM_14 (14/50) ############

INFO     : Starting Default search ... :
INFO     : Default search done... : 
INFO     : In replicon GCFGGDDM_14, there are:
INFO     : - 0 complete integron(s) found with a total 0 attC site(s)
INFO     : - 0 CALIN element(s) found with a total of 0 attC site(s)
INFO     : - 0 In0 element(s) found with a total of 0 attC site
INFO     : Writing out results for replicon GCFGGDDM_14
INFO     : ############ Processing replicon GCFGGDDM_15 (15/50) ############

INFO     : Starting Default search ... :
INFO     : Default search done... : 
INFO     : In replicon GCFGGDDM_15, there are:
INFO     : - 0 complete integron(s) found with a total 0 attC site(s)
INFO     : - 0 CALIN element(s) found with a total of 0 attC site(s)
INFO     : - 0 In0 element(s) found with a total of 0 attC site
INFO     : Writing out results for replicon GCFGGDDM_15
INFO     : ############ Processing replicon GCFGGDDM_16 (16/50) ############

INFO     : Starting Default search ... :
INFO     : Default search done... : 
INFO     : In replicon GCFGGDDM_16, there are:
INFO     : - 0 complete integron(s) found with a total 0 attC site(s)
INFO     : - 0 CALIN element(s) found with a total of 0 attC site(s)
INFO     : - 0 In0 element(s) found with a total of 0 attC site
INFO     : Writing out results for replicon GCFGGDDM_16
INFO     : ############ Processing replicon GCFGGDDM_17 (17/50) ############

INFO     : Starting Default search ... :
INFO     : Default search done... : 
INFO     : In replicon GCFGGDDM_17, there are:
INFO     : - 0 complete integron(s) found with a total 0 attC site(s)
INFO     : - 0 CALIN element(s) found with a total of 0 attC site(s)
INFO     : - 0 In0 element(s) found with a total of 0 attC site
INFO     : Writing out results for replicon GCFGGDDM_17
INFO     : ############ Processing replicon GCFGGDDM_18 (18/50) ############

INFO     : Starting Default search ... :
INFO     : Default search done... : 
INFO     : In replicon GCFGGDDM_18, there are:
INFO     : - 0 complete integron(s) found with a total 0 attC site(s)
INFO     : - 0 CALIN element(s) found with a total of 0 attC site(s)
INFO     : - 0 In0 element(s) found with a total of 0 attC site
INFO     : Writing out results for replicon GCFGGDDM_18
INFO     : ############ Processing replicon GCFGGDDM_19 (19/50) ############

INFO     : Starting Default search ... :
INFO     : Default search done... : 
INFO     : In replicon GCFGGDDM_19, there are:
INFO     : - 0 complete integron(s) found with a total 0 attC site(s)
INFO     : - 0 CALIN element(s) found with a total of 0 attC site(s)
INFO     : - 0 In0 element(s) found with a total of 0 attC site
INFO     : Writing out results for replicon GCFGGDDM_19
INFO     : ############ Processing replicon GCFGGDDM_20 (20/50) ############

INFO     : Starting Default search ... :
INFO     : Default search done... : 
INFO     : In replicon GCFGGDDM_20, there are:
INFO     : - 0 complete integron(s) found with a total 0 attC site(s)
INFO     : - 0 CALIN element(s) found with a total of 0 attC site(s)
INFO     : - 0 In0 element(s) found with a total of 0 attC site
INFO     : Writing out results for replicon GCFGGDDM_20
INFO     : ############ Processing replicon GCFGGDDM_21 (21/50) ############

INFO     : Starting Default search ... :
INFO     : Default search done... : 
INFO     : In replicon GCFGGDDM_21, there are:
INFO     : - 0 complete integron(s) found with a total 0 attC site(s)
INFO     : - 0 CALIN element(s) found with a total of 0 attC site(s)
INFO     : - 0 In0 element(s) found with a total of 0 attC site
INFO     : Writing out results for replicon GCFGGDDM_21
INFO     : ############ Processing replicon GCFGGDDM_22 (22/50) ############

INFO     : Starting Default search ... :
INFO     : Default search done... : 
INFO     : In replicon GCFGGDDM_22, there are:
INFO     : - 0 complete integron(s) found with a total 0 attC site(s)
INFO     : - 0 CALIN element(s) found with a total of 0 attC site(s)
INFO     : - 0 In0 element(s) found with a total of 0 attC site
INFO     : Writing out results for replicon GCFGGDDM_22
INFO     : ############ Processing replicon GCFGGDDM_23 (23/50) ############

INFO     : Starting Default search ... :
INFO     : Default search done... : 
INFO     : In replicon GCFGGDDM_23, there are:
INFO     : - 0 complete integron(s) found with a total 0 attC site(s)
INFO     : - 0 CALIN element(s) found with a total of 0 attC site(s)
INFO     : - 0 In0 element(s) found with a total of 0 attC site
INFO     : Writing out results for replicon GCFGGDDM_23
INFO     : ############ Processing replicon GCFGGDDM_24 (24/50) ############

INFO     : Starting Default search ... :
INFO     : Default search done... : 
INFO     : In replicon GCFGGDDM_24, there are:
INFO     : - 0 complete integron(s) found with a total 0 attC site(s)
INFO     : - 0 CALIN element(s) found with a total of 0 attC site(s)
INFO     : - 0 In0 element(s) found with a total of 0 attC site
INFO     : Writing out results for replicon GCFGGDDM_24
INFO     : ############ Processing replicon GCFGGDDM_25 (25/50) ############

INFO     : Starting Default search ... :
INFO     : Default search done... : 
INFO     : In replicon GCFGGDDM_25, there are:
INFO     : - 0 complete integron(s) found with a total 0 attC site(s)
INFO     : - 0 CALIN element(s) found with a total of 0 attC site(s)
INFO     : - 0 In0 element(s) found with a total of 0 attC site
INFO     : Writing out results for replicon GCFGGDDM_25
INFO     : ############ Processing replicon GCFGGDDM_26 (26/50) ############

INFO     : Starting Default search ... :
INFO     : Default search done... : 
INFO     : In replicon GCFGGDDM_26, there are:
INFO     : - 0 complete integron(s) found with a total 0 attC site(s)
INFO     : - 0 CALIN element(s) found with a total of 0 attC site(s)
INFO     : - 0 In0 element(s) found with a total of 0 attC site
INFO     : Writing out results for replicon GCFGGDDM_26
INFO     : ############ Processing replicon GCFGGDDM_27 (27/50) ############

WARNING  : The protein file: '/home/precious/etd/work/2d/020e64da8ae32df624a0f85af3a4e2/Results_Integron_Finder_SAMN04875291_contigs/tmp_GCFGGDDM_27/GCFGGDDM_27.prt' is empty cannot perform hmmsearch on it.
WARNING  : ############ Skip replicon GCFGGDDM_27 ############
INFO     : ############ Processing replicon GCFGGDDM_28 (28/50) ############

INFO     : Starting Default search ... :
INFO     : Default search done... : 
INFO     : In replicon GCFGGDDM_28, there are:
INFO     : - 0 complete integron(s) found with a total 0 attC site(s)
INFO     : - 0 CALIN element(s) found with a total of 0 attC site(s)
INFO     : - 0 In0 element(s) found with a total of 0 attC site
INFO     : Writing out results for replicon GCFGGDDM_28
INFO     : ############ Processing replicon GCFGGDDM_29 (29/50) ############

INFO     : Starting Default search ... :
INFO     : Default search done... : 
INFO     : In replicon GCFGGDDM_29, there are:
INFO     : - 0 complete integron(s) found with a total 0 attC site(s)
INFO     : - 0 CALIN element(s) found with a total of 0 attC site(s)
INFO     : - 0 In0 element(s) found with a total of 0 attC site
INFO     : Writing out results for replicon GCFGGDDM_29
INFO     : ############ Processing replicon GCFGGDDM_30 (30/50) ############

INFO     : Starting Default search ... :
INFO     : Default search done... : 
INFO     : In replicon GCFGGDDM_30, there are:
INFO     : - 0 complete integron(s) found with a total 0 attC site(s)
INFO     : - 0 CALIN element(s) found with a total of 0 attC site(s)
INFO     : - 0 In0 element(s) found with a total of 0 attC site
INFO     : Writing out results for replicon GCFGGDDM_30
INFO     : ############ Processing replicon GCFGGDDM_31 (31/50) ############

INFO     : Starting Default search ... :
INFO     : Default search done... : 
INFO     : In replicon GCFGGDDM_31, there are:
INFO     : - 0 complete integron(s) found with a total 0 attC site(s)
INFO     : - 0 CALIN element(s) found with a total of 0 attC site(s)
INFO     : - 0 In0 element(s) found with a total of 0 attC site
INFO     : Writing out results for replicon GCFGGDDM_31
INFO     : ############ Processing replicon GCFGGDDM_32 (32/50) ############

INFO     : Starting Default search ... :
INFO     : Default search done... : 
INFO     : In replicon GCFGGDDM_32, there are:
INFO     : - 0 complete integron(s) found with a total 0 attC site(s)
INFO     : - 0 CALIN element(s) found with a total of 0 attC site(s)
INFO     : - 0 In0 element(s) found with a total of 0 attC site
INFO     : Writing out results for replicon GCFGGDDM_32
INFO     : ############ Processing replicon GCFGGDDM_33 (33/50) ############

WARNING  : The protein file: '/home/precious/etd/work/2d/020e64da8ae32df624a0f85af3a4e2/Results_Integron_Finder_SAMN04875291_contigs/tmp_GCFGGDDM_33/GCFGGDDM_33.prt' is empty cannot perform hmmsearch on it.
WARNING  : ############ Skip replicon GCFGGDDM_33 ############
INFO     : ############ Processing replicon GCFGGDDM_34 (34/50) ############

INFO     : Starting Default search ... :
INFO     : Default search done... : 
INFO     : In replicon GCFGGDDM_34, there are:
INFO     : - 0 complete integron(s) found with a total 0 attC site(s)
INFO     : - 0 CALIN element(s) found with a total of 0 attC site(s)
INFO     : - 0 In0 element(s) found with a total of 0 attC site
INFO     : Writing out results for replicon GCFGGDDM_34
INFO     : ############ Processing replicon GCFGGDDM_35 (35/50) ############

INFO     : Starting Default search ... :
INFO     : Default search done... : 
INFO     : In replicon GCFGGDDM_35, there are:
INFO     : - 0 complete integron(s) found with a total 0 attC site(s)
INFO     : - 0 CALIN element(s) found with a total of 0 attC site(s)
INFO     : - 0 In0 element(s) found with a total of 0 attC site
INFO     : Writing out results for replicon GCFGGDDM_35
INFO     : ############ Processing replicon GCFGGDDM_36 (36/50) ############

INFO     : Starting Default search ... :
INFO     : Default search done... : 
INFO     : In replicon GCFGGDDM_36, there are:
INFO     : - 0 complete integron(s) found with a total 0 attC site(s)
INFO     : - 0 CALIN element(s) found with a total of 0 attC site(s)
INFO     : - 0 In0 element(s) found with a total of 0 attC site
INFO     : Writing out results for replicon GCFGGDDM_36
INFO     : ############ Processing replicon GCFGGDDM_37 (37/50) ############

INFO     : Starting Default search ... :
INFO     : Default search done... : 
INFO     : In replicon GCFGGDDM_37, there are:
INFO     : - 0 complete integron(s) found with a total 0 attC site(s)
INFO     : - 0 CALIN element(s) found with a total of 0 attC site(s)
INFO     : - 0 In0 element(s) found with a total of 0 attC site
INFO     : Writing out results for replicon GCFGGDDM_37
INFO     : ############ Processing replicon GCFGGDDM_38 (38/50) ############

WARNING  : The protein file: '/home/precious/etd/work/2d/020e64da8ae32df624a0f85af3a4e2/Results_Integron_Finder_SAMN04875291_contigs/tmp_GCFGGDDM_38/GCFGGDDM_38.prt' is empty cannot perform hmmsearch on it.
WARNING  : ############ Skip replicon GCFGGDDM_38 ############
INFO     : ############ Processing replicon GCFGGDDM_39 (39/50) ############

WARNING  : The protein file: '/home/precious/etd/work/2d/020e64da8ae32df624a0f85af3a4e2/Results_Integron_Finder_SAMN04875291_contigs/tmp_GCFGGDDM_39/GCFGGDDM_39.prt' is empty cannot perform hmmsearch on it.
WARNING  : ############ Skip replicon GCFGGDDM_39 ############
INFO     : ############ Processing replicon GCFGGDDM_40 (40/50) ############

INFO     : Starting Default search ... :
INFO     : Default search done... : 
INFO     : In replicon GCFGGDDM_40, there are:
INFO     : - 0 complete integron(s) found with a total 0 attC site(s)
INFO     : - 0 CALIN element(s) found with a total of 0 attC site(s)
INFO     : - 0 In0 element(s) found with a total of 0 attC site
INFO     : Writing out results for replicon GCFGGDDM_40
INFO     : ############ Processing replicon GCFGGDDM_41 (41/50) ############

INFO     : Starting Default search ... :
INFO     : Default search done... : 
INFO     : In replicon GCFGGDDM_41, there are:
INFO     : - 0 complete integron(s) found with a total 0 attC site(s)
INFO     : - 0 CALIN element(s) found with a total of 0 attC site(s)
INFO     : - 0 In0 element(s) found with a total of 0 attC site
INFO     : Writing out results for replicon GCFGGDDM_41
INFO     : ############ Processing replicon GCFGGDDM_42 (42/50) ############

INFO     : Starting Default search ... :
INFO     : Default search done... : 
INFO     : In replicon GCFGGDDM_42, there are:
INFO     : - 0 complete integron(s) found with a total 0 attC site(s)
INFO     : - 0 CALIN element(s) found with a total of 0 attC site(s)
INFO     : - 0 In0 element(s) found with a total of 0 attC site
INFO     : Writing out results for replicon GCFGGDDM_42
INFO     : ############ Processing replicon GCFGGDDM_43 (43/50) ############

INFO     : Starting Default search ... :
INFO     : Default search done... : 
INFO     : In replicon GCFGGDDM_43, there are:
INFO     : - 0 complete integron(s) found with a total 0 attC site(s)
INFO     : - 0 CALIN element(s) found with a total of 0 attC site(s)
INFO     : - 0 In0 element(s) found with a total of 0 attC site
INFO     : Writing out results for replicon GCFGGDDM_43
INFO     : ############ Processing replicon GCFGGDDM_44 (44/50) ############

WARNING  : The protein file: '/home/precious/etd/work/2d/020e64da8ae32df624a0f85af3a4e2/Results_Integron_Finder_SAMN04875291_contigs/tmp_GCFGGDDM_44/GCFGGDDM_44.prt' is empty cannot perform hmmsearch on it.
WARNING  : ############ Skip replicon GCFGGDDM_44 ############
INFO     : ############ Processing replicon GCFGGDDM_45 (45/50) ############

INFO     : Starting Default search ... :
INFO     : Default search done... : 
INFO     : In replicon GCFGGDDM_45, there are:
INFO     : - 0 complete integron(s) found with a total 0 attC site(s)
INFO     : - 0 CALIN element(s) found with a total of 0 attC site(s)
INFO     : - 0 In0 element(s) found with a total of 0 attC site
INFO     : Writing out results for replicon GCFGGDDM_45
INFO     : ############ Processing replicon GCFGGDDM_46 (46/50) ############

INFO     : Starting Default search ... :
INFO     : Default search done... : 
INFO     : In replicon GCFGGDDM_46, there are:
INFO     : - 0 complete integron(s) found with a total 0 attC site(s)
INFO     : - 0 CALIN element(s) found with a total of 0 attC site(s)
INFO     : - 0 In0 element(s) found with a total of 0 attC site
INFO     : Writing out results for replicon GCFGGDDM_46
INFO     : ############ Processing replicon GCFGGDDM_47 (47/50) ############

WARNING  : The protein file: '/home/precious/etd/work/2d/020e64da8ae32df624a0f85af3a4e2/Results_Integron_Finder_SAMN04875291_contigs/tmp_GCFGGDDM_47/GCFGGDDM_47.prt' is empty cannot perform hmmsearch on it.
WARNING  : ############ Skip replicon GCFGGDDM_47 ############
INFO     : ############ Processing replicon GCFGGDDM_48 (48/50) ############

INFO     : Starting Default search ... :
INFO     : Default search done... : 
INFO     : In replicon GCFGGDDM_48, there are:
INFO     : - 0 complete integron(s) found with a total 0 attC site(s)
INFO     : - 0 CALIN element(s) found with a total of 0 attC site(s)
INFO     : - 0 In0 element(s) found with a total of 0 attC site
INFO     : Writing out results for replicon GCFGGDDM_48
INFO     : ############ Processing replicon GCFGGDDM_49 (49/50) ############

INFO     : Starting Default search ... :
INFO     : Default search done... : 
INFO     : In replicon GCFGGDDM_49, there are:
INFO     : - 0 complete integron(s) found with a total 0 attC site(s)
INFO     : - 0 CALIN element(s) found with a total of 0 attC site(s)
INFO     : - 0 In0 element(s) found with a total of 0 attC site
INFO     : Writing out results for replicon GCFGGDDM_49
INFO     : ############ Processing replicon GCFGGDDM_50 (50/50) ############

WARNING  : The protein file: '/home/precious/etd/work/2d/020e64da8ae32df624a0f85af3a4e2/Results_Integron_Finder_SAMN04875291_contigs/tmp_GCFGGDDM_50/GCFGGDDM_50.prt' is empty cannot perform hmmsearch on it.
WARNING  : ############ Skip replicon GCFGGDDM_50 ############
INFO     : Merging integrons results.

