
**************************************************************************
 ___       _                               _____ _           _
|_ _|_ __ | |_ ___  __ _ _ __ ___  _ __   |  ___(_)_ __   __| | ___ _ __
 | || '_ \| __/ _ \/ _` | '__/ _ \| '_ \  | |_  | | '_ \ / _` |/ _ \ '__|
 | || | | | ||  __/ (_| | | | (_) | | | | |  _| | | | | | (_| |  __/ |
|___|_| |_|\__\___|\__, |_|  \___/|_| |_| |_|   |_|_| |_|\__,_|\___|_|
                   |___/

**************************************************************************

integron_finder version 2.0.5 
Using:
 - Python 3.12.3 | packaged by conda-forge | (main, Apr 15 2024, 18:38:13) [GCC 12.3.0]
 - numpy 1.26.4
 - pandas 2.2.2
 - matplolib 3.8.4
 - biopython 1.83

 - Prodigal V2.6.3: February, 2016
 - INFERNAL 1.1.4 (Dec 2020)
 - HMMER 3.3.2 (Nov 2020); http://hmmer.org/

Authors:
 - Jean Cury, Bertrand Neron, Eduardo Rocha,

Citation:

 Néron, B.; Littner, E.; Haudiquet, M.; Perrin, A.; Cury, J.; Rocha, E.P.C. 
 IntegronFinder 2.0: Identification and Analysis of Integrons across Bacteria, with a Focus on Antibiotic Resistance in Klebsiella. 
 Microorganisms 2022, 10, 700. https://doi.org/10.3390/microorganisms10040700

 If you use --func-annot in conjunction with file NCBIfam-AMRFinder.hmm please also cite

 Haft, DH et al., Nucleic Acids Res. 2018 Jan 4;46(D1):D851-D860
 PMID: 29112715
 

                     =======================

integron_finder is free software: you can redistribute it and/or modify
it under the terms of the GNU General Public License as published by
the Free Software Foundation, either version 3 of the License, or
(at your option) any later version.

integron_finder is distributed in the hope that it will be useful,
but WITHOUT ANY WARRANTY; without even the implied warranty of
MERCHANTABILITY or FITNESS FOR A PARTICULAR PURPOSE. See the
GNU General Public License for more details.

You should have received a copy of the GNU General Public License
along with this program (COPYING file).
If not, see <http://www.gnu.org/licenses/>.

                     =======================

command used: integron_finder --cpu 2 SAMN04875293.fa

                     =======================

[0m
INFO     : ############ Processing replicon SAMN04875293.contig00001 (1/54) ############

INFO     : Starting Default search ... :
INFO     : Default search done... : 
INFO     : In replicon SAMN04875293.contig00001, there are:
INFO     : - 0 complete integron(s) found with a total 0 attC site(s)
INFO     : - 0 CALIN element(s) found with a total of 0 attC site(s)
INFO     : - 0 In0 element(s) found with a total of 0 attC site
INFO     : Writing out results for replicon SAMN04875293.contig00001
INFO     : ############ Processing replicon SAMN04875293.contig00002 (2/54) ############

INFO     : Starting Default search ... :
INFO     : Default search done... : 
INFO     : In replicon SAMN04875293.contig00002, there are:
INFO     : - 0 complete integron(s) found with a total 0 attC site(s)
INFO     : - 0 CALIN element(s) found with a total of 0 attC site(s)
INFO     : - 0 In0 element(s) found with a total of 0 attC site
INFO     : Writing out results for replicon SAMN04875293.contig00002
INFO     : ############ Processing replicon SAMN04875293.contig00003 (3/54) ############

INFO     : Starting Default search ... :
INFO     : Default search done... : 
INFO     : In replicon SAMN04875293.contig00003, there are:
INFO     : - 0 complete integron(s) found with a total 0 attC site(s)
INFO     : - 0 CALIN element(s) found with a total of 0 attC site(s)
INFO     : - 0 In0 element(s) found with a total of 0 attC site
INFO     : Writing out results for replicon SAMN04875293.contig00003
INFO     : ############ Processing replicon SAMN04875293.contig00004 (4/54) ############

INFO     : Starting Default search ... :
INFO     : Default search done... : 
INFO     : In replicon SAMN04875293.contig00004, there are:
INFO     : - 0 complete integron(s) found with a total 0 attC site(s)
INFO     : - 0 CALIN element(s) found with a total of 0 attC site(s)
INFO     : - 0 In0 element(s) found with a total of 0 attC site
INFO     : Writing out results for replicon SAMN04875293.contig00004
INFO     : ############ Processing replicon SAMN04875293.contig00005 (5/54) ############

INFO     : Starting Default search ... :
INFO     : Default search done... : 
INFO     : In replicon SAMN04875293.contig00005, there are:
INFO     : - 0 complete integron(s) found with a total 0 attC site(s)
INFO     : - 0 CALIN element(s) found with a total of 0 attC site(s)
INFO     : - 0 In0 element(s) found with a total of 0 attC site
INFO     : Writing out results for replicon SAMN04875293.contig00005
INFO     : ############ Processing replicon SAMN04875293.contig00006 (6/54) ############

INFO     : Starting Default search ... :
INFO     : Default search done... : 
INFO     : In replicon SAMN04875293.contig00006, there are:
INFO     : - 0 complete integron(s) found with a total 0 attC site(s)
INFO     : - 0 CALIN element(s) found with a total of 0 attC site(s)
INFO     : - 0 In0 element(s) found with a total of 0 attC site
INFO     : Writing out results for replicon SAMN04875293.contig00006
INFO     : ############ Processing replicon SAMN04875293.contig00007 (7/54) ############

INFO     : Starting Default search ... :
INFO     : Default search done... : 
INFO     : In replicon SAMN04875293.contig00007, there are:
INFO     : - 0 complete integron(s) found with a total 0 attC site(s)
INFO     : - 0 CALIN element(s) found with a total of 0 attC site(s)
INFO     : - 0 In0 element(s) found with a total of 0 attC site
INFO     : Writing out results for replicon SAMN04875293.contig00007
INFO     : ############ Processing replicon SAMN04875293.contig00008 (8/54) ############

INFO     : Starting Default search ... :
INFO     : Default search done... : 
INFO     : In replicon SAMN04875293.contig00008, there are:
INFO     : - 0 complete integron(s) found with a total 0 attC site(s)
INFO     : - 0 CALIN element(s) found with a total of 0 attC site(s)
INFO     : - 0 In0 element(s) found with a total of 0 attC site
INFO     : Writing out results for replicon SAMN04875293.contig00008
INFO     : ############ Processing replicon SAMN04875293.contig00009 (9/54) ############

INFO     : Starting Default search ... :
INFO     : Default search done... : 
INFO     : In replicon SAMN04875293.contig00009, there are:
INFO     : - 0 complete integron(s) found with a total 0 attC site(s)
INFO     : - 0 CALIN element(s) found with a total of 0 attC site(s)
INFO     : - 0 In0 element(s) found with a total of 0 attC site
INFO     : Writing out results for replicon SAMN04875293.contig00009
INFO     : ############ Processing replicon SAMN04875293.contig00010 (10/54) ############

INFO     : Starting Default search ... :
INFO     : Default search done... : 
INFO     : In replicon SAMN04875293.contig00010, there are:
INFO     : - 0 complete integron(s) found with a total 0 attC site(s)
INFO     : - 0 CALIN element(s) found with a total of 0 attC site(s)
INFO     : - 0 In0 element(s) found with a total of 0 attC site
INFO     : Writing out results for replicon SAMN04875293.contig00010
INFO     : ############ Processing replicon SAMN04875293.contig00011 (11/54) ############

INFO     : Starting Default search ... :
INFO     : Default search done... : 
INFO     : In replicon SAMN04875293.contig00011, there are:
INFO     : - 0 complete integron(s) found with a total 0 attC site(s)
INFO     : - 0 CALIN element(s) found with a total of 0 attC site(s)
INFO     : - 0 In0 element(s) found with a total of 0 attC site
INFO     : Writing out results for replicon SAMN04875293.contig00011
INFO     : ############ Processing replicon SAMN04875293.contig00012 (12/54) ############

INFO     : Starting Default search ... :
INFO     : Default search done... : 
INFO     : In replicon SAMN04875293.contig00012, there are:
INFO     : - 0 complete integron(s) found with a total 0 attC site(s)
INFO     : - 0 CALIN element(s) found with a total of 0 attC site(s)
INFO     : - 0 In0 element(s) found with a total of 0 attC site
INFO     : Writing out results for replicon SAMN04875293.contig00012
INFO     : ############ Processing replicon SAMN04875293.contig00013 (13/54) ############

INFO     : Starting Default search ... :
INFO     : Default search done... : 
INFO     : In replicon SAMN04875293.contig00013, there are:
INFO     : - 0 complete integron(s) found with a total 0 attC site(s)
INFO     : - 0 CALIN element(s) found with a total of 0 attC site(s)
INFO     : - 0 In0 element(s) found with a total of 0 attC site
INFO     : Writing out results for replicon SAMN04875293.contig00013
INFO     : ############ Processing replicon SAMN04875293.contig00014 (14/54) ############

INFO     : Starting Default search ... :
INFO     : Default search done... : 
INFO     : In replicon SAMN04875293.contig00014, there are:
INFO     : - 0 complete integron(s) found with a total 0 attC site(s)
INFO     : - 0 CALIN element(s) found with a total of 0 attC site(s)
INFO     : - 0 In0 element(s) found with a total of 0 attC site
INFO     : Writing out results for replicon SAMN04875293.contig00014
INFO     : ############ Processing replicon SAMN04875293.contig00015 (15/54) ############

INFO     : Starting Default search ... :
INFO     : Default search done... : 
INFO     : In replicon SAMN04875293.contig00015, there are:
INFO     : - 0 complete integron(s) found with a total 0 attC site(s)
INFO     : - 0 CALIN element(s) found with a total of 0 attC site(s)
INFO     : - 0 In0 element(s) found with a total of 0 attC site
INFO     : Writing out results for replicon SAMN04875293.contig00015
INFO     : ############ Processing replicon SAMN04875293.contig00016 (16/54) ############

INFO     : Starting Default search ... :
INFO     : Default search done... : 
INFO     : In replicon SAMN04875293.contig00016, there are:
INFO     : - 0 complete integron(s) found with a total 0 attC site(s)
INFO     : - 0 CALIN element(s) found with a total of 0 attC site(s)
INFO     : - 0 In0 element(s) found with a total of 0 attC site
INFO     : Writing out results for replicon SAMN04875293.contig00016
INFO     : ############ Processing replicon SAMN04875293.contig00017 (17/54) ############

INFO     : Starting Default search ... :
INFO     : Default search done... : 
INFO     : In replicon SAMN04875293.contig00017, there are:
INFO     : - 0 complete integron(s) found with a total 0 attC site(s)
INFO     : - 0 CALIN element(s) found with a total of 0 attC site(s)
INFO     : - 0 In0 element(s) found with a total of 0 attC site
INFO     : Writing out results for replicon SAMN04875293.contig00017
INFO     : ############ Processing replicon SAMN04875293.contig00018 (18/54) ############

INFO     : Starting Default search ... :
INFO     : Default search done... : 
INFO     : In replicon SAMN04875293.contig00018, there are:
INFO     : - 0 complete integron(s) found with a total 0 attC site(s)
INFO     : - 0 CALIN element(s) found with a total of 0 attC site(s)
INFO     : - 0 In0 element(s) found with a total of 0 attC site
INFO     : Writing out results for replicon SAMN04875293.contig00018
INFO     : ############ Processing replicon SAMN04875293.contig00019 (19/54) ############

INFO     : Starting Default search ... :
INFO     : Default search done... : 
INFO     : In replicon SAMN04875293.contig00019, there are:
INFO     : - 0 complete integron(s) found with a total 0 attC site(s)
INFO     : - 0 CALIN element(s) found with a total of 0 attC site(s)
INFO     : - 0 In0 element(s) found with a total of 0 attC site
INFO     : Writing out results for replicon SAMN04875293.contig00019
INFO     : ############ Processing replicon SAMN04875293.contig00020 (20/54) ############

INFO     : Starting Default search ... :
INFO     : Default search done... : 
INFO     : In replicon SAMN04875293.contig00020, there are:
INFO     : - 0 complete integron(s) found with a total 0 attC site(s)
INFO     : - 0 CALIN element(s) found with a total of 0 attC site(s)
INFO     : - 0 In0 element(s) found with a total of 0 attC site
INFO     : Writing out results for replicon SAMN04875293.contig00020
INFO     : ############ Processing replicon SAMN04875293.contig00021 (21/54) ############

INFO     : Starting Default search ... :
INFO     : Default search done... : 
INFO     : In replicon SAMN04875293.contig00021, there are:
INFO     : - 0 complete integron(s) found with a total 0 attC site(s)
INFO     : - 0 CALIN element(s) found with a total of 0 attC site(s)
INFO     : - 0 In0 element(s) found with a total of 0 attC site
INFO     : Writing out results for replicon SAMN04875293.contig00021
INFO     : ############ Processing replicon SAMN04875293.contig00022 (22/54) ############

INFO     : Starting Default search ... :
INFO     : Default search done... : 
INFO     : In replicon SAMN04875293.contig00022, there are:
INFO     : - 0 complete integron(s) found with a total 0 attC site(s)
INFO     : - 0 CALIN element(s) found with a total of 0 attC site(s)
INFO     : - 0 In0 element(s) found with a total of 0 attC site
INFO     : Writing out results for replicon SAMN04875293.contig00022
INFO     : ############ Processing replicon SAMN04875293.contig00023 (23/54) ############

INFO     : Starting Default search ... :
INFO     : Default search done... : 
INFO     : In replicon SAMN04875293.contig00023, there are:
INFO     : - 0 complete integron(s) found with a total 0 attC site(s)
INFO     : - 0 CALIN element(s) found with a total of 0 attC site(s)
INFO     : - 0 In0 element(s) found with a total of 0 attC site
INFO     : Writing out results for replicon SAMN04875293.contig00023
INFO     : ############ Processing replicon SAMN04875293.contig00024 (24/54) ############

INFO     : Starting Default search ... :
INFO     : Default search done... : 
INFO     : In replicon SAMN04875293.contig00024, there are:
INFO     : - 0 complete integron(s) found with a total 0 attC site(s)
INFO     : - 0 CALIN element(s) found with a total of 0 attC site(s)
INFO     : - 0 In0 element(s) found with a total of 0 attC site
INFO     : Writing out results for replicon SAMN04875293.contig00024
INFO     : ############ Processing replicon SAMN04875293.contig00025 (25/54) ############

INFO     : Starting Default search ... :
INFO     : Default search done... : 
INFO     : In replicon SAMN04875293.contig00025, there are:
INFO     : - 0 complete integron(s) found with a total 0 attC site(s)
INFO     : - 0 CALIN element(s) found with a total of 0 attC site(s)
INFO     : - 0 In0 element(s) found with a total of 0 attC site
INFO     : Writing out results for replicon SAMN04875293.contig00025
INFO     : ############ Processing replicon SAMN04875293.contig00026 (26/54) ############

INFO     : Starting Default search ... :
INFO     : Default search done... : 
INFO     : In replicon SAMN04875293.contig00026, there are:
INFO     : - 0 complete integron(s) found with a total 0 attC site(s)
INFO     : - 0 CALIN element(s) found with a total of 0 attC site(s)
INFO     : - 0 In0 element(s) found with a total of 0 attC site
INFO     : Writing out results for replicon SAMN04875293.contig00026
INFO     : ############ Processing replicon SAMN04875293.contig00027 (27/54) ############

INFO     : Starting Default search ... :
INFO     : Default search done... : 
INFO     : In replicon SAMN04875293.contig00027, there are:
INFO     : - 0 complete integron(s) found with a total 0 attC site(s)
INFO     : - 0 CALIN element(s) found with a total of 0 attC site(s)
INFO     : - 0 In0 element(s) found with a total of 0 attC site
INFO     : Writing out results for replicon SAMN04875293.contig00027
INFO     : ############ Processing replicon SAMN04875293.contig00028 (28/54) ############

INFO     : Starting Default search ... :
INFO     : Default search done... : 
INFO     : In replicon SAMN04875293.contig00028, there are:
INFO     : - 0 complete integron(s) found with a total 0 attC site(s)
INFO     : - 0 CALIN element(s) found with a total of 0 attC site(s)
INFO     : - 0 In0 element(s) found with a total of 0 attC site
INFO     : Writing out results for replicon SAMN04875293.contig00028
INFO     : ############ Processing replicon SAMN04875293.contig00029 (29/54) ############

INFO     : Starting Default search ... :
INFO     : Default search done... : 
INFO     : In replicon SAMN04875293.contig00029, there are:
INFO     : - 0 complete integron(s) found with a total 0 attC site(s)
INFO     : - 0 CALIN element(s) found with a total of 0 attC site(s)
INFO     : - 0 In0 element(s) found with a total of 0 attC site
INFO     : Writing out results for replicon SAMN04875293.contig00029
INFO     : ############ Processing replicon SAMN04875293.contig00030 (30/54) ############

WARNING  : The protein file: '/home/precious/nf-core-etd/work/f8/52b5603d1dab6cde8983bd4c114c27/Results_Integron_Finder_SAMN04875293/tmp_SAMN04875293.contig00030/SAMN04875293.contig00030.prt' is empty cannot perform hmmsearch on it.
WARNING  : ############ Skip replicon SAMN04875293.contig00030 ############
INFO     : ############ Processing replicon SAMN04875293.contig00031 (31/54) ############

INFO     : Starting Default search ... :
INFO     : Default search done... : 
INFO     : In replicon SAMN04875293.contig00031, there are:
INFO     : - 0 complete integron(s) found with a total 0 attC site(s)
INFO     : - 0 CALIN element(s) found with a total of 0 attC site(s)
INFO     : - 0 In0 element(s) found with a total of 0 attC site
INFO     : Writing out results for replicon SAMN04875293.contig00031
INFO     : ############ Processing replicon SAMN04875293.contig00032 (32/54) ############

INFO     : Starting Default search ... :
INFO     : Default search done... : 
INFO     : In replicon SAMN04875293.contig00032, there are:
INFO     : - 0 complete integron(s) found with a total 0 attC site(s)
INFO     : - 0 CALIN element(s) found with a total of 0 attC site(s)
INFO     : - 0 In0 element(s) found with a total of 0 attC site
INFO     : Writing out results for replicon SAMN04875293.contig00032
INFO     : ############ Processing replicon SAMN04875293.contig00033 (33/54) ############

WARNING  : The protein file: '/home/precious/nf-core-etd/work/f8/52b5603d1dab6cde8983bd4c114c27/Results_Integron_Finder_SAMN04875293/tmp_SAMN04875293.contig00033/SAMN04875293.contig00033.prt' is empty cannot perform hmmsearch on it.
WARNING  : ############ Skip replicon SAMN04875293.contig00033 ############
INFO     : ############ Processing replicon SAMN04875293.contig00034 (34/54) ############

INFO     : Starting Default search ... :
INFO     : Default search done... : 
INFO     : In replicon SAMN04875293.contig00034, there are:
INFO     : - 0 complete integron(s) found with a total 0 attC site(s)
INFO     : - 0 CALIN element(s) found with a total of 0 attC site(s)
INFO     : - 0 In0 element(s) found with a total of 0 attC site
INFO     : Writing out results for replicon SAMN04875293.contig00034
INFO     : ############ Processing replicon SAMN04875293.contig00035 (35/54) ############

INFO     : Starting Default search ... :
INFO     : Default search done... : 
INFO     : In replicon SAMN04875293.contig00035, there are:
INFO     : - 0 complete integron(s) found with a total 0 attC site(s)
INFO     : - 0 CALIN element(s) found with a total of 0 attC site(s)
INFO     : - 0 In0 element(s) found with a total of 0 attC site
INFO     : Writing out results for replicon SAMN04875293.contig00035
INFO     : ############ Processing replicon SAMN04875293.contig00036 (36/54) ############

INFO     : Starting Default search ... :
INFO     : Default search done... : 
INFO     : In replicon SAMN04875293.contig00036, there are:
INFO     : - 0 complete integron(s) found with a total 0 attC site(s)
INFO     : - 0 CALIN element(s) found with a total of 0 attC site(s)
INFO     : - 0 In0 element(s) found with a total of 0 attC site
INFO     : Writing out results for replicon SAMN04875293.contig00036
INFO     : ############ Processing replicon SAMN04875293.contig00037 (37/54) ############

INFO     : Starting Default search ... :
INFO     : Default search done... : 
INFO     : In replicon SAMN04875293.contig00037, there are:
INFO     : - 0 complete integron(s) found with a total 0 attC site(s)
INFO     : - 0 CALIN element(s) found with a total of 0 attC site(s)
INFO     : - 0 In0 element(s) found with a total of 0 attC site
INFO     : Writing out results for replicon SAMN04875293.contig00037
INFO     : ############ Processing replicon SAMN04875293.contig00038 (38/54) ############

INFO     : Starting Default search ... :
INFO     : Default search done... : 
INFO     : In replicon SAMN04875293.contig00038, there are:
INFO     : - 0 complete integron(s) found with a total 0 attC site(s)
INFO     : - 0 CALIN element(s) found with a total of 0 attC site(s)
INFO     : - 0 In0 element(s) found with a total of 0 attC site
INFO     : Writing out results for replicon SAMN04875293.contig00038
INFO     : ############ Processing replicon SAMN04875293.contig00039 (39/54) ############

WARNING  : The protein file: '/home/precious/nf-core-etd/work/f8/52b5603d1dab6cde8983bd4c114c27/Results_Integron_Finder_SAMN04875293/tmp_SAMN04875293.contig00039/SAMN04875293.contig00039.prt' is empty cannot perform hmmsearch on it.
WARNING  : ############ Skip replicon SAMN04875293.contig00039 ############
INFO     : ############ Processing replicon SAMN04875293.contig00040 (40/54) ############

INFO     : Starting Default search ... :
INFO     : Default search done... : 
INFO     : In replicon SAMN04875293.contig00040, there are:
INFO     : - 0 complete integron(s) found with a total 0 attC site(s)
INFO     : - 0 CALIN element(s) found with a total of 0 attC site(s)
INFO     : - 0 In0 element(s) found with a total of 0 attC site
INFO     : Writing out results for replicon SAMN04875293.contig00040
INFO     : ############ Processing replicon SAMN04875293.contig00041 (41/54) ############

INFO     : Starting Default search ... :
INFO     : Default search done... : 
INFO     : In replicon SAMN04875293.contig00041, there are:
INFO     : - 0 complete integron(s) found with a total 0 attC site(s)
INFO     : - 0 CALIN element(s) found with a total of 0 attC site(s)
INFO     : - 0 In0 element(s) found with a total of 0 attC site
INFO     : Writing out results for replicon SAMN04875293.contig00041
INFO     : ############ Processing replicon SAMN04875293.contig00042 (42/54) ############

INFO     : Starting Default search ... :
INFO     : Default search done... : 
INFO     : In replicon SAMN04875293.contig00042, there are:
INFO     : - 0 complete integron(s) found with a total 0 attC site(s)
INFO     : - 0 CALIN element(s) found with a total of 0 attC site(s)
INFO     : - 0 In0 element(s) found with a total of 0 attC site
INFO     : Writing out results for replicon SAMN04875293.contig00042
INFO     : ############ Processing replicon SAMN04875293.contig00043 (43/54) ############

INFO     : Starting Default search ... :
INFO     : Default search done... : 
INFO     : In replicon SAMN04875293.contig00043, there are:
INFO     : - 0 complete integron(s) found with a total 0 attC site(s)
INFO     : - 0 CALIN element(s) found with a total of 0 attC site(s)
INFO     : - 0 In0 element(s) found with a total of 0 attC site
INFO     : Writing out results for replicon SAMN04875293.contig00043
INFO     : ############ Processing replicon SAMN04875293.contig00044 (44/54) ############

INFO     : Starting Default search ... :
INFO     : Default search done... : 
INFO     : In replicon SAMN04875293.contig00044, there are:
INFO     : - 0 complete integron(s) found with a total 0 attC site(s)
INFO     : - 0 CALIN element(s) found with a total of 0 attC site(s)
INFO     : - 0 In0 element(s) found with a total of 0 attC site
INFO     : Writing out results for replicon SAMN04875293.contig00044
INFO     : ############ Processing replicon SAMN04875293.contig00045 (45/54) ############

WARNING  : The protein file: '/home/precious/nf-core-etd/work/f8/52b5603d1dab6cde8983bd4c114c27/Results_Integron_Finder_SAMN04875293/tmp_SAMN04875293.contig00045/SAMN04875293.contig00045.prt' is empty cannot perform hmmsearch on it.
WARNING  : ############ Skip replicon SAMN04875293.contig00045 ############
INFO     : ############ Processing replicon SAMN04875293.contig00046 (46/54) ############

WARNING  : The protein file: '/home/precious/nf-core-etd/work/f8/52b5603d1dab6cde8983bd4c114c27/Results_Integron_Finder_SAMN04875293/tmp_SAMN04875293.contig00046/SAMN04875293.contig00046.prt' is empty cannot perform hmmsearch on it.
WARNING  : ############ Skip replicon SAMN04875293.contig00046 ############
INFO     : ############ Processing replicon SAMN04875293.contig00047 (47/54) ############

INFO     : Starting Default search ... :
INFO     : Default search done... : 
INFO     : In replicon SAMN04875293.contig00047, there are:
INFO     : - 0 complete integron(s) found with a total 0 attC site(s)
INFO     : - 0 CALIN element(s) found with a total of 0 attC site(s)
INFO     : - 0 In0 element(s) found with a total of 0 attC site
INFO     : Writing out results for replicon SAMN04875293.contig00047
INFO     : ############ Processing replicon SAMN04875293.contig00048 (48/54) ############

INFO     : Starting Default search ... :
INFO     : Default search done... : 
INFO     : In replicon SAMN04875293.contig00048, there are:
INFO     : - 0 complete integron(s) found with a total 0 attC site(s)
INFO     : - 0 CALIN element(s) found with a total of 0 attC site(s)
INFO     : - 0 In0 element(s) found with a total of 0 attC site
INFO     : Writing out results for replicon SAMN04875293.contig00048
INFO     : ############ Processing replicon SAMN04875293.contig00049 (49/54) ############

INFO     : Starting Default search ... :
INFO     : Default search done... : 
INFO     : In replicon SAMN04875293.contig00049, there are:
INFO     : - 0 complete integron(s) found with a total 0 attC site(s)
INFO     : - 0 CALIN element(s) found with a total of 0 attC site(s)
INFO     : - 0 In0 element(s) found with a total of 0 attC site
INFO     : Writing out results for replicon SAMN04875293.contig00049
INFO     : ############ Processing replicon SAMN04875293.contig00050 (50/54) ############

INFO     : Starting Default search ... :
INFO     : Default search done... : 
INFO     : In replicon SAMN04875293.contig00050, there are:
INFO     : - 0 complete integron(s) found with a total 0 attC site(s)
INFO     : - 0 CALIN element(s) found with a total of 0 attC site(s)
INFO     : - 0 In0 element(s) found with a total of 0 attC site
INFO     : Writing out results for replicon SAMN04875293.contig00050
INFO     : ############ Processing replicon SAMN04875293.contig00051 (51/54) ############

WARNING  : The protein file: '/home/precious/nf-core-etd/work/f8/52b5603d1dab6cde8983bd4c114c27/Results_Integron_Finder_SAMN04875293/tmp_SAMN04875293.contig00051/SAMN04875293.contig00051.prt' is empty cannot perform hmmsearch on it.
WARNING  : ############ Skip replicon SAMN04875293.contig00051 ############
INFO     : ############ Processing replicon SAMN04875293.contig00052 (52/54) ############

INFO     : Starting Default search ... :
INFO     : Default search done... : 
INFO     : In replicon SAMN04875293.contig00052, there are:
INFO     : - 0 complete integron(s) found with a total 0 attC site(s)
INFO     : - 0 CALIN element(s) found with a total of 0 attC site(s)
INFO     : - 0 In0 element(s) found with a total of 0 attC site
INFO     : Writing out results for replicon SAMN04875293.contig00052
INFO     : ############ Processing replicon SAMN04875293.contig00053 (53/54) ############

INFO     : Starting Default search ... :
INFO     : Default search done... : 
INFO     : In replicon SAMN04875293.contig00053, there are:
INFO     : - 0 complete integron(s) found with a total 0 attC site(s)
INFO     : - 0 CALIN element(s) found with a total of 0 attC site(s)
INFO     : - 0 In0 element(s) found with a total of 0 attC site
INFO     : Writing out results for replicon SAMN04875293.contig00053
INFO     : ############ Processing replicon SAMN04875293.contig00054 (54/54) ############

WARNING  : The protein file: '/home/precious/nf-core-etd/work/f8/52b5603d1dab6cde8983bd4c114c27/Results_Integron_Finder_SAMN04875293/tmp_SAMN04875293.contig00054/SAMN04875293.contig00054.prt' is empty cannot perform hmmsearch on it.
WARNING  : ############ Skip replicon SAMN04875293.contig00054 ############
INFO     : Merging integrons results.

