
**************************************************************************
 ___       _                               _____ _           _
|_ _|_ __ | |_ ___  __ _ _ __ ___  _ __   |  ___(_)_ __   __| | ___ _ __
 | || '_ \| __/ _ \/ _` | '__/ _ \| '_ \  | |_  | | '_ \ / _` |/ _ \ '__|
 | || | | | ||  __/ (_| | | | (_) | | | | |  _| | | | | | (_| |  __/ |
|___|_| |_|\__\___|\__, |_|  \___/|_| |_| |_|   |_|_| |_|\__,_|\___|_|
                   |___/

**************************************************************************

integron_finder version 2.0.5 
Using:
 - Python 3.12.3 | packaged by conda-forge | (main, Apr 15 2024, 18:38:13) [GCC 12.3.0]
 - numpy 1.26.4
 - pandas 2.2.2
 - matplolib 3.8.4
 - biopython 1.83

 - Prodigal V2.6.3: February, 2016
 - INFERNAL 1.1.4 (Dec 2020)
 - HMMER 3.3.2 (Nov 2020); http://hmmer.org/

Authors:
 - Jean Cury, Bertrand Neron, Eduardo Rocha,

Citation:

 Néron, B.; Littner, E.; Haudiquet, M.; Perrin, A.; Cury, J.; Rocha, E.P.C. 
 IntegronFinder 2.0: Identification and Analysis of Integrons across Bacteria, with a Focus on Antibiotic Resistance in Klebsiella. 
 Microorganisms 2022, 10, 700. https://doi.org/10.3390/microorganisms10040700

 If you use --func-annot in conjunction with file NCBIfam-AMRFinder.hmm please also cite

 Haft, DH et al., Nucleic Acids Res. 2018 Jan 4;46(D1):D851-D860
 PMID: 29112715
 

                     =======================

integron_finder is free software: you can redistribute it and/or modify
it under the terms of the GNU General Public License as published by
the Free Software Foundation, either version 3 of the License, or
(at your option) any later version.

integron_finder is distributed in the hope that it will be useful,
but WITHOUT ANY WARRANTY; without even the implied warranty of
MERCHANTABILITY or FITNESS FOR A PARTICULAR PURPOSE. See the
GNU General Public License for more details.

You should have received a copy of the GNU General Public License
along with this program (COPYING file).
If not, see <http://www.gnu.org/licenses/>.

                     =======================

command used: integron_finder --cpu 2 SAMN04875294_contigs.fasta

                     =======================

[0m
INFO     : ############ Processing replicon JOGNMEOM_1 (1/52) ############

INFO     : Starting Default search ... :
INFO     : Default search done... : 
INFO     : In replicon JOGNMEOM_1, there are:
INFO     : - 0 complete integron(s) found with a total 0 attC site(s)
INFO     : - 0 CALIN element(s) found with a total of 0 attC site(s)
INFO     : - 0 In0 element(s) found with a total of 0 attC site
INFO     : Writing out results for replicon JOGNMEOM_1
INFO     : ############ Processing replicon JOGNMEOM_2 (2/52) ############

INFO     : Starting Default search ... :
INFO     : Default search done... : 
INFO     : In replicon JOGNMEOM_2, there are:
INFO     : - 0 complete integron(s) found with a total 0 attC site(s)
INFO     : - 0 CALIN element(s) found with a total of 0 attC site(s)
INFO     : - 0 In0 element(s) found with a total of 0 attC site
INFO     : Writing out results for replicon JOGNMEOM_2
INFO     : ############ Processing replicon JOGNMEOM_3 (3/52) ############

INFO     : Starting Default search ... :
INFO     : Default search done... : 
INFO     : In replicon JOGNMEOM_3, there are:
INFO     : - 0 complete integron(s) found with a total 0 attC site(s)
INFO     : - 0 CALIN element(s) found with a total of 0 attC site(s)
INFO     : - 0 In0 element(s) found with a total of 0 attC site
INFO     : Writing out results for replicon JOGNMEOM_3
INFO     : ############ Processing replicon JOGNMEOM_4 (4/52) ############

INFO     : Starting Default search ... :
INFO     : Default search done... : 
INFO     : In replicon JOGNMEOM_4, there are:
INFO     : - 0 complete integron(s) found with a total 0 attC site(s)
INFO     : - 0 CALIN element(s) found with a total of 0 attC site(s)
INFO     : - 0 In0 element(s) found with a total of 0 attC site
INFO     : Writing out results for replicon JOGNMEOM_4
INFO     : ############ Processing replicon JOGNMEOM_5 (5/52) ############

INFO     : Starting Default search ... :
INFO     : Default search done... : 
INFO     : In replicon JOGNMEOM_5, there are:
INFO     : - 0 complete integron(s) found with a total 0 attC site(s)
INFO     : - 0 CALIN element(s) found with a total of 0 attC site(s)
INFO     : - 0 In0 element(s) found with a total of 0 attC site
INFO     : Writing out results for replicon JOGNMEOM_5
INFO     : ############ Processing replicon JOGNMEOM_6 (6/52) ############

INFO     : Starting Default search ... :
INFO     : Default search done... : 
INFO     : In replicon JOGNMEOM_6, there are:
INFO     : - 0 complete integron(s) found with a total 0 attC site(s)
INFO     : - 0 CALIN element(s) found with a total of 0 attC site(s)
INFO     : - 0 In0 element(s) found with a total of 0 attC site
INFO     : Writing out results for replicon JOGNMEOM_6
INFO     : ############ Processing replicon JOGNMEOM_7 (7/52) ############

INFO     : Starting Default search ... :
INFO     : Default search done... : 
INFO     : In replicon JOGNMEOM_7, there are:
INFO     : - 0 complete integron(s) found with a total 0 attC site(s)
INFO     : - 0 CALIN element(s) found with a total of 0 attC site(s)
INFO     : - 0 In0 element(s) found with a total of 0 attC site
INFO     : Writing out results for replicon JOGNMEOM_7
INFO     : ############ Processing replicon JOGNMEOM_8 (8/52) ############

INFO     : Starting Default search ... :
INFO     : Default search done... : 
INFO     : In replicon JOGNMEOM_8, there are:
INFO     : - 0 complete integron(s) found with a total 0 attC site(s)
INFO     : - 0 CALIN element(s) found with a total of 0 attC site(s)
INFO     : - 0 In0 element(s) found with a total of 0 attC site
INFO     : Writing out results for replicon JOGNMEOM_8
INFO     : ############ Processing replicon JOGNMEOM_9 (9/52) ############

INFO     : Starting Default search ... :
INFO     : Default search done... : 
INFO     : In replicon JOGNMEOM_9, there are:
INFO     : - 0 complete integron(s) found with a total 0 attC site(s)
INFO     : - 0 CALIN element(s) found with a total of 0 attC site(s)
INFO     : - 0 In0 element(s) found with a total of 0 attC site
INFO     : Writing out results for replicon JOGNMEOM_9
INFO     : ############ Processing replicon JOGNMEOM_10 (10/52) ############

INFO     : Starting Default search ... :
INFO     : Default search done... : 
INFO     : In replicon JOGNMEOM_10, there are:
INFO     : - 0 complete integron(s) found with a total 0 attC site(s)
INFO     : - 0 CALIN element(s) found with a total of 0 attC site(s)
INFO     : - 0 In0 element(s) found with a total of 0 attC site
INFO     : Writing out results for replicon JOGNMEOM_10
INFO     : ############ Processing replicon JOGNMEOM_11 (11/52) ############

INFO     : Starting Default search ... :
INFO     : Default search done... : 
INFO     : In replicon JOGNMEOM_11, there are:
INFO     : - 0 complete integron(s) found with a total 0 attC site(s)
INFO     : - 0 CALIN element(s) found with a total of 0 attC site(s)
INFO     : - 0 In0 element(s) found with a total of 0 attC site
INFO     : Writing out results for replicon JOGNMEOM_11
INFO     : ############ Processing replicon JOGNMEOM_12 (12/52) ############

INFO     : Starting Default search ... :
INFO     : Default search done... : 
INFO     : In replicon JOGNMEOM_12, there are:
INFO     : - 0 complete integron(s) found with a total 0 attC site(s)
INFO     : - 0 CALIN element(s) found with a total of 0 attC site(s)
INFO     : - 0 In0 element(s) found with a total of 0 attC site
INFO     : Writing out results for replicon JOGNMEOM_12
INFO     : ############ Processing replicon JOGNMEOM_13 (13/52) ############

INFO     : Starting Default search ... :
INFO     : Default search done... : 
INFO     : In replicon JOGNMEOM_13, there are:
INFO     : - 0 complete integron(s) found with a total 0 attC site(s)
INFO     : - 0 CALIN element(s) found with a total of 0 attC site(s)
INFO     : - 0 In0 element(s) found with a total of 0 attC site
INFO     : Writing out results for replicon JOGNMEOM_13
INFO     : ############ Processing replicon JOGNMEOM_14 (14/52) ############

INFO     : Starting Default search ... :
INFO     : Default search done... : 
INFO     : In replicon JOGNMEOM_14, there are:
INFO     : - 0 complete integron(s) found with a total 0 attC site(s)
INFO     : - 0 CALIN element(s) found with a total of 0 attC site(s)
INFO     : - 0 In0 element(s) found with a total of 0 attC site
INFO     : Writing out results for replicon JOGNMEOM_14
INFO     : ############ Processing replicon JOGNMEOM_15 (15/52) ############

INFO     : Starting Default search ... :
INFO     : Default search done... : 
INFO     : In replicon JOGNMEOM_15, there are:
INFO     : - 0 complete integron(s) found with a total 0 attC site(s)
INFO     : - 0 CALIN element(s) found with a total of 0 attC site(s)
INFO     : - 0 In0 element(s) found with a total of 0 attC site
INFO     : Writing out results for replicon JOGNMEOM_15
INFO     : ############ Processing replicon JOGNMEOM_16 (16/52) ############

INFO     : Starting Default search ... :
INFO     : Default search done... : 
INFO     : In replicon JOGNMEOM_16, there are:
INFO     : - 0 complete integron(s) found with a total 0 attC site(s)
INFO     : - 0 CALIN element(s) found with a total of 0 attC site(s)
INFO     : - 0 In0 element(s) found with a total of 0 attC site
INFO     : Writing out results for replicon JOGNMEOM_16
INFO     : ############ Processing replicon JOGNMEOM_17 (17/52) ############

INFO     : Starting Default search ... :
INFO     : Default search done... : 
INFO     : In replicon JOGNMEOM_17, there are:
INFO     : - 0 complete integron(s) found with a total 0 attC site(s)
INFO     : - 0 CALIN element(s) found with a total of 0 attC site(s)
INFO     : - 0 In0 element(s) found with a total of 0 attC site
INFO     : Writing out results for replicon JOGNMEOM_17
INFO     : ############ Processing replicon JOGNMEOM_18 (18/52) ############

INFO     : Starting Default search ... :
INFO     : Default search done... : 
INFO     : In replicon JOGNMEOM_18, there are:
INFO     : - 0 complete integron(s) found with a total 0 attC site(s)
INFO     : - 0 CALIN element(s) found with a total of 0 attC site(s)
INFO     : - 0 In0 element(s) found with a total of 0 attC site
INFO     : Writing out results for replicon JOGNMEOM_18
INFO     : ############ Processing replicon JOGNMEOM_19 (19/52) ############

INFO     : Starting Default search ... :
INFO     : Default search done... : 
INFO     : In replicon JOGNMEOM_19, there are:
INFO     : - 0 complete integron(s) found with a total 0 attC site(s)
INFO     : - 0 CALIN element(s) found with a total of 0 attC site(s)
INFO     : - 0 In0 element(s) found with a total of 0 attC site
INFO     : Writing out results for replicon JOGNMEOM_19
INFO     : ############ Processing replicon JOGNMEOM_20 (20/52) ############

INFO     : Starting Default search ... :
INFO     : Default search done... : 
INFO     : In replicon JOGNMEOM_20, there are:
INFO     : - 0 complete integron(s) found with a total 0 attC site(s)
INFO     : - 0 CALIN element(s) found with a total of 0 attC site(s)
INFO     : - 0 In0 element(s) found with a total of 0 attC site
INFO     : Writing out results for replicon JOGNMEOM_20
INFO     : ############ Processing replicon JOGNMEOM_21 (21/52) ############

INFO     : Starting Default search ... :
INFO     : Default search done... : 
INFO     : In replicon JOGNMEOM_21, there are:
INFO     : - 0 complete integron(s) found with a total 0 attC site(s)
INFO     : - 0 CALIN element(s) found with a total of 0 attC site(s)
INFO     : - 0 In0 element(s) found with a total of 0 attC site
INFO     : Writing out results for replicon JOGNMEOM_21
INFO     : ############ Processing replicon JOGNMEOM_22 (22/52) ############

INFO     : Starting Default search ... :
INFO     : Default search done... : 
INFO     : In replicon JOGNMEOM_22, there are:
INFO     : - 0 complete integron(s) found with a total 0 attC site(s)
INFO     : - 0 CALIN element(s) found with a total of 0 attC site(s)
INFO     : - 0 In0 element(s) found with a total of 0 attC site
INFO     : Writing out results for replicon JOGNMEOM_22
INFO     : ############ Processing replicon JOGNMEOM_23 (23/52) ############

INFO     : Starting Default search ... :
INFO     : Default search done... : 
INFO     : In replicon JOGNMEOM_23, there are:
INFO     : - 0 complete integron(s) found with a total 0 attC site(s)
INFO     : - 0 CALIN element(s) found with a total of 0 attC site(s)
INFO     : - 0 In0 element(s) found with a total of 0 attC site
INFO     : Writing out results for replicon JOGNMEOM_23
INFO     : ############ Processing replicon JOGNMEOM_24 (24/52) ############

INFO     : Starting Default search ... :
INFO     : Default search done... : 
INFO     : In replicon JOGNMEOM_24, there are:
INFO     : - 0 complete integron(s) found with a total 0 attC site(s)
INFO     : - 0 CALIN element(s) found with a total of 0 attC site(s)
INFO     : - 0 In0 element(s) found with a total of 0 attC site
INFO     : Writing out results for replicon JOGNMEOM_24
INFO     : ############ Processing replicon JOGNMEOM_25 (25/52) ############

INFO     : Starting Default search ... :
INFO     : Default search done... : 
INFO     : In replicon JOGNMEOM_25, there are:
INFO     : - 0 complete integron(s) found with a total 0 attC site(s)
INFO     : - 0 CALIN element(s) found with a total of 0 attC site(s)
INFO     : - 0 In0 element(s) found with a total of 0 attC site
INFO     : Writing out results for replicon JOGNMEOM_25
INFO     : ############ Processing replicon JOGNMEOM_26 (26/52) ############

INFO     : Starting Default search ... :
INFO     : Default search done... : 
INFO     : In replicon JOGNMEOM_26, there are:
INFO     : - 0 complete integron(s) found with a total 0 attC site(s)
INFO     : - 0 CALIN element(s) found with a total of 0 attC site(s)
INFO     : - 0 In0 element(s) found with a total of 0 attC site
INFO     : Writing out results for replicon JOGNMEOM_26
INFO     : ############ Processing replicon JOGNMEOM_27 (27/52) ############

INFO     : Starting Default search ... :
INFO     : Default search done... : 
INFO     : In replicon JOGNMEOM_27, there are:
INFO     : - 0 complete integron(s) found with a total 0 attC site(s)
INFO     : - 0 CALIN element(s) found with a total of 0 attC site(s)
INFO     : - 0 In0 element(s) found with a total of 0 attC site
INFO     : Writing out results for replicon JOGNMEOM_27
INFO     : ############ Processing replicon JOGNMEOM_28 (28/52) ############

INFO     : Starting Default search ... :
INFO     : Default search done... : 
INFO     : In replicon JOGNMEOM_28, there are:
INFO     : - 0 complete integron(s) found with a total 0 attC site(s)
INFO     : - 0 CALIN element(s) found with a total of 0 attC site(s)
INFO     : - 0 In0 element(s) found with a total of 0 attC site
INFO     : Writing out results for replicon JOGNMEOM_28
INFO     : ############ Processing replicon JOGNMEOM_29 (29/52) ############

WARNING  : The protein file: '/home/precious/etd/work/43/5977767c48e5fd9b0109c30a27c812/Results_Integron_Finder_SAMN04875294_contigs/tmp_JOGNMEOM_29/JOGNMEOM_29.prt' is empty cannot perform hmmsearch on it.
WARNING  : ############ Skip replicon JOGNMEOM_29 ############
INFO     : ############ Processing replicon JOGNMEOM_30 (30/52) ############

WARNING  : The protein file: '/home/precious/etd/work/43/5977767c48e5fd9b0109c30a27c812/Results_Integron_Finder_SAMN04875294_contigs/tmp_JOGNMEOM_30/JOGNMEOM_30.prt' is empty cannot perform hmmsearch on it.
WARNING  : ############ Skip replicon JOGNMEOM_30 ############
INFO     : ############ Processing replicon JOGNMEOM_31 (31/52) ############

INFO     : Starting Default search ... :
INFO     : Default search done... : 
INFO     : In replicon JOGNMEOM_31, there are:
INFO     : - 0 complete integron(s) found with a total 0 attC site(s)
INFO     : - 0 CALIN element(s) found with a total of 0 attC site(s)
INFO     : - 0 In0 element(s) found with a total of 0 attC site
INFO     : Writing out results for replicon JOGNMEOM_31
INFO     : ############ Processing replicon JOGNMEOM_32 (32/52) ############

INFO     : Starting Default search ... :
INFO     : Default search done... : 
INFO     : In replicon JOGNMEOM_32, there are:
INFO     : - 0 complete integron(s) found with a total 0 attC site(s)
INFO     : - 0 CALIN element(s) found with a total of 0 attC site(s)
INFO     : - 0 In0 element(s) found with a total of 0 attC site
INFO     : Writing out results for replicon JOGNMEOM_32
INFO     : ############ Processing replicon JOGNMEOM_33 (33/52) ############

INFO     : Starting Default search ... :
INFO     : Default search done... : 
INFO     : In replicon JOGNMEOM_33, there are:
INFO     : - 0 complete integron(s) found with a total 0 attC site(s)
INFO     : - 0 CALIN element(s) found with a total of 0 attC site(s)
INFO     : - 0 In0 element(s) found with a total of 0 attC site
INFO     : Writing out results for replicon JOGNMEOM_33
INFO     : ############ Processing replicon JOGNMEOM_34 (34/52) ############

INFO     : Starting Default search ... :
INFO     : Default search done... : 
INFO     : In replicon JOGNMEOM_34, there are:
INFO     : - 0 complete integron(s) found with a total 0 attC site(s)
INFO     : - 0 CALIN element(s) found with a total of 0 attC site(s)
INFO     : - 0 In0 element(s) found with a total of 0 attC site
INFO     : Writing out results for replicon JOGNMEOM_34
INFO     : ############ Processing replicon JOGNMEOM_35 (35/52) ############

INFO     : Starting Default search ... :
INFO     : Default search done... : 
INFO     : In replicon JOGNMEOM_35, there are:
INFO     : - 0 complete integron(s) found with a total 0 attC site(s)
INFO     : - 0 CALIN element(s) found with a total of 0 attC site(s)
INFO     : - 0 In0 element(s) found with a total of 0 attC site
INFO     : Writing out results for replicon JOGNMEOM_35
INFO     : ############ Processing replicon JOGNMEOM_36 (36/52) ############

WARNING  : The protein file: '/home/precious/etd/work/43/5977767c48e5fd9b0109c30a27c812/Results_Integron_Finder_SAMN04875294_contigs/tmp_JOGNMEOM_36/JOGNMEOM_36.prt' is empty cannot perform hmmsearch on it.
WARNING  : ############ Skip replicon JOGNMEOM_36 ############
INFO     : ############ Processing replicon JOGNMEOM_37 (37/52) ############

INFO     : Starting Default search ... :
INFO     : Default search done... : 
INFO     : In replicon JOGNMEOM_37, there are:
INFO     : - 0 complete integron(s) found with a total 0 attC site(s)
INFO     : - 0 CALIN element(s) found with a total of 0 attC site(s)
INFO     : - 0 In0 element(s) found with a total of 0 attC site
INFO     : Writing out results for replicon JOGNMEOM_37
INFO     : ############ Processing replicon JOGNMEOM_38 (38/52) ############

INFO     : Starting Default search ... :
INFO     : Default search done... : 
INFO     : In replicon JOGNMEOM_38, there are:
INFO     : - 0 complete integron(s) found with a total 0 attC site(s)
INFO     : - 0 CALIN element(s) found with a total of 0 attC site(s)
INFO     : - 0 In0 element(s) found with a total of 0 attC site
INFO     : Writing out results for replicon JOGNMEOM_38
INFO     : ############ Processing replicon JOGNMEOM_39 (39/52) ############

INFO     : Starting Default search ... :
INFO     : Default search done... : 
INFO     : In replicon JOGNMEOM_39, there are:
INFO     : - 0 complete integron(s) found with a total 0 attC site(s)
INFO     : - 0 CALIN element(s) found with a total of 0 attC site(s)
INFO     : - 0 In0 element(s) found with a total of 0 attC site
INFO     : Writing out results for replicon JOGNMEOM_39
INFO     : ############ Processing replicon JOGNMEOM_40 (40/52) ############

INFO     : Starting Default search ... :
INFO     : Default search done... : 
INFO     : In replicon JOGNMEOM_40, there are:
INFO     : - 0 complete integron(s) found with a total 0 attC site(s)
INFO     : - 0 CALIN element(s) found with a total of 0 attC site(s)
INFO     : - 0 In0 element(s) found with a total of 0 attC site
INFO     : Writing out results for replicon JOGNMEOM_40
INFO     : ############ Processing replicon JOGNMEOM_41 (41/52) ############

INFO     : Starting Default search ... :
INFO     : Default search done... : 
INFO     : In replicon JOGNMEOM_41, there are:
INFO     : - 0 complete integron(s) found with a total 0 attC site(s)
INFO     : - 0 CALIN element(s) found with a total of 0 attC site(s)
INFO     : - 0 In0 element(s) found with a total of 0 attC site
INFO     : Writing out results for replicon JOGNMEOM_41
INFO     : ############ Processing replicon JOGNMEOM_42 (42/52) ############

INFO     : Starting Default search ... :
INFO     : Default search done... : 
INFO     : In replicon JOGNMEOM_42, there are:
INFO     : - 0 complete integron(s) found with a total 0 attC site(s)
INFO     : - 0 CALIN element(s) found with a total of 0 attC site(s)
INFO     : - 0 In0 element(s) found with a total of 0 attC site
INFO     : Writing out results for replicon JOGNMEOM_42
INFO     : ############ Processing replicon JOGNMEOM_43 (43/52) ############

WARNING  : The protein file: '/home/precious/etd/work/43/5977767c48e5fd9b0109c30a27c812/Results_Integron_Finder_SAMN04875294_contigs/tmp_JOGNMEOM_43/JOGNMEOM_43.prt' is empty cannot perform hmmsearch on it.
WARNING  : ############ Skip replicon JOGNMEOM_43 ############
INFO     : ############ Processing replicon JOGNMEOM_44 (44/52) ############

INFO     : Starting Default search ... :
INFO     : Default search done... : 
INFO     : In replicon JOGNMEOM_44, there are:
INFO     : - 0 complete integron(s) found with a total 0 attC site(s)
INFO     : - 0 CALIN element(s) found with a total of 0 attC site(s)
INFO     : - 0 In0 element(s) found with a total of 0 attC site
INFO     : Writing out results for replicon JOGNMEOM_44
INFO     : ############ Processing replicon JOGNMEOM_45 (45/52) ############

INFO     : Starting Default search ... :
INFO     : Default search done... : 
INFO     : In replicon JOGNMEOM_45, there are:
INFO     : - 0 complete integron(s) found with a total 0 attC site(s)
INFO     : - 0 CALIN element(s) found with a total of 0 attC site(s)
INFO     : - 0 In0 element(s) found with a total of 0 attC site
INFO     : Writing out results for replicon JOGNMEOM_45
INFO     : ############ Processing replicon JOGNMEOM_46 (46/52) ############

INFO     : Starting Default search ... :
INFO     : Default search done... : 
INFO     : In replicon JOGNMEOM_46, there are:
INFO     : - 0 complete integron(s) found with a total 0 attC site(s)
INFO     : - 0 CALIN element(s) found with a total of 0 attC site(s)
INFO     : - 0 In0 element(s) found with a total of 0 attC site
INFO     : Writing out results for replicon JOGNMEOM_46
INFO     : ############ Processing replicon JOGNMEOM_47 (47/52) ############

INFO     : Starting Default search ... :
INFO     : Default search done... : 
INFO     : In replicon JOGNMEOM_47, there are:
INFO     : - 0 complete integron(s) found with a total 0 attC site(s)
INFO     : - 0 CALIN element(s) found with a total of 0 attC site(s)
INFO     : - 0 In0 element(s) found with a total of 0 attC site
INFO     : Writing out results for replicon JOGNMEOM_47
INFO     : ############ Processing replicon JOGNMEOM_48 (48/52) ############

WARNING  : The protein file: '/home/precious/etd/work/43/5977767c48e5fd9b0109c30a27c812/Results_Integron_Finder_SAMN04875294_contigs/tmp_JOGNMEOM_48/JOGNMEOM_48.prt' is empty cannot perform hmmsearch on it.
WARNING  : ############ Skip replicon JOGNMEOM_48 ############
INFO     : ############ Processing replicon JOGNMEOM_49 (49/52) ############

INFO     : Starting Default search ... :
INFO     : Default search done... : 
INFO     : In replicon JOGNMEOM_49, there are:
INFO     : - 0 complete integron(s) found with a total 0 attC site(s)
INFO     : - 0 CALIN element(s) found with a total of 0 attC site(s)
INFO     : - 0 In0 element(s) found with a total of 0 attC site
INFO     : Writing out results for replicon JOGNMEOM_49
INFO     : ############ Processing replicon JOGNMEOM_50 (50/52) ############

INFO     : Starting Default search ... :
INFO     : Default search done... : 
INFO     : In replicon JOGNMEOM_50, there are:
INFO     : - 0 complete integron(s) found with a total 0 attC site(s)
INFO     : - 0 CALIN element(s) found with a total of 0 attC site(s)
INFO     : - 0 In0 element(s) found with a total of 0 attC site
INFO     : Writing out results for replicon JOGNMEOM_50
INFO     : ############ Processing replicon JOGNMEOM_51 (51/52) ############

WARNING  : The protein file: '/home/precious/etd/work/43/5977767c48e5fd9b0109c30a27c812/Results_Integron_Finder_SAMN04875294_contigs/tmp_JOGNMEOM_51/JOGNMEOM_51.prt' is empty cannot perform hmmsearch on it.
WARNING  : ############ Skip replicon JOGNMEOM_51 ############
INFO     : ############ Processing replicon JOGNMEOM_52 (52/52) ############

WARNING  : The protein file: '/home/precious/etd/work/43/5977767c48e5fd9b0109c30a27c812/Results_Integron_Finder_SAMN04875294_contigs/tmp_JOGNMEOM_52/JOGNMEOM_52.prt' is empty cannot perform hmmsearch on it.
WARNING  : ############ Skip replicon JOGNMEOM_52 ############
INFO     : Merging integrons results.

