
**************************************************************************
 ___       _                               _____ _           _
|_ _|_ __ | |_ ___  __ _ _ __ ___  _ __   |  ___(_)_ __   __| | ___ _ __
 | || '_ \| __/ _ \/ _` | '__/ _ \| '_ \  | |_  | | '_ \ / _` |/ _ \ '__|
 | || | | | ||  __/ (_| | | | (_) | | | | |  _| | | | | | (_| |  __/ |
|___|_| |_|\__\___|\__, |_|  \___/|_| |_| |_|   |_|_| |_|\__,_|\___|_|
                   |___/

**************************************************************************

integron_finder version 2.0.5 
Using:
 - Python 3.12.3 | packaged by conda-forge | (main, Apr 15 2024, 18:38:13) [GCC 12.3.0]
 - numpy 1.26.4
 - pandas 2.2.2
 - matplolib 3.8.4
 - biopython 1.83

 - Prodigal V2.6.3: February, 2016
 - INFERNAL 1.1.4 (Dec 2020)
 - HMMER 3.3.2 (Nov 2020); http://hmmer.org/

Authors:
 - Jean Cury, Bertrand Neron, Eduardo Rocha,

Citation:

 Néron, B.; Littner, E.; Haudiquet, M.; Perrin, A.; Cury, J.; Rocha, E.P.C. 
 IntegronFinder 2.0: Identification and Analysis of Integrons across Bacteria, with a Focus on Antibiotic Resistance in Klebsiella. 
 Microorganisms 2022, 10, 700. https://doi.org/10.3390/microorganisms10040700

 If you use --func-annot in conjunction with file NCBIfam-AMRFinder.hmm please also cite

 Haft, DH et al., Nucleic Acids Res. 2018 Jan 4;46(D1):D851-D860
 PMID: 29112715
 

                     =======================

integron_finder is free software: you can redistribute it and/or modify
it under the terms of the GNU General Public License as published by
the Free Software Foundation, either version 3 of the License, or
(at your option) any later version.

integron_finder is distributed in the hope that it will be useful,
but WITHOUT ANY WARRANTY; without even the implied warranty of
MERCHANTABILITY or FITNESS FOR A PARTICULAR PURPOSE. See the
GNU General Public License for more details.

You should have received a copy of the GNU General Public License
along with this program (COPYING file).
If not, see <http://www.gnu.org/licenses/>.

                     =======================

command used: integron_finder --cpu 2 SAMN04875295_contigs.fasta

                     =======================

[0m
INFO     : ############ Processing replicon PFFFBGGF_1 (1/54) ############

INFO     : Starting Default search ... :
INFO     : Default search done... : 
INFO     : In replicon PFFFBGGF_1, there are:
INFO     : - 0 complete integron(s) found with a total 0 attC site(s)
INFO     : - 0 CALIN element(s) found with a total of 0 attC site(s)
INFO     : - 0 In0 element(s) found with a total of 0 attC site
INFO     : Writing out results for replicon PFFFBGGF_1
INFO     : ############ Processing replicon PFFFBGGF_2 (2/54) ############

INFO     : Starting Default search ... :
INFO     : Default search done... : 
INFO     : In replicon PFFFBGGF_2, there are:
INFO     : - 0 complete integron(s) found with a total 0 attC site(s)
INFO     : - 0 CALIN element(s) found with a total of 0 attC site(s)
INFO     : - 0 In0 element(s) found with a total of 0 attC site
INFO     : Writing out results for replicon PFFFBGGF_2
INFO     : ############ Processing replicon PFFFBGGF_3 (3/54) ############

INFO     : Starting Default search ... :
INFO     : Default search done... : 
INFO     : In replicon PFFFBGGF_3, there are:
INFO     : - 0 complete integron(s) found with a total 0 attC site(s)
INFO     : - 0 CALIN element(s) found with a total of 0 attC site(s)
INFO     : - 0 In0 element(s) found with a total of 0 attC site
INFO     : Writing out results for replicon PFFFBGGF_3
INFO     : ############ Processing replicon PFFFBGGF_4 (4/54) ############

INFO     : Starting Default search ... :
INFO     : Default search done... : 
INFO     : In replicon PFFFBGGF_4, there are:
INFO     : - 0 complete integron(s) found with a total 0 attC site(s)
INFO     : - 0 CALIN element(s) found with a total of 0 attC site(s)
INFO     : - 0 In0 element(s) found with a total of 0 attC site
INFO     : Writing out results for replicon PFFFBGGF_4
INFO     : ############ Processing replicon PFFFBGGF_5 (5/54) ############

INFO     : Starting Default search ... :
INFO     : Default search done... : 
INFO     : In replicon PFFFBGGF_5, there are:
INFO     : - 0 complete integron(s) found with a total 0 attC site(s)
INFO     : - 0 CALIN element(s) found with a total of 0 attC site(s)
INFO     : - 0 In0 element(s) found with a total of 0 attC site
INFO     : Writing out results for replicon PFFFBGGF_5
INFO     : ############ Processing replicon PFFFBGGF_6 (6/54) ############

INFO     : Starting Default search ... :
INFO     : Default search done... : 
INFO     : In replicon PFFFBGGF_6, there are:
INFO     : - 0 complete integron(s) found with a total 0 attC site(s)
INFO     : - 0 CALIN element(s) found with a total of 0 attC site(s)
INFO     : - 0 In0 element(s) found with a total of 0 attC site
INFO     : Writing out results for replicon PFFFBGGF_6
INFO     : ############ Processing replicon PFFFBGGF_7 (7/54) ############

INFO     : Starting Default search ... :
INFO     : Default search done... : 
INFO     : In replicon PFFFBGGF_7, there are:
INFO     : - 0 complete integron(s) found with a total 0 attC site(s)
INFO     : - 0 CALIN element(s) found with a total of 0 attC site(s)
INFO     : - 0 In0 element(s) found with a total of 0 attC site
INFO     : Writing out results for replicon PFFFBGGF_7
INFO     : ############ Processing replicon PFFFBGGF_8 (8/54) ############

INFO     : Starting Default search ... :
INFO     : Default search done... : 
INFO     : In replicon PFFFBGGF_8, there are:
INFO     : - 0 complete integron(s) found with a total 0 attC site(s)
INFO     : - 0 CALIN element(s) found with a total of 0 attC site(s)
INFO     : - 0 In0 element(s) found with a total of 0 attC site
INFO     : Writing out results for replicon PFFFBGGF_8
INFO     : ############ Processing replicon PFFFBGGF_9 (9/54) ############

INFO     : Starting Default search ... :
INFO     : Default search done... : 
INFO     : In replicon PFFFBGGF_9, there are:
INFO     : - 0 complete integron(s) found with a total 0 attC site(s)
INFO     : - 0 CALIN element(s) found with a total of 0 attC site(s)
INFO     : - 0 In0 element(s) found with a total of 0 attC site
INFO     : Writing out results for replicon PFFFBGGF_9
INFO     : ############ Processing replicon PFFFBGGF_10 (10/54) ############

INFO     : Starting Default search ... :
INFO     : Default search done... : 
INFO     : In replicon PFFFBGGF_10, there are:
INFO     : - 0 complete integron(s) found with a total 0 attC site(s)
INFO     : - 0 CALIN element(s) found with a total of 0 attC site(s)
INFO     : - 0 In0 element(s) found with a total of 0 attC site
INFO     : Writing out results for replicon PFFFBGGF_10
INFO     : ############ Processing replicon PFFFBGGF_11 (11/54) ############

INFO     : Starting Default search ... :
INFO     : Default search done... : 
INFO     : In replicon PFFFBGGF_11, there are:
INFO     : - 0 complete integron(s) found with a total 0 attC site(s)
INFO     : - 0 CALIN element(s) found with a total of 0 attC site(s)
INFO     : - 0 In0 element(s) found with a total of 0 attC site
INFO     : Writing out results for replicon PFFFBGGF_11
INFO     : ############ Processing replicon PFFFBGGF_12 (12/54) ############

INFO     : Starting Default search ... :
INFO     : Default search done... : 
INFO     : In replicon PFFFBGGF_12, there are:
INFO     : - 0 complete integron(s) found with a total 0 attC site(s)
INFO     : - 0 CALIN element(s) found with a total of 0 attC site(s)
INFO     : - 0 In0 element(s) found with a total of 0 attC site
INFO     : Writing out results for replicon PFFFBGGF_12
INFO     : ############ Processing replicon PFFFBGGF_13 (13/54) ############

INFO     : Starting Default search ... :
INFO     : Default search done... : 
INFO     : In replicon PFFFBGGF_13, there are:
INFO     : - 0 complete integron(s) found with a total 0 attC site(s)
INFO     : - 0 CALIN element(s) found with a total of 0 attC site(s)
INFO     : - 0 In0 element(s) found with a total of 0 attC site
INFO     : Writing out results for replicon PFFFBGGF_13
INFO     : ############ Processing replicon PFFFBGGF_14 (14/54) ############

INFO     : Starting Default search ... :
INFO     : Default search done... : 
INFO     : In replicon PFFFBGGF_14, there are:
INFO     : - 0 complete integron(s) found with a total 0 attC site(s)
INFO     : - 0 CALIN element(s) found with a total of 0 attC site(s)
INFO     : - 0 In0 element(s) found with a total of 0 attC site
INFO     : Writing out results for replicon PFFFBGGF_14
INFO     : ############ Processing replicon PFFFBGGF_15 (15/54) ############

INFO     : Starting Default search ... :
INFO     : Default search done... : 
INFO     : In replicon PFFFBGGF_15, there are:
INFO     : - 0 complete integron(s) found with a total 0 attC site(s)
INFO     : - 0 CALIN element(s) found with a total of 0 attC site(s)
INFO     : - 0 In0 element(s) found with a total of 0 attC site
INFO     : Writing out results for replicon PFFFBGGF_15
INFO     : ############ Processing replicon PFFFBGGF_16 (16/54) ############

INFO     : Starting Default search ... :
INFO     : Default search done... : 
INFO     : In replicon PFFFBGGF_16, there are:
INFO     : - 0 complete integron(s) found with a total 0 attC site(s)
INFO     : - 0 CALIN element(s) found with a total of 0 attC site(s)
INFO     : - 0 In0 element(s) found with a total of 0 attC site
INFO     : Writing out results for replicon PFFFBGGF_16
INFO     : ############ Processing replicon PFFFBGGF_17 (17/54) ############

INFO     : Starting Default search ... :
INFO     : Default search done... : 
INFO     : In replicon PFFFBGGF_17, there are:
INFO     : - 0 complete integron(s) found with a total 0 attC site(s)
INFO     : - 0 CALIN element(s) found with a total of 0 attC site(s)
INFO     : - 0 In0 element(s) found with a total of 0 attC site
INFO     : Writing out results for replicon PFFFBGGF_17
INFO     : ############ Processing replicon PFFFBGGF_18 (18/54) ############

INFO     : Starting Default search ... :
INFO     : Default search done... : 
INFO     : In replicon PFFFBGGF_18, there are:
INFO     : - 0 complete integron(s) found with a total 0 attC site(s)
INFO     : - 0 CALIN element(s) found with a total of 0 attC site(s)
INFO     : - 0 In0 element(s) found with a total of 0 attC site
INFO     : Writing out results for replicon PFFFBGGF_18
INFO     : ############ Processing replicon PFFFBGGF_19 (19/54) ############

INFO     : Starting Default search ... :
INFO     : Default search done... : 
INFO     : In replicon PFFFBGGF_19, there are:
INFO     : - 0 complete integron(s) found with a total 0 attC site(s)
INFO     : - 0 CALIN element(s) found with a total of 0 attC site(s)
INFO     : - 0 In0 element(s) found with a total of 0 attC site
INFO     : Writing out results for replicon PFFFBGGF_19
INFO     : ############ Processing replicon PFFFBGGF_20 (20/54) ############

INFO     : Starting Default search ... :
INFO     : Default search done... : 
INFO     : In replicon PFFFBGGF_20, there are:
INFO     : - 0 complete integron(s) found with a total 0 attC site(s)
INFO     : - 0 CALIN element(s) found with a total of 0 attC site(s)
INFO     : - 0 In0 element(s) found with a total of 0 attC site
INFO     : Writing out results for replicon PFFFBGGF_20
INFO     : ############ Processing replicon PFFFBGGF_21 (21/54) ############

INFO     : Starting Default search ... :
INFO     : Default search done... : 
INFO     : In replicon PFFFBGGF_21, there are:
INFO     : - 0 complete integron(s) found with a total 0 attC site(s)
INFO     : - 0 CALIN element(s) found with a total of 0 attC site(s)
INFO     : - 0 In0 element(s) found with a total of 0 attC site
INFO     : Writing out results for replicon PFFFBGGF_21
INFO     : ############ Processing replicon PFFFBGGF_22 (22/54) ############

INFO     : Starting Default search ... :
INFO     : Default search done... : 
INFO     : In replicon PFFFBGGF_22, there are:
INFO     : - 0 complete integron(s) found with a total 0 attC site(s)
INFO     : - 0 CALIN element(s) found with a total of 0 attC site(s)
INFO     : - 0 In0 element(s) found with a total of 0 attC site
INFO     : Writing out results for replicon PFFFBGGF_22
INFO     : ############ Processing replicon PFFFBGGF_23 (23/54) ############

INFO     : Starting Default search ... :
INFO     : Default search done... : 
INFO     : In replicon PFFFBGGF_23, there are:
INFO     : - 0 complete integron(s) found with a total 0 attC site(s)
INFO     : - 0 CALIN element(s) found with a total of 0 attC site(s)
INFO     : - 0 In0 element(s) found with a total of 0 attC site
INFO     : Writing out results for replicon PFFFBGGF_23
INFO     : ############ Processing replicon PFFFBGGF_24 (24/54) ############

INFO     : Starting Default search ... :
INFO     : Default search done... : 
INFO     : In replicon PFFFBGGF_24, there are:
INFO     : - 0 complete integron(s) found with a total 0 attC site(s)
INFO     : - 0 CALIN element(s) found with a total of 0 attC site(s)
INFO     : - 0 In0 element(s) found with a total of 0 attC site
INFO     : Writing out results for replicon PFFFBGGF_24
INFO     : ############ Processing replicon PFFFBGGF_25 (25/54) ############

INFO     : Starting Default search ... :
INFO     : Default search done... : 
INFO     : In replicon PFFFBGGF_25, there are:
INFO     : - 0 complete integron(s) found with a total 0 attC site(s)
INFO     : - 0 CALIN element(s) found with a total of 0 attC site(s)
INFO     : - 0 In0 element(s) found with a total of 0 attC site
INFO     : Writing out results for replicon PFFFBGGF_25
INFO     : ############ Processing replicon PFFFBGGF_26 (26/54) ############

INFO     : Starting Default search ... :
INFO     : Default search done... : 
INFO     : In replicon PFFFBGGF_26, there are:
INFO     : - 0 complete integron(s) found with a total 0 attC site(s)
INFO     : - 0 CALIN element(s) found with a total of 0 attC site(s)
INFO     : - 0 In0 element(s) found with a total of 0 attC site
INFO     : Writing out results for replicon PFFFBGGF_26
INFO     : ############ Processing replicon PFFFBGGF_27 (27/54) ############

INFO     : Starting Default search ... :
INFO     : Default search done... : 
INFO     : In replicon PFFFBGGF_27, there are:
INFO     : - 0 complete integron(s) found with a total 0 attC site(s)
INFO     : - 0 CALIN element(s) found with a total of 0 attC site(s)
INFO     : - 0 In0 element(s) found with a total of 0 attC site
INFO     : Writing out results for replicon PFFFBGGF_27
INFO     : ############ Processing replicon PFFFBGGF_28 (28/54) ############

INFO     : Starting Default search ... :
INFO     : Default search done... : 
INFO     : In replicon PFFFBGGF_28, there are:
INFO     : - 0 complete integron(s) found with a total 0 attC site(s)
INFO     : - 0 CALIN element(s) found with a total of 0 attC site(s)
INFO     : - 0 In0 element(s) found with a total of 0 attC site
INFO     : Writing out results for replicon PFFFBGGF_28
INFO     : ############ Processing replicon PFFFBGGF_29 (29/54) ############

WARNING  : The protein file: '/home/precious/nf-core-etd/work/a3/ef57eb74233a7de95047a58bf8e55e/Results_Integron_Finder_SAMN04875295_contigs/tmp_PFFFBGGF_29/PFFFBGGF_29.prt' is empty cannot perform hmmsearch on it.
WARNING  : ############ Skip replicon PFFFBGGF_29 ############
INFO     : ############ Processing replicon PFFFBGGF_30 (30/54) ############

INFO     : Starting Default search ... :
INFO     : Default search done... : 
INFO     : In replicon PFFFBGGF_30, there are:
INFO     : - 0 complete integron(s) found with a total 0 attC site(s)
INFO     : - 0 CALIN element(s) found with a total of 0 attC site(s)
INFO     : - 0 In0 element(s) found with a total of 0 attC site
INFO     : Writing out results for replicon PFFFBGGF_30
INFO     : ############ Processing replicon PFFFBGGF_31 (31/54) ############

INFO     : Starting Default search ... :
INFO     : Default search done... : 
INFO     : In replicon PFFFBGGF_31, there are:
INFO     : - 0 complete integron(s) found with a total 0 attC site(s)
INFO     : - 0 CALIN element(s) found with a total of 0 attC site(s)
INFO     : - 0 In0 element(s) found with a total of 0 attC site
INFO     : Writing out results for replicon PFFFBGGF_31
INFO     : ############ Processing replicon PFFFBGGF_32 (32/54) ############

INFO     : Starting Default search ... :
INFO     : Default search done... : 
INFO     : In replicon PFFFBGGF_32, there are:
INFO     : - 0 complete integron(s) found with a total 0 attC site(s)
INFO     : - 0 CALIN element(s) found with a total of 0 attC site(s)
INFO     : - 0 In0 element(s) found with a total of 0 attC site
INFO     : Writing out results for replicon PFFFBGGF_32
INFO     : ############ Processing replicon PFFFBGGF_33 (33/54) ############

INFO     : Starting Default search ... :
INFO     : Default search done... : 
INFO     : In replicon PFFFBGGF_33, there are:
INFO     : - 0 complete integron(s) found with a total 0 attC site(s)
INFO     : - 0 CALIN element(s) found with a total of 0 attC site(s)
INFO     : - 0 In0 element(s) found with a total of 0 attC site
INFO     : Writing out results for replicon PFFFBGGF_33
INFO     : ############ Processing replicon PFFFBGGF_34 (34/54) ############

INFO     : Starting Default search ... :
INFO     : Default search done... : 
INFO     : In replicon PFFFBGGF_34, there are:
INFO     : - 0 complete integron(s) found with a total 0 attC site(s)
INFO     : - 0 CALIN element(s) found with a total of 0 attC site(s)
INFO     : - 0 In0 element(s) found with a total of 0 attC site
INFO     : Writing out results for replicon PFFFBGGF_34
INFO     : ############ Processing replicon PFFFBGGF_35 (35/54) ############

INFO     : Starting Default search ... :
INFO     : Default search done... : 
INFO     : In replicon PFFFBGGF_35, there are:
INFO     : - 0 complete integron(s) found with a total 0 attC site(s)
INFO     : - 0 CALIN element(s) found with a total of 0 attC site(s)
INFO     : - 0 In0 element(s) found with a total of 0 attC site
INFO     : Writing out results for replicon PFFFBGGF_35
INFO     : ############ Processing replicon PFFFBGGF_36 (36/54) ############

INFO     : Starting Default search ... :
INFO     : Default search done... : 
INFO     : In replicon PFFFBGGF_36, there are:
INFO     : - 0 complete integron(s) found with a total 0 attC site(s)
INFO     : - 0 CALIN element(s) found with a total of 0 attC site(s)
INFO     : - 0 In0 element(s) found with a total of 0 attC site
INFO     : Writing out results for replicon PFFFBGGF_36
INFO     : ############ Processing replicon PFFFBGGF_37 (37/54) ############

INFO     : Starting Default search ... :
INFO     : Default search done... : 
INFO     : In replicon PFFFBGGF_37, there are:
INFO     : - 0 complete integron(s) found with a total 0 attC site(s)
INFO     : - 0 CALIN element(s) found with a total of 0 attC site(s)
INFO     : - 0 In0 element(s) found with a total of 0 attC site
INFO     : Writing out results for replicon PFFFBGGF_37
INFO     : ############ Processing replicon PFFFBGGF_38 (38/54) ############

INFO     : Starting Default search ... :
INFO     : Default search done... : 
INFO     : In replicon PFFFBGGF_38, there are:
INFO     : - 0 complete integron(s) found with a total 0 attC site(s)
INFO     : - 0 CALIN element(s) found with a total of 0 attC site(s)
INFO     : - 0 In0 element(s) found with a total of 0 attC site
INFO     : Writing out results for replicon PFFFBGGF_38
INFO     : ############ Processing replicon PFFFBGGF_39 (39/54) ############

INFO     : Starting Default search ... :
INFO     : Default search done... : 
INFO     : In replicon PFFFBGGF_39, there are:
INFO     : - 0 complete integron(s) found with a total 0 attC site(s)
INFO     : - 0 CALIN element(s) found with a total of 0 attC site(s)
INFO     : - 0 In0 element(s) found with a total of 0 attC site
INFO     : Writing out results for replicon PFFFBGGF_39
INFO     : ############ Processing replicon PFFFBGGF_40 (40/54) ############

INFO     : Starting Default search ... :
INFO     : Default search done... : 
INFO     : In replicon PFFFBGGF_40, there are:
INFO     : - 0 complete integron(s) found with a total 0 attC site(s)
INFO     : - 0 CALIN element(s) found with a total of 0 attC site(s)
INFO     : - 0 In0 element(s) found with a total of 0 attC site
INFO     : Writing out results for replicon PFFFBGGF_40
INFO     : ############ Processing replicon PFFFBGGF_41 (41/54) ############

WARNING  : The protein file: '/home/precious/nf-core-etd/work/a3/ef57eb74233a7de95047a58bf8e55e/Results_Integron_Finder_SAMN04875295_contigs/tmp_PFFFBGGF_41/PFFFBGGF_41.prt' is empty cannot perform hmmsearch on it.
WARNING  : ############ Skip replicon PFFFBGGF_41 ############
INFO     : ############ Processing replicon PFFFBGGF_42 (42/54) ############

INFO     : Starting Default search ... :
INFO     : Default search done... : 
INFO     : In replicon PFFFBGGF_42, there are:
INFO     : - 0 complete integron(s) found with a total 0 attC site(s)
INFO     : - 0 CALIN element(s) found with a total of 0 attC site(s)
INFO     : - 0 In0 element(s) found with a total of 0 attC site
INFO     : Writing out results for replicon PFFFBGGF_42
INFO     : ############ Processing replicon PFFFBGGF_43 (43/54) ############

INFO     : Starting Default search ... :
INFO     : Default search done... : 
INFO     : In replicon PFFFBGGF_43, there are:
INFO     : - 0 complete integron(s) found with a total 0 attC site(s)
INFO     : - 0 CALIN element(s) found with a total of 0 attC site(s)
INFO     : - 0 In0 element(s) found with a total of 0 attC site
INFO     : Writing out results for replicon PFFFBGGF_43
INFO     : ############ Processing replicon PFFFBGGF_44 (44/54) ############

INFO     : Starting Default search ... :
INFO     : Default search done... : 
INFO     : In replicon PFFFBGGF_44, there are:
INFO     : - 0 complete integron(s) found with a total 0 attC site(s)
INFO     : - 0 CALIN element(s) found with a total of 0 attC site(s)
INFO     : - 0 In0 element(s) found with a total of 0 attC site
INFO     : Writing out results for replicon PFFFBGGF_44
INFO     : ############ Processing replicon PFFFBGGF_45 (45/54) ############

INFO     : Starting Default search ... :
INFO     : Default search done... : 
INFO     : In replicon PFFFBGGF_45, there are:
INFO     : - 0 complete integron(s) found with a total 0 attC site(s)
INFO     : - 0 CALIN element(s) found with a total of 0 attC site(s)
INFO     : - 0 In0 element(s) found with a total of 0 attC site
INFO     : Writing out results for replicon PFFFBGGF_45
INFO     : ############ Processing replicon PFFFBGGF_46 (46/54) ############

INFO     : Starting Default search ... :
INFO     : Default search done... : 
INFO     : In replicon PFFFBGGF_46, there are:
INFO     : - 0 complete integron(s) found with a total 0 attC site(s)
INFO     : - 0 CALIN element(s) found with a total of 0 attC site(s)
INFO     : - 0 In0 element(s) found with a total of 0 attC site
INFO     : Writing out results for replicon PFFFBGGF_46
INFO     : ############ Processing replicon PFFFBGGF_47 (47/54) ############

INFO     : Starting Default search ... :
INFO     : Default search done... : 
INFO     : In replicon PFFFBGGF_47, there are:
INFO     : - 0 complete integron(s) found with a total 0 attC site(s)
INFO     : - 0 CALIN element(s) found with a total of 0 attC site(s)
INFO     : - 0 In0 element(s) found with a total of 0 attC site
INFO     : Writing out results for replicon PFFFBGGF_47
INFO     : ############ Processing replicon PFFFBGGF_48 (48/54) ############

WARNING  : The protein file: '/home/precious/nf-core-etd/work/a3/ef57eb74233a7de95047a58bf8e55e/Results_Integron_Finder_SAMN04875295_contigs/tmp_PFFFBGGF_48/PFFFBGGF_48.prt' is empty cannot perform hmmsearch on it.
WARNING  : ############ Skip replicon PFFFBGGF_48 ############
INFO     : ############ Processing replicon PFFFBGGF_49 (49/54) ############

INFO     : Starting Default search ... :
INFO     : Default search done... : 
INFO     : In replicon PFFFBGGF_49, there are:
INFO     : - 0 complete integron(s) found with a total 0 attC site(s)
INFO     : - 0 CALIN element(s) found with a total of 0 attC site(s)
INFO     : - 0 In0 element(s) found with a total of 0 attC site
INFO     : Writing out results for replicon PFFFBGGF_49
INFO     : ############ Processing replicon PFFFBGGF_50 (50/54) ############

INFO     : Starting Default search ... :
INFO     : Default search done... : 
INFO     : In replicon PFFFBGGF_50, there are:
INFO     : - 0 complete integron(s) found with a total 0 attC site(s)
INFO     : - 0 CALIN element(s) found with a total of 0 attC site(s)
INFO     : - 0 In0 element(s) found with a total of 0 attC site
INFO     : Writing out results for replicon PFFFBGGF_50
INFO     : ############ Processing replicon PFFFBGGF_51 (51/54) ############

WARNING  : The protein file: '/home/precious/nf-core-etd/work/a3/ef57eb74233a7de95047a58bf8e55e/Results_Integron_Finder_SAMN04875295_contigs/tmp_PFFFBGGF_51/PFFFBGGF_51.prt' is empty cannot perform hmmsearch on it.
WARNING  : ############ Skip replicon PFFFBGGF_51 ############
INFO     : ############ Processing replicon PFFFBGGF_52 (52/54) ############

INFO     : Starting Default search ... :
INFO     : Default search done... : 
INFO     : In replicon PFFFBGGF_52, there are:
INFO     : - 0 complete integron(s) found with a total 0 attC site(s)
INFO     : - 0 CALIN element(s) found with a total of 0 attC site(s)
INFO     : - 0 In0 element(s) found with a total of 0 attC site
INFO     : Writing out results for replicon PFFFBGGF_52
INFO     : ############ Processing replicon PFFFBGGF_53 (53/54) ############

INFO     : Starting Default search ... :
INFO     : Default search done... : 
INFO     : In replicon PFFFBGGF_53, there are:
INFO     : - 0 complete integron(s) found with a total 0 attC site(s)
INFO     : - 0 CALIN element(s) found with a total of 0 attC site(s)
INFO     : - 0 In0 element(s) found with a total of 0 attC site
INFO     : Writing out results for replicon PFFFBGGF_53
INFO     : ############ Processing replicon PFFFBGGF_54 (54/54) ############

WARNING  : The protein file: '/home/precious/nf-core-etd/work/a3/ef57eb74233a7de95047a58bf8e55e/Results_Integron_Finder_SAMN04875295_contigs/tmp_PFFFBGGF_54/PFFFBGGF_54.prt' is empty cannot perform hmmsearch on it.
WARNING  : ############ Skip replicon PFFFBGGF_54 ############
INFO     : Merging integrons results.

