2025-07-16 16:47:33 INFO     Welcome to PhiSpy.py version 4.2.21
2025-07-16 16:47:33 INFO     Starting PhiSpy.py with the following arguments
Namespace(infile='SAMN04875289.gbk', output_dir='.', make_training_data=None, training_set='data/trainSet_genericAll.txt', list=False, file_prefix='SAMN04875289_phispy_', evaluate=False, number=5, min_contig_size=5000, window_size=30, nonprophage_genegaps=10, phage_genes=1, metrics=['orf_length_med', 'shannon_slope', 'at_skew', 'gc_skew', 'max_direction'], randomforest_trees=500, expand_slope=False, kmers_type='all', phmms=None, include_annotations=True, ignore_annotations=False, color=False, threads=2, output_choice=3, include_all_repeats=False, keep_dropped_predictions=False, extra_dna=2000, min_repeat_len=10, log='./SAMN04875289_phispy_phispy.log', quiet=False, keep=False, logger=<Logger PhiSpy (Level 5)>)
2025-07-16 16:47:33 INFO     Processing 26 contigs
2025-07-16 16:47:33 INFO     Making Testing Set...
2025-07-16 16:47:36 INFO     Start Classification Algorithm...
2025-07-16 16:47:36 INFO     Using training set in data/trainSet_genericAll.txt
2025-07-16 16:47:37 INFO     Using the following metric(s): {'orf_length_med', 'at_skew', 'shannon_slope', 'max_direction', 'gc_skew'}.
2025-07-16 16:47:37 INFO     Running the random forest classifier with 500 trees and 2 threads
2025-07-16 16:48:53 INFO     Rank threshold calculated as 0.3816127292171588
2025-07-16 16:48:53 INFO     As the training flag is zero, down-weighting unknown functions
2025-07-16 16:48:53 INFO     Evaluating...
2025-07-16 16:48:53 INFO     Checking prophages we might have found
2025-07-16 16:48:53 INFO     Potential prophages (sorted highest to lowest)
2025-07-16 16:48:53 INFO     Contig	Start	Stop	Number of potential genes	Status
2025-07-16 16:48:53 INFO     FFLOIGJL_5	202220	220946	33	Dropped. No genes were identified as phage genes
2025-07-16 16:48:53 INFO     FFLOIGJL_11	55141	66114	23	Dropped. No genes were identified as phage genes
2025-07-16 16:48:53 INFO     FFLOIGJL_6	51569	52646	2	Dropped. Region too small (Not enough genes)
2025-07-16 16:48:53 INFO     FFLOIGJL_5	187843	198434	2	Dropped. Region too small (Not enough genes)
2025-07-16 16:48:53 INFO     FFLOIGJL_7	35272	35562	1	Dropped. Region too small (Not enough genes)
2025-07-16 16:48:53 INFO     FFLOIGJL_3	152130	152690	1	Dropped. Region too small (Not enough genes)
2025-07-16 16:48:53 INFO     FFLOIGJL_11	48224	49261	1	Dropped. Region too small (Not enough genes)
2025-07-16 16:48:53 INFO     FFLOIGJL_1	108928	109824	1	Dropped. Region too small (Not enough genes)
2025-07-16 16:48:53 INFO     Creating output files
2025-07-16 16:48:53 INFO     Writing GenBank output file
2025-07-16 16:48:54 INFO     Writing prophage_coordinates output file
2025-07-16 16:48:54 INFO     Done!!! Output is in . and the log is in ./SAMN04875289_phispy_phispy.log
