2025-07-16 16:53:09 INFO     Welcome to PhiSpy.py version 4.2.21
2025-07-16 16:53:09 INFO     Starting PhiSpy.py with the following arguments
Namespace(infile='SAMN04875298.gbk', output_dir='.', make_training_data=None, training_set='data/trainSet_genericAll.txt', list=False, file_prefix='SAMN04875298_phispy_', evaluate=False, number=5, min_contig_size=5000, window_size=30, nonprophage_genegaps=10, phage_genes=1, metrics=['orf_length_med', 'shannon_slope', 'at_skew', 'gc_skew', 'max_direction'], randomforest_trees=500, expand_slope=False, kmers_type='all', phmms=None, include_annotations=True, ignore_annotations=False, color=False, threads=2, output_choice=3, include_all_repeats=False, keep_dropped_predictions=False, extra_dna=2000, min_repeat_len=10, log='./SAMN04875298_phispy_phispy.log', quiet=False, keep=False, logger=<Logger PhiSpy (Level 5)>)
2025-07-16 16:53:09 INFO     Processing 26 contigs
2025-07-16 16:53:09 INFO     Making Testing Set...
2025-07-16 16:53:13 INFO     Start Classification Algorithm...
2025-07-16 16:53:13 INFO     Using training set in data/trainSet_genericAll.txt
2025-07-16 16:53:13 INFO     Using the following metric(s): {'shannon_slope', 'gc_skew', 'max_direction', 'orf_length_med', 'at_skew'}.
2025-07-16 16:53:13 INFO     Running the random forest classifier with 500 trees and 2 threads
2025-07-16 16:54:28 INFO     Rank threshold calculated as 0.4405251082251082
2025-07-16 16:54:28 INFO     As the training flag is zero, down-weighting unknown functions
2025-07-16 16:54:28 INFO     Evaluating...
2025-07-16 16:54:28 INFO     Checking prophages we might have found
2025-07-16 16:54:28 INFO     Potential prophages (sorted highest to lowest)
2025-07-16 16:54:28 INFO     Contig	Start	Stop	Number of potential genes	Status
2025-07-16 16:54:28 INFO     GCILIKDN_2	98892	130356	42	Dropped. No genes were identified as phage genes
2025-07-16 16:54:28 INFO     GCILIKDN_10	46876	49360	9	Dropped. No genes were identified as phage genes
2025-07-16 16:54:28 INFO     GCILIKDN_11	42255	43267	3	Dropped. Region too small (Not enough genes)
2025-07-16 16:54:28 INFO     GCILIKDN_3	51549	52626	2	Dropped. Region too small (Not enough genes)
2025-07-16 16:54:28 INFO     GCILIKDN_2	134672	145262	2	Dropped. Region too small (Not enough genes)
2025-07-16 16:54:28 INFO     GCILIKDN_8	100276	100566	1	Dropped. Region too small (Not enough genes)
2025-07-16 16:54:28 INFO     GCILIKDN_5	72720	73280	1	Dropped. Region too small (Not enough genes)
2025-07-16 16:54:28 INFO     GCILIKDN_11	55247	56284	1	Dropped. Region too small (Not enough genes)
2025-07-16 16:54:28 INFO     GCILIKDN_1	483314	484534	1	Dropped. Region too small (Not enough genes)
2025-07-16 16:54:28 INFO     GCILIKDN_1	108979	109875	1	Dropped. Region too small (Not enough genes)
2025-07-16 16:54:28 INFO     Creating output files
2025-07-16 16:54:28 INFO     Writing GenBank output file
2025-07-16 16:54:28 INFO     Writing prophage_coordinates output file
2025-07-16 16:54:28 INFO     Done!!! Output is in . and the log is in ./SAMN04875298_phispy_phispy.log
