2025-07-16 16:44:47 INFO     Welcome to PhiSpy.py version 4.2.21
2025-07-16 16:44:47 INFO     Starting PhiSpy.py with the following arguments
Namespace(infile='SAMN04875286.gbk', output_dir='.', make_training_data=None, training_set='data/trainSet_genericAll.txt', list=False, file_prefix='SAMN04875286_phispy_', evaluate=False, number=5, min_contig_size=5000, window_size=30, nonprophage_genegaps=10, phage_genes=1, metrics=['orf_length_med', 'shannon_slope', 'at_skew', 'gc_skew', 'max_direction'], randomforest_trees=500, expand_slope=False, kmers_type='all', phmms=None, include_annotations=True, ignore_annotations=False, color=False, threads=2, output_choice=3, include_all_repeats=False, keep_dropped_predictions=False, extra_dna=2000, min_repeat_len=10, log='./SAMN04875286_phispy_phispy.log', quiet=False, keep=False, logger=<Logger PhiSpy (Level 5)>)
2025-07-16 16:44:47 INFO     Processing 26 contigs
2025-07-16 16:44:47 INFO     Making Testing Set...
2025-07-16 16:44:50 INFO     Start Classification Algorithm...
2025-07-16 16:44:50 INFO     Using training set in data/trainSet_genericAll.txt
2025-07-16 16:44:51 INFO     Using the following metric(s): {'orf_length_med', 'gc_skew', 'at_skew', 'shannon_slope', 'max_direction'}.
2025-07-16 16:44:51 INFO     Running the random forest classifier with 500 trees and 2 threads
2025-07-16 16:46:06 INFO     Rank threshold calculated as 0.3683633653701209
2025-07-16 16:46:06 INFO     As the training flag is zero, down-weighting unknown functions
2025-07-16 16:46:06 INFO     Evaluating...
2025-07-16 16:46:06 INFO     Checking prophages we might have found
2025-07-16 16:46:06 INFO     Potential prophages (sorted highest to lowest)
2025-07-16 16:46:06 INFO     Contig	Start	Stop	Number of potential genes	Status
2025-07-16 16:46:06 INFO     ADCFMMLG_2	187837	238500	52	Kept
2025-07-16 16:46:06 INFO     ADCFMMLG_5	3023	14942	19	Kept
2025-07-16 16:46:06 INFO     ADCFMMLG_3	82185	89724	12	Dropped. No genes were identified as phage genes
2025-07-16 16:46:06 INFO     ADCFMMLG_9	60398	62967	8	Dropped. No genes were identified as phage genes
2025-07-16 16:46:06 INFO     ADCFMMLG_1	51930	53007	2	Dropped. Region too small (Not enough genes)
2025-07-16 16:46:06 INFO     ADCFMMLG_9	48263	49300	1	Dropped. Region too small (Not enough genes)
2025-07-16 16:46:06 INFO     ADCFMMLG_4	146743	147303	1	Dropped. Region too small (Not enough genes)
2025-07-16 16:46:06 INFO     ADCFMMLG_3	154836	155732	1	Dropped. Region too small (Not enough genes)
2025-07-16 16:46:06 INFO     ADCFMMLG_13	51340	52386	1	Dropped. Region too small (Not enough genes)
2025-07-16 16:46:06 INFO     ADCFMMLG_10	58976	59266	1	Dropped. Region too small (Not enough genes)
2025-07-16 16:46:06 INFO     PROPHAGE: 1 Contig: ADCFMMLG_2 Start: 187837 Stop: 238500
2025-07-16 16:46:06 INFO     PROPHAGE: 2 Contig: ADCFMMLG_5 Start: 3023 Stop: 14942
2025-07-16 16:46:06 INFO     Creating output files
2025-07-16 16:46:06 INFO     Writing GenBank output file
2025-07-16 16:46:07 INFO     Writing prophage_coordinates output file
2025-07-16 16:46:07 INFO     Done!!! Output is in . and the log is in ./SAMN04875286_phispy_phispy.log
