
**************************************************************************
 ___       _                               _____ _           _
|_ _|_ __ | |_ ___  __ _ _ __ ___  _ __   |  ___(_)_ __   __| | ___ _ __
 | || '_ \| __/ _ \/ _` | '__/ _ \| '_ \  | |_  | | '_ \ / _` |/ _ \ '__|
 | || | | | ||  __/ (_| | | | (_) | | | | |  _| | | | | | (_| |  __/ |
|___|_| |_|\__\___|\__, |_|  \___/|_| |_| |_|   |_|_| |_|\__,_|\___|_|
                   |___/

**************************************************************************

integron_finder version 2.0.5 
Using:
 - Python 3.12.3 | packaged by conda-forge | (main, Apr 15 2024, 18:38:13) [GCC 12.3.0]
 - numpy 1.26.4
 - pandas 2.2.2
 - matplolib 3.8.4
 - biopython 1.83

 - Prodigal V2.6.3: February, 2016
 - INFERNAL 1.1.4 (Dec 2020)
 - HMMER 3.3.2 (Nov 2020); http://hmmer.org/

Authors:
 - Jean Cury, Bertrand Neron, Eduardo Rocha,

Citation:

 Néron, B.; Littner, E.; Haudiquet, M.; Perrin, A.; Cury, J.; Rocha, E.P.C. 
 IntegronFinder 2.0: Identification and Analysis of Integrons across Bacteria, with a Focus on Antibiotic Resistance in Klebsiella. 
 Microorganisms 2022, 10, 700. https://doi.org/10.3390/microorganisms10040700

 If you use --func-annot in conjunction with file NCBIfam-AMRFinder.hmm please also cite

 Haft, DH et al., Nucleic Acids Res. 2018 Jan 4;46(D1):D851-D860
 PMID: 29112715
 

                     =======================

integron_finder is free software: you can redistribute it and/or modify
it under the terms of the GNU General Public License as published by
the Free Software Foundation, either version 3 of the License, or
(at your option) any later version.

integron_finder is distributed in the hope that it will be useful,
but WITHOUT ANY WARRANTY; without even the implied warranty of
MERCHANTABILITY or FITNESS FOR A PARTICULAR PURPOSE. See the
GNU General Public License for more details.

You should have received a copy of the GNU General Public License
along with this program (COPYING file).
If not, see <http://www.gnu.org/licenses/>.

                     =======================

command used: integron_finder --cpu 2 SAMN04875288_contigs.fasta

                     =======================

[0m
INFO     : ############ Processing replicon CDLCMCKM_1 (1/112) ############

INFO     : Starting Default search ... :
INFO     : Default search done... : 
INFO     : In replicon CDLCMCKM_1, there are:
INFO     : - 0 complete integron(s) found with a total 0 attC site(s)
INFO     : - 0 CALIN element(s) found with a total of 0 attC site(s)
INFO     : - 0 In0 element(s) found with a total of 0 attC site
INFO     : Writing out results for replicon CDLCMCKM_1
INFO     : ############ Processing replicon CDLCMCKM_2 (2/112) ############

INFO     : Starting Default search ... :
INFO     : Default search done... : 
INFO     : In replicon CDLCMCKM_2, there are:
INFO     : - 0 complete integron(s) found with a total 0 attC site(s)
INFO     : - 0 CALIN element(s) found with a total of 0 attC site(s)
INFO     : - 0 In0 element(s) found with a total of 0 attC site
INFO     : Writing out results for replicon CDLCMCKM_2
INFO     : ############ Processing replicon CDLCMCKM_3 (3/112) ############

INFO     : Starting Default search ... :
INFO     : Default search done... : 
INFO     : In replicon CDLCMCKM_3, there are:
INFO     : - 0 complete integron(s) found with a total 0 attC site(s)
INFO     : - 0 CALIN element(s) found with a total of 0 attC site(s)
INFO     : - 0 In0 element(s) found with a total of 0 attC site
INFO     : Writing out results for replicon CDLCMCKM_3
INFO     : ############ Processing replicon CDLCMCKM_4 (4/112) ############

INFO     : Starting Default search ... :
INFO     : Default search done... : 
INFO     : In replicon CDLCMCKM_4, there are:
INFO     : - 0 complete integron(s) found with a total 0 attC site(s)
INFO     : - 0 CALIN element(s) found with a total of 0 attC site(s)
INFO     : - 0 In0 element(s) found with a total of 0 attC site
INFO     : Writing out results for replicon CDLCMCKM_4
INFO     : ############ Processing replicon CDLCMCKM_5 (5/112) ############

INFO     : Starting Default search ... :
INFO     : Default search done... : 
INFO     : In replicon CDLCMCKM_5, there are:
INFO     : - 0 complete integron(s) found with a total 0 attC site(s)
INFO     : - 0 CALIN element(s) found with a total of 0 attC site(s)
INFO     : - 0 In0 element(s) found with a total of 0 attC site
INFO     : Writing out results for replicon CDLCMCKM_5
INFO     : ############ Processing replicon CDLCMCKM_6 (6/112) ############

INFO     : Starting Default search ... :
INFO     : Default search done... : 
INFO     : In replicon CDLCMCKM_6, there are:
INFO     : - 0 complete integron(s) found with a total 0 attC site(s)
INFO     : - 0 CALIN element(s) found with a total of 0 attC site(s)
INFO     : - 0 In0 element(s) found with a total of 0 attC site
INFO     : Writing out results for replicon CDLCMCKM_6
INFO     : ############ Processing replicon CDLCMCKM_7 (7/112) ############

INFO     : Starting Default search ... :
INFO     : Default search done... : 
INFO     : In replicon CDLCMCKM_7, there are:
INFO     : - 0 complete integron(s) found with a total 0 attC site(s)
INFO     : - 0 CALIN element(s) found with a total of 0 attC site(s)
INFO     : - 0 In0 element(s) found with a total of 0 attC site
INFO     : Writing out results for replicon CDLCMCKM_7
INFO     : ############ Processing replicon CDLCMCKM_8 (8/112) ############

INFO     : Starting Default search ... :
INFO     : Default search done... : 
INFO     : In replicon CDLCMCKM_8, there are:
INFO     : - 0 complete integron(s) found with a total 0 attC site(s)
INFO     : - 0 CALIN element(s) found with a total of 0 attC site(s)
INFO     : - 0 In0 element(s) found with a total of 0 attC site
INFO     : Writing out results for replicon CDLCMCKM_8
INFO     : ############ Processing replicon CDLCMCKM_9 (9/112) ############

INFO     : Starting Default search ... :
INFO     : Default search done... : 
INFO     : In replicon CDLCMCKM_9, there are:
INFO     : - 0 complete integron(s) found with a total 0 attC site(s)
INFO     : - 0 CALIN element(s) found with a total of 0 attC site(s)
INFO     : - 0 In0 element(s) found with a total of 0 attC site
INFO     : Writing out results for replicon CDLCMCKM_9
INFO     : ############ Processing replicon CDLCMCKM_10 (10/112) ############

INFO     : Starting Default search ... :
INFO     : Default search done... : 
INFO     : In replicon CDLCMCKM_10, there are:
INFO     : - 0 complete integron(s) found with a total 0 attC site(s)
INFO     : - 0 CALIN element(s) found with a total of 0 attC site(s)
INFO     : - 0 In0 element(s) found with a total of 0 attC site
INFO     : Writing out results for replicon CDLCMCKM_10
INFO     : ############ Processing replicon CDLCMCKM_11 (11/112) ############

INFO     : Starting Default search ... :
INFO     : Default search done... : 
INFO     : In replicon CDLCMCKM_11, there are:
INFO     : - 0 complete integron(s) found with a total 0 attC site(s)
INFO     : - 0 CALIN element(s) found with a total of 0 attC site(s)
INFO     : - 0 In0 element(s) found with a total of 0 attC site
INFO     : Writing out results for replicon CDLCMCKM_11
INFO     : ############ Processing replicon CDLCMCKM_12 (12/112) ############

INFO     : Starting Default search ... :
INFO     : Default search done... : 
INFO     : In replicon CDLCMCKM_12, there are:
INFO     : - 0 complete integron(s) found with a total 0 attC site(s)
INFO     : - 0 CALIN element(s) found with a total of 0 attC site(s)
INFO     : - 0 In0 element(s) found with a total of 0 attC site
INFO     : Writing out results for replicon CDLCMCKM_12
INFO     : ############ Processing replicon CDLCMCKM_13 (13/112) ############

INFO     : Starting Default search ... :
INFO     : Default search done... : 
INFO     : In replicon CDLCMCKM_13, there are:
INFO     : - 0 complete integron(s) found with a total 0 attC site(s)
INFO     : - 0 CALIN element(s) found with a total of 0 attC site(s)
INFO     : - 0 In0 element(s) found with a total of 0 attC site
INFO     : Writing out results for replicon CDLCMCKM_13
INFO     : ############ Processing replicon CDLCMCKM_14 (14/112) ############

INFO     : Starting Default search ... :
INFO     : Default search done... : 
INFO     : In replicon CDLCMCKM_14, there are:
INFO     : - 0 complete integron(s) found with a total 0 attC site(s)
INFO     : - 0 CALIN element(s) found with a total of 0 attC site(s)
INFO     : - 0 In0 element(s) found with a total of 0 attC site
INFO     : Writing out results for replicon CDLCMCKM_14
INFO     : ############ Processing replicon CDLCMCKM_15 (15/112) ############

INFO     : Starting Default search ... :
INFO     : Default search done... : 
INFO     : In replicon CDLCMCKM_15, there are:
INFO     : - 0 complete integron(s) found with a total 0 attC site(s)
INFO     : - 0 CALIN element(s) found with a total of 0 attC site(s)
INFO     : - 0 In0 element(s) found with a total of 0 attC site
INFO     : Writing out results for replicon CDLCMCKM_15
INFO     : ############ Processing replicon CDLCMCKM_16 (16/112) ############

INFO     : Starting Default search ... :
INFO     : Default search done... : 
INFO     : In replicon CDLCMCKM_16, there are:
INFO     : - 0 complete integron(s) found with a total 0 attC site(s)
INFO     : - 0 CALIN element(s) found with a total of 0 attC site(s)
INFO     : - 0 In0 element(s) found with a total of 0 attC site
INFO     : Writing out results for replicon CDLCMCKM_16
INFO     : ############ Processing replicon CDLCMCKM_17 (17/112) ############

INFO     : Starting Default search ... :
INFO     : Default search done... : 
INFO     : In replicon CDLCMCKM_17, there are:
INFO     : - 0 complete integron(s) found with a total 0 attC site(s)
INFO     : - 0 CALIN element(s) found with a total of 0 attC site(s)
INFO     : - 0 In0 element(s) found with a total of 0 attC site
INFO     : Writing out results for replicon CDLCMCKM_17
INFO     : ############ Processing replicon CDLCMCKM_18 (18/112) ############

INFO     : Starting Default search ... :
INFO     : Default search done... : 
INFO     : In replicon CDLCMCKM_18, there are:
INFO     : - 0 complete integron(s) found with a total 0 attC site(s)
INFO     : - 0 CALIN element(s) found with a total of 0 attC site(s)
INFO     : - 0 In0 element(s) found with a total of 0 attC site
INFO     : Writing out results for replicon CDLCMCKM_18
INFO     : ############ Processing replicon CDLCMCKM_19 (19/112) ############

INFO     : Starting Default search ... :
INFO     : Default search done... : 
INFO     : In replicon CDLCMCKM_19, there are:
INFO     : - 0 complete integron(s) found with a total 0 attC site(s)
INFO     : - 0 CALIN element(s) found with a total of 0 attC site(s)
INFO     : - 0 In0 element(s) found with a total of 0 attC site
INFO     : Writing out results for replicon CDLCMCKM_19
INFO     : ############ Processing replicon CDLCMCKM_20 (20/112) ############

INFO     : Starting Default search ... :
INFO     : Default search done... : 
INFO     : In replicon CDLCMCKM_20, there are:
INFO     : - 0 complete integron(s) found with a total 0 attC site(s)
INFO     : - 0 CALIN element(s) found with a total of 0 attC site(s)
INFO     : - 0 In0 element(s) found with a total of 0 attC site
INFO     : Writing out results for replicon CDLCMCKM_20
INFO     : ############ Processing replicon CDLCMCKM_21 (21/112) ############

INFO     : Starting Default search ... :
INFO     : Default search done... : 
INFO     : In replicon CDLCMCKM_21, there are:
INFO     : - 0 complete integron(s) found with a total 0 attC site(s)
INFO     : - 0 CALIN element(s) found with a total of 0 attC site(s)
INFO     : - 0 In0 element(s) found with a total of 0 attC site
INFO     : Writing out results for replicon CDLCMCKM_21
INFO     : ############ Processing replicon CDLCMCKM_22 (22/112) ############

INFO     : Starting Default search ... :
INFO     : Default search done... : 
INFO     : In replicon CDLCMCKM_22, there are:
INFO     : - 0 complete integron(s) found with a total 0 attC site(s)
INFO     : - 0 CALIN element(s) found with a total of 0 attC site(s)
INFO     : - 0 In0 element(s) found with a total of 0 attC site
INFO     : Writing out results for replicon CDLCMCKM_22
INFO     : ############ Processing replicon CDLCMCKM_23 (23/112) ############

INFO     : Starting Default search ... :
INFO     : Default search done... : 
INFO     : In replicon CDLCMCKM_23, there are:
INFO     : - 0 complete integron(s) found with a total 0 attC site(s)
INFO     : - 0 CALIN element(s) found with a total of 0 attC site(s)
INFO     : - 0 In0 element(s) found with a total of 0 attC site
INFO     : Writing out results for replicon CDLCMCKM_23
INFO     : ############ Processing replicon CDLCMCKM_24 (24/112) ############

INFO     : Starting Default search ... :
INFO     : Default search done... : 
INFO     : In replicon CDLCMCKM_24, there are:
INFO     : - 0 complete integron(s) found with a total 0 attC site(s)
INFO     : - 0 CALIN element(s) found with a total of 0 attC site(s)
INFO     : - 0 In0 element(s) found with a total of 0 attC site
INFO     : Writing out results for replicon CDLCMCKM_24
INFO     : ############ Processing replicon CDLCMCKM_25 (25/112) ############

INFO     : Starting Default search ... :
INFO     : Default search done... : 
INFO     : In replicon CDLCMCKM_25, there are:
INFO     : - 0 complete integron(s) found with a total 0 attC site(s)
INFO     : - 0 CALIN element(s) found with a total of 0 attC site(s)
INFO     : - 0 In0 element(s) found with a total of 0 attC site
INFO     : Writing out results for replicon CDLCMCKM_25
INFO     : ############ Processing replicon CDLCMCKM_26 (26/112) ############

INFO     : Starting Default search ... :
INFO     : Default search done... : 
INFO     : In replicon CDLCMCKM_26, there are:
INFO     : - 0 complete integron(s) found with a total 0 attC site(s)
INFO     : - 0 CALIN element(s) found with a total of 0 attC site(s)
INFO     : - 0 In0 element(s) found with a total of 0 attC site
INFO     : Writing out results for replicon CDLCMCKM_26
INFO     : ############ Processing replicon CDLCMCKM_27 (27/112) ############

INFO     : Starting Default search ... :
INFO     : Default search done... : 
INFO     : In replicon CDLCMCKM_27, there are:
INFO     : - 0 complete integron(s) found with a total 0 attC site(s)
INFO     : - 0 CALIN element(s) found with a total of 0 attC site(s)
INFO     : - 0 In0 element(s) found with a total of 0 attC site
INFO     : Writing out results for replicon CDLCMCKM_27
INFO     : ############ Processing replicon CDLCMCKM_28 (28/112) ############

INFO     : Starting Default search ... :
INFO     : Default search done... : 
INFO     : In replicon CDLCMCKM_28, there are:
INFO     : - 0 complete integron(s) found with a total 0 attC site(s)
INFO     : - 0 CALIN element(s) found with a total of 0 attC site(s)
INFO     : - 0 In0 element(s) found with a total of 0 attC site
INFO     : Writing out results for replicon CDLCMCKM_28
INFO     : ############ Processing replicon CDLCMCKM_29 (29/112) ############

INFO     : Starting Default search ... :
INFO     : Default search done... : 
INFO     : In replicon CDLCMCKM_29, there are:
INFO     : - 0 complete integron(s) found with a total 0 attC site(s)
INFO     : - 0 CALIN element(s) found with a total of 0 attC site(s)
INFO     : - 0 In0 element(s) found with a total of 0 attC site
INFO     : Writing out results for replicon CDLCMCKM_29
INFO     : ############ Processing replicon CDLCMCKM_30 (30/112) ############

INFO     : Starting Default search ... :
INFO     : Default search done... : 
INFO     : In replicon CDLCMCKM_30, there are:
INFO     : - 0 complete integron(s) found with a total 0 attC site(s)
INFO     : - 0 CALIN element(s) found with a total of 0 attC site(s)
INFO     : - 0 In0 element(s) found with a total of 0 attC site
INFO     : Writing out results for replicon CDLCMCKM_30
INFO     : ############ Processing replicon CDLCMCKM_31 (31/112) ############

INFO     : Starting Default search ... :
INFO     : Default search done... : 
INFO     : In replicon CDLCMCKM_31, there are:
INFO     : - 0 complete integron(s) found with a total 0 attC site(s)
INFO     : - 0 CALIN element(s) found with a total of 0 attC site(s)
INFO     : - 0 In0 element(s) found with a total of 0 attC site
INFO     : Writing out results for replicon CDLCMCKM_31
INFO     : ############ Processing replicon CDLCMCKM_32 (32/112) ############

INFO     : Starting Default search ... :
INFO     : Default search done... : 
INFO     : In replicon CDLCMCKM_32, there are:
INFO     : - 0 complete integron(s) found with a total 0 attC site(s)
INFO     : - 0 CALIN element(s) found with a total of 0 attC site(s)
INFO     : - 0 In0 element(s) found with a total of 0 attC site
INFO     : Writing out results for replicon CDLCMCKM_32
INFO     : ############ Processing replicon CDLCMCKM_33 (33/112) ############

INFO     : Starting Default search ... :
INFO     : Default search done... : 
INFO     : In replicon CDLCMCKM_33, there are:
INFO     : - 0 complete integron(s) found with a total 0 attC site(s)
INFO     : - 0 CALIN element(s) found with a total of 0 attC site(s)
INFO     : - 0 In0 element(s) found with a total of 0 attC site
INFO     : Writing out results for replicon CDLCMCKM_33
INFO     : ############ Processing replicon CDLCMCKM_34 (34/112) ############

INFO     : Starting Default search ... :
INFO     : Default search done... : 
INFO     : In replicon CDLCMCKM_34, there are:
INFO     : - 0 complete integron(s) found with a total 0 attC site(s)
INFO     : - 0 CALIN element(s) found with a total of 0 attC site(s)
INFO     : - 0 In0 element(s) found with a total of 0 attC site
INFO     : Writing out results for replicon CDLCMCKM_34
INFO     : ############ Processing replicon CDLCMCKM_35 (35/112) ############

INFO     : Starting Default search ... :
INFO     : Default search done... : 
INFO     : In replicon CDLCMCKM_35, there are:
INFO     : - 0 complete integron(s) found with a total 0 attC site(s)
INFO     : - 0 CALIN element(s) found with a total of 0 attC site(s)
INFO     : - 0 In0 element(s) found with a total of 0 attC site
INFO     : Writing out results for replicon CDLCMCKM_35
INFO     : ############ Processing replicon CDLCMCKM_36 (36/112) ############

INFO     : Starting Default search ... :
INFO     : Default search done... : 
INFO     : In replicon CDLCMCKM_36, there are:
INFO     : - 0 complete integron(s) found with a total 0 attC site(s)
INFO     : - 0 CALIN element(s) found with a total of 0 attC site(s)
INFO     : - 0 In0 element(s) found with a total of 0 attC site
INFO     : Writing out results for replicon CDLCMCKM_36
INFO     : ############ Processing replicon CDLCMCKM_37 (37/112) ############

INFO     : Starting Default search ... :
INFO     : Default search done... : 
INFO     : In replicon CDLCMCKM_37, there are:
INFO     : - 0 complete integron(s) found with a total 0 attC site(s)
INFO     : - 0 CALIN element(s) found with a total of 0 attC site(s)
INFO     : - 0 In0 element(s) found with a total of 0 attC site
INFO     : Writing out results for replicon CDLCMCKM_37
INFO     : ############ Processing replicon CDLCMCKM_38 (38/112) ############

INFO     : Starting Default search ... :
INFO     : Default search done... : 
INFO     : In replicon CDLCMCKM_38, there are:
INFO     : - 0 complete integron(s) found with a total 0 attC site(s)
INFO     : - 0 CALIN element(s) found with a total of 0 attC site(s)
INFO     : - 0 In0 element(s) found with a total of 0 attC site
INFO     : Writing out results for replicon CDLCMCKM_38
INFO     : ############ Processing replicon CDLCMCKM_39 (39/112) ############

INFO     : Starting Default search ... :
INFO     : Default search done... : 
INFO     : In replicon CDLCMCKM_39, there are:
INFO     : - 0 complete integron(s) found with a total 0 attC site(s)
INFO     : - 0 CALIN element(s) found with a total of 0 attC site(s)
INFO     : - 0 In0 element(s) found with a total of 0 attC site
INFO     : Writing out results for replicon CDLCMCKM_39
INFO     : ############ Processing replicon CDLCMCKM_40 (40/112) ############

INFO     : Starting Default search ... :
INFO     : Default search done... : 
INFO     : In replicon CDLCMCKM_40, there are:
INFO     : - 0 complete integron(s) found with a total 0 attC site(s)
INFO     : - 0 CALIN element(s) found with a total of 0 attC site(s)
INFO     : - 0 In0 element(s) found with a total of 0 attC site
INFO     : Writing out results for replicon CDLCMCKM_40
INFO     : ############ Processing replicon CDLCMCKM_41 (41/112) ############

INFO     : Starting Default search ... :
INFO     : Default search done... : 
INFO     : In replicon CDLCMCKM_41, there are:
INFO     : - 0 complete integron(s) found with a total 0 attC site(s)
INFO     : - 0 CALIN element(s) found with a total of 0 attC site(s)
INFO     : - 0 In0 element(s) found with a total of 0 attC site
INFO     : Writing out results for replicon CDLCMCKM_41
INFO     : ############ Processing replicon CDLCMCKM_42 (42/112) ############

INFO     : Starting Default search ... :
INFO     : Default search done... : 
INFO     : In replicon CDLCMCKM_42, there are:
INFO     : - 0 complete integron(s) found with a total 0 attC site(s)
INFO     : - 0 CALIN element(s) found with a total of 0 attC site(s)
INFO     : - 0 In0 element(s) found with a total of 0 attC site
INFO     : Writing out results for replicon CDLCMCKM_42
INFO     : ############ Processing replicon CDLCMCKM_43 (43/112) ############

INFO     : Starting Default search ... :
INFO     : Default search done... : 
INFO     : In replicon CDLCMCKM_43, there are:
INFO     : - 0 complete integron(s) found with a total 0 attC site(s)
INFO     : - 0 CALIN element(s) found with a total of 0 attC site(s)
INFO     : - 0 In0 element(s) found with a total of 0 attC site
INFO     : Writing out results for replicon CDLCMCKM_43
INFO     : ############ Processing replicon CDLCMCKM_44 (44/112) ############

INFO     : Starting Default search ... :
INFO     : Default search done... : 
INFO     : In replicon CDLCMCKM_44, there are:
INFO     : - 0 complete integron(s) found with a total 0 attC site(s)
INFO     : - 0 CALIN element(s) found with a total of 0 attC site(s)
INFO     : - 0 In0 element(s) found with a total of 0 attC site
INFO     : Writing out results for replicon CDLCMCKM_44
INFO     : ############ Processing replicon CDLCMCKM_45 (45/112) ############

INFO     : Starting Default search ... :
INFO     : Default search done... : 
INFO     : In replicon CDLCMCKM_45, there are:
INFO     : - 0 complete integron(s) found with a total 0 attC site(s)
INFO     : - 0 CALIN element(s) found with a total of 0 attC site(s)
INFO     : - 0 In0 element(s) found with a total of 0 attC site
INFO     : Writing out results for replicon CDLCMCKM_45
INFO     : ############ Processing replicon CDLCMCKM_46 (46/112) ############

INFO     : Starting Default search ... :
INFO     : Default search done... : 
INFO     : In replicon CDLCMCKM_46, there are:
INFO     : - 0 complete integron(s) found with a total 0 attC site(s)
INFO     : - 0 CALIN element(s) found with a total of 0 attC site(s)
INFO     : - 0 In0 element(s) found with a total of 0 attC site
INFO     : Writing out results for replicon CDLCMCKM_46
INFO     : ############ Processing replicon CDLCMCKM_47 (47/112) ############

INFO     : Starting Default search ... :
INFO     : Default search done... : 
INFO     : In replicon CDLCMCKM_47, there are:
INFO     : - 0 complete integron(s) found with a total 0 attC site(s)
INFO     : - 0 CALIN element(s) found with a total of 0 attC site(s)
INFO     : - 0 In0 element(s) found with a total of 0 attC site
INFO     : Writing out results for replicon CDLCMCKM_47
INFO     : ############ Processing replicon CDLCMCKM_48 (48/112) ############

INFO     : Starting Default search ... :
INFO     : Default search done... : 
INFO     : In replicon CDLCMCKM_48, there are:
INFO     : - 0 complete integron(s) found with a total 0 attC site(s)
INFO     : - 0 CALIN element(s) found with a total of 0 attC site(s)
INFO     : - 0 In0 element(s) found with a total of 0 attC site
INFO     : Writing out results for replicon CDLCMCKM_48
INFO     : ############ Processing replicon CDLCMCKM_49 (49/112) ############

INFO     : Starting Default search ... :
INFO     : Default search done... : 
INFO     : In replicon CDLCMCKM_49, there are:
INFO     : - 0 complete integron(s) found with a total 0 attC site(s)
INFO     : - 0 CALIN element(s) found with a total of 0 attC site(s)
INFO     : - 0 In0 element(s) found with a total of 0 attC site
INFO     : Writing out results for replicon CDLCMCKM_49
INFO     : ############ Processing replicon CDLCMCKM_50 (50/112) ############

INFO     : Starting Default search ... :
INFO     : Default search done... : 
INFO     : In replicon CDLCMCKM_50, there are:
INFO     : - 0 complete integron(s) found with a total 0 attC site(s)
INFO     : - 0 CALIN element(s) found with a total of 0 attC site(s)
INFO     : - 0 In0 element(s) found with a total of 0 attC site
INFO     : Writing out results for replicon CDLCMCKM_50
INFO     : ############ Processing replicon CDLCMCKM_51 (51/112) ############

INFO     : Starting Default search ... :
INFO     : Default search done... : 
INFO     : In replicon CDLCMCKM_51, there are:
INFO     : - 0 complete integron(s) found with a total 0 attC site(s)
INFO     : - 0 CALIN element(s) found with a total of 0 attC site(s)
INFO     : - 0 In0 element(s) found with a total of 0 attC site
INFO     : Writing out results for replicon CDLCMCKM_51
INFO     : ############ Processing replicon CDLCMCKM_52 (52/112) ############

INFO     : Starting Default search ... :
INFO     : Default search done... : 
INFO     : In replicon CDLCMCKM_52, there are:
INFO     : - 0 complete integron(s) found with a total 0 attC site(s)
INFO     : - 0 CALIN element(s) found with a total of 0 attC site(s)
INFO     : - 0 In0 element(s) found with a total of 0 attC site
INFO     : Writing out results for replicon CDLCMCKM_52
INFO     : ############ Processing replicon CDLCMCKM_53 (53/112) ############

INFO     : Starting Default search ... :
INFO     : Default search done... : 
INFO     : In replicon CDLCMCKM_53, there are:
INFO     : - 0 complete integron(s) found with a total 0 attC site(s)
INFO     : - 0 CALIN element(s) found with a total of 0 attC site(s)
INFO     : - 0 In0 element(s) found with a total of 0 attC site
INFO     : Writing out results for replicon CDLCMCKM_53
INFO     : ############ Processing replicon CDLCMCKM_54 (54/112) ############

INFO     : Starting Default search ... :
INFO     : Default search done... : 
INFO     : In replicon CDLCMCKM_54, there are:
INFO     : - 0 complete integron(s) found with a total 0 attC site(s)
INFO     : - 0 CALIN element(s) found with a total of 0 attC site(s)
INFO     : - 0 In0 element(s) found with a total of 0 attC site
INFO     : Writing out results for replicon CDLCMCKM_54
INFO     : ############ Processing replicon CDLCMCKM_55 (55/112) ############

INFO     : Starting Default search ... :
INFO     : Default search done... : 
INFO     : In replicon CDLCMCKM_55, there are:
INFO     : - 0 complete integron(s) found with a total 0 attC site(s)
INFO     : - 0 CALIN element(s) found with a total of 0 attC site(s)
INFO     : - 0 In0 element(s) found with a total of 0 attC site
INFO     : Writing out results for replicon CDLCMCKM_55
INFO     : ############ Processing replicon CDLCMCKM_56 (56/112) ############

INFO     : Starting Default search ... :
INFO     : Default search done... : 
INFO     : In replicon CDLCMCKM_56, there are:
INFO     : - 0 complete integron(s) found with a total 0 attC site(s)
INFO     : - 0 CALIN element(s) found with a total of 0 attC site(s)
INFO     : - 0 In0 element(s) found with a total of 0 attC site
INFO     : Writing out results for replicon CDLCMCKM_56
INFO     : ############ Processing replicon CDLCMCKM_57 (57/112) ############

INFO     : Starting Default search ... :
INFO     : Default search done... : 
INFO     : In replicon CDLCMCKM_57, there are:
INFO     : - 0 complete integron(s) found with a total 0 attC site(s)
INFO     : - 0 CALIN element(s) found with a total of 0 attC site(s)
INFO     : - 0 In0 element(s) found with a total of 0 attC site
INFO     : Writing out results for replicon CDLCMCKM_57
INFO     : ############ Processing replicon CDLCMCKM_58 (58/112) ############

INFO     : Starting Default search ... :
INFO     : Default search done... : 
INFO     : In replicon CDLCMCKM_58, there are:
INFO     : - 0 complete integron(s) found with a total 0 attC site(s)
INFO     : - 0 CALIN element(s) found with a total of 0 attC site(s)
INFO     : - 0 In0 element(s) found with a total of 0 attC site
INFO     : Writing out results for replicon CDLCMCKM_58
INFO     : ############ Processing replicon CDLCMCKM_59 (59/112) ############

INFO     : Starting Default search ... :
INFO     : Default search done... : 
INFO     : In replicon CDLCMCKM_59, there are:
INFO     : - 0 complete integron(s) found with a total 0 attC site(s)
INFO     : - 0 CALIN element(s) found with a total of 0 attC site(s)
INFO     : - 0 In0 element(s) found with a total of 0 attC site
INFO     : Writing out results for replicon CDLCMCKM_59
INFO     : ############ Processing replicon CDLCMCKM_60 (60/112) ############

INFO     : Starting Default search ... :
INFO     : Default search done... : 
INFO     : In replicon CDLCMCKM_60, there are:
INFO     : - 0 complete integron(s) found with a total 0 attC site(s)
INFO     : - 0 CALIN element(s) found with a total of 0 attC site(s)
INFO     : - 0 In0 element(s) found with a total of 0 attC site
INFO     : Writing out results for replicon CDLCMCKM_60
INFO     : ############ Processing replicon CDLCMCKM_61 (61/112) ############

INFO     : Starting Default search ... :
INFO     : Default search done... : 
INFO     : In replicon CDLCMCKM_61, there are:
INFO     : - 0 complete integron(s) found with a total 0 attC site(s)
INFO     : - 0 CALIN element(s) found with a total of 0 attC site(s)
INFO     : - 0 In0 element(s) found with a total of 0 attC site
INFO     : Writing out results for replicon CDLCMCKM_61
INFO     : ############ Processing replicon CDLCMCKM_62 (62/112) ############

INFO     : Starting Default search ... :
INFO     : Default search done... : 
INFO     : In replicon CDLCMCKM_62, there are:
INFO     : - 0 complete integron(s) found with a total 0 attC site(s)
INFO     : - 0 CALIN element(s) found with a total of 0 attC site(s)
INFO     : - 0 In0 element(s) found with a total of 0 attC site
INFO     : Writing out results for replicon CDLCMCKM_62
INFO     : ############ Processing replicon CDLCMCKM_63 (63/112) ############

INFO     : Starting Default search ... :
INFO     : Default search done... : 
INFO     : In replicon CDLCMCKM_63, there are:
INFO     : - 0 complete integron(s) found with a total 0 attC site(s)
INFO     : - 0 CALIN element(s) found with a total of 0 attC site(s)
INFO     : - 0 In0 element(s) found with a total of 0 attC site
INFO     : Writing out results for replicon CDLCMCKM_63
INFO     : ############ Processing replicon CDLCMCKM_64 (64/112) ############

INFO     : Starting Default search ... :
INFO     : Default search done... : 
INFO     : In replicon CDLCMCKM_64, there are:
INFO     : - 0 complete integron(s) found with a total 0 attC site(s)
INFO     : - 0 CALIN element(s) found with a total of 0 attC site(s)
INFO     : - 0 In0 element(s) found with a total of 0 attC site
INFO     : Writing out results for replicon CDLCMCKM_64
INFO     : ############ Processing replicon CDLCMCKM_65 (65/112) ############

INFO     : Starting Default search ... :
INFO     : Default search done... : 
INFO     : In replicon CDLCMCKM_65, there are:
INFO     : - 0 complete integron(s) found with a total 0 attC site(s)
INFO     : - 0 CALIN element(s) found with a total of 0 attC site(s)
INFO     : - 0 In0 element(s) found with a total of 0 attC site
INFO     : Writing out results for replicon CDLCMCKM_65
INFO     : ############ Processing replicon CDLCMCKM_66 (66/112) ############

INFO     : Starting Default search ... :
INFO     : Default search done... : 
INFO     : In replicon CDLCMCKM_66, there are:
INFO     : - 0 complete integron(s) found with a total 0 attC site(s)
INFO     : - 0 CALIN element(s) found with a total of 0 attC site(s)
INFO     : - 0 In0 element(s) found with a total of 0 attC site
INFO     : Writing out results for replicon CDLCMCKM_66
INFO     : ############ Processing replicon CDLCMCKM_67 (67/112) ############

INFO     : Starting Default search ... :
INFO     : Default search done... : 
INFO     : In replicon CDLCMCKM_67, there are:
INFO     : - 0 complete integron(s) found with a total 0 attC site(s)
INFO     : - 0 CALIN element(s) found with a total of 0 attC site(s)
INFO     : - 0 In0 element(s) found with a total of 0 attC site
INFO     : Writing out results for replicon CDLCMCKM_67
INFO     : ############ Processing replicon CDLCMCKM_68 (68/112) ############

INFO     : Starting Default search ... :
INFO     : Default search done... : 
INFO     : In replicon CDLCMCKM_68, there are:
INFO     : - 0 complete integron(s) found with a total 0 attC site(s)
INFO     : - 0 CALIN element(s) found with a total of 0 attC site(s)
INFO     : - 0 In0 element(s) found with a total of 0 attC site
INFO     : Writing out results for replicon CDLCMCKM_68
INFO     : ############ Processing replicon CDLCMCKM_69 (69/112) ############

INFO     : Starting Default search ... :
INFO     : Default search done... : 
INFO     : In replicon CDLCMCKM_69, there are:
INFO     : - 0 complete integron(s) found with a total 0 attC site(s)
INFO     : - 0 CALIN element(s) found with a total of 0 attC site(s)
INFO     : - 0 In0 element(s) found with a total of 0 attC site
INFO     : Writing out results for replicon CDLCMCKM_69
INFO     : ############ Processing replicon CDLCMCKM_70 (70/112) ############

INFO     : Starting Default search ... :
INFO     : Default search done... : 
INFO     : In replicon CDLCMCKM_70, there are:
INFO     : - 0 complete integron(s) found with a total 0 attC site(s)
INFO     : - 0 CALIN element(s) found with a total of 0 attC site(s)
INFO     : - 0 In0 element(s) found with a total of 0 attC site
INFO     : Writing out results for replicon CDLCMCKM_70
INFO     : ############ Processing replicon CDLCMCKM_71 (71/112) ############

INFO     : Starting Default search ... :
INFO     : Default search done... : 
INFO     : In replicon CDLCMCKM_71, there are:
INFO     : - 0 complete integron(s) found with a total 0 attC site(s)
INFO     : - 0 CALIN element(s) found with a total of 0 attC site(s)
INFO     : - 0 In0 element(s) found with a total of 0 attC site
INFO     : Writing out results for replicon CDLCMCKM_71
INFO     : ############ Processing replicon CDLCMCKM_72 (72/112) ############

INFO     : Starting Default search ... :
INFO     : Default search done... : 
INFO     : In replicon CDLCMCKM_72, there are:
INFO     : - 0 complete integron(s) found with a total 0 attC site(s)
INFO     : - 0 CALIN element(s) found with a total of 0 attC site(s)
INFO     : - 0 In0 element(s) found with a total of 0 attC site
INFO     : Writing out results for replicon CDLCMCKM_72
INFO     : ############ Processing replicon CDLCMCKM_73 (73/112) ############

WARNING  : The protein file: '/home/precious/etd/work/06/9d5b54dec1b14fd00ffc83f4825d03/Results_Integron_Finder_SAMN04875288_contigs/tmp_CDLCMCKM_73/CDLCMCKM_73.prt' is empty cannot perform hmmsearch on it.
WARNING  : ############ Skip replicon CDLCMCKM_73 ############
INFO     : ############ Processing replicon CDLCMCKM_74 (74/112) ############

INFO     : Starting Default search ... :
INFO     : Default search done... : 
INFO     : In replicon CDLCMCKM_74, there are:
INFO     : - 0 complete integron(s) found with a total 0 attC site(s)
INFO     : - 0 CALIN element(s) found with a total of 0 attC site(s)
INFO     : - 0 In0 element(s) found with a total of 0 attC site
INFO     : Writing out results for replicon CDLCMCKM_74
INFO     : ############ Processing replicon CDLCMCKM_75 (75/112) ############

INFO     : Starting Default search ... :
INFO     : Default search done... : 
INFO     : In replicon CDLCMCKM_75, there are:
INFO     : - 0 complete integron(s) found with a total 0 attC site(s)
INFO     : - 0 CALIN element(s) found with a total of 0 attC site(s)
INFO     : - 0 In0 element(s) found with a total of 0 attC site
INFO     : Writing out results for replicon CDLCMCKM_75
INFO     : ############ Processing replicon CDLCMCKM_76 (76/112) ############

INFO     : Starting Default search ... :
INFO     : Default search done... : 
INFO     : In replicon CDLCMCKM_76, there are:
INFO     : - 0 complete integron(s) found with a total 0 attC site(s)
INFO     : - 0 CALIN element(s) found with a total of 0 attC site(s)
INFO     : - 0 In0 element(s) found with a total of 0 attC site
INFO     : Writing out results for replicon CDLCMCKM_76
INFO     : ############ Processing replicon CDLCMCKM_77 (77/112) ############

WARNING  : The protein file: '/home/precious/etd/work/06/9d5b54dec1b14fd00ffc83f4825d03/Results_Integron_Finder_SAMN04875288_contigs/tmp_CDLCMCKM_77/CDLCMCKM_77.prt' is empty cannot perform hmmsearch on it.
WARNING  : ############ Skip replicon CDLCMCKM_77 ############
INFO     : ############ Processing replicon CDLCMCKM_78 (78/112) ############

INFO     : Starting Default search ... :
INFO     : Default search done... : 
INFO     : In replicon CDLCMCKM_78, there are:
INFO     : - 0 complete integron(s) found with a total 0 attC site(s)
INFO     : - 0 CALIN element(s) found with a total of 0 attC site(s)
INFO     : - 0 In0 element(s) found with a total of 0 attC site
INFO     : Writing out results for replicon CDLCMCKM_78
INFO     : ############ Processing replicon CDLCMCKM_79 (79/112) ############

INFO     : Starting Default search ... :
INFO     : Default search done... : 
INFO     : In replicon CDLCMCKM_79, there are:
INFO     : - 0 complete integron(s) found with a total 0 attC site(s)
INFO     : - 0 CALIN element(s) found with a total of 0 attC site(s)
INFO     : - 0 In0 element(s) found with a total of 0 attC site
INFO     : Writing out results for replicon CDLCMCKM_79
INFO     : ############ Processing replicon CDLCMCKM_80 (80/112) ############

INFO     : Starting Default search ... :
INFO     : Default search done... : 
INFO     : In replicon CDLCMCKM_80, there are:
INFO     : - 0 complete integron(s) found with a total 0 attC site(s)
INFO     : - 0 CALIN element(s) found with a total of 0 attC site(s)
INFO     : - 0 In0 element(s) found with a total of 0 attC site
INFO     : Writing out results for replicon CDLCMCKM_80
INFO     : ############ Processing replicon CDLCMCKM_81 (81/112) ############

INFO     : Starting Default search ... :
INFO     : Default search done... : 
INFO     : In replicon CDLCMCKM_81, there are:
INFO     : - 0 complete integron(s) found with a total 0 attC site(s)
INFO     : - 0 CALIN element(s) found with a total of 0 attC site(s)
INFO     : - 0 In0 element(s) found with a total of 0 attC site
INFO     : Writing out results for replicon CDLCMCKM_81
INFO     : ############ Processing replicon CDLCMCKM_82 (82/112) ############

INFO     : Starting Default search ... :
INFO     : Default search done... : 
INFO     : In replicon CDLCMCKM_82, there are:
INFO     : - 0 complete integron(s) found with a total 0 attC site(s)
INFO     : - 0 CALIN element(s) found with a total of 0 attC site(s)
INFO     : - 0 In0 element(s) found with a total of 0 attC site
INFO     : Writing out results for replicon CDLCMCKM_82
INFO     : ############ Processing replicon CDLCMCKM_83 (83/112) ############

INFO     : Starting Default search ... :
INFO     : Default search done... : 
INFO     : In replicon CDLCMCKM_83, there are:
INFO     : - 0 complete integron(s) found with a total 0 attC site(s)
INFO     : - 0 CALIN element(s) found with a total of 0 attC site(s)
INFO     : - 0 In0 element(s) found with a total of 0 attC site
INFO     : Writing out results for replicon CDLCMCKM_83
INFO     : ############ Processing replicon CDLCMCKM_84 (84/112) ############

INFO     : Starting Default search ... :
INFO     : Default search done... : 
INFO     : In replicon CDLCMCKM_84, there are:
INFO     : - 0 complete integron(s) found with a total 0 attC site(s)
INFO     : - 0 CALIN element(s) found with a total of 0 attC site(s)
INFO     : - 0 In0 element(s) found with a total of 0 attC site
INFO     : Writing out results for replicon CDLCMCKM_84
INFO     : ############ Processing replicon CDLCMCKM_85 (85/112) ############

INFO     : Starting Default search ... :
INFO     : Default search done... : 
INFO     : In replicon CDLCMCKM_85, there are:
INFO     : - 0 complete integron(s) found with a total 0 attC site(s)
INFO     : - 0 CALIN element(s) found with a total of 0 attC site(s)
INFO     : - 0 In0 element(s) found with a total of 0 attC site
INFO     : Writing out results for replicon CDLCMCKM_85
INFO     : ############ Processing replicon CDLCMCKM_86 (86/112) ############

INFO     : Starting Default search ... :
INFO     : Default search done... : 
INFO     : In replicon CDLCMCKM_86, there are:
INFO     : - 0 complete integron(s) found with a total 0 attC site(s)
INFO     : - 0 CALIN element(s) found with a total of 0 attC site(s)
INFO     : - 0 In0 element(s) found with a total of 0 attC site
INFO     : Writing out results for replicon CDLCMCKM_86
INFO     : ############ Processing replicon CDLCMCKM_87 (87/112) ############

INFO     : Starting Default search ... :
INFO     : Default search done... : 
INFO     : In replicon CDLCMCKM_87, there are:
INFO     : - 0 complete integron(s) found with a total 0 attC site(s)
INFO     : - 0 CALIN element(s) found with a total of 0 attC site(s)
INFO     : - 0 In0 element(s) found with a total of 0 attC site
INFO     : Writing out results for replicon CDLCMCKM_87
INFO     : ############ Processing replicon CDLCMCKM_88 (88/112) ############

INFO     : Starting Default search ... :
INFO     : Default search done... : 
INFO     : In replicon CDLCMCKM_88, there are:
INFO     : - 0 complete integron(s) found with a total 0 attC site(s)
INFO     : - 0 CALIN element(s) found with a total of 0 attC site(s)
INFO     : - 0 In0 element(s) found with a total of 0 attC site
INFO     : Writing out results for replicon CDLCMCKM_88
INFO     : ############ Processing replicon CDLCMCKM_89 (89/112) ############

INFO     : Starting Default search ... :
INFO     : Default search done... : 
INFO     : In replicon CDLCMCKM_89, there are:
INFO     : - 0 complete integron(s) found with a total 0 attC site(s)
INFO     : - 0 CALIN element(s) found with a total of 0 attC site(s)
INFO     : - 0 In0 element(s) found with a total of 0 attC site
INFO     : Writing out results for replicon CDLCMCKM_89
INFO     : ############ Processing replicon CDLCMCKM_90 (90/112) ############

INFO     : Starting Default search ... :
INFO     : Default search done... : 
INFO     : In replicon CDLCMCKM_90, there are:
INFO     : - 0 complete integron(s) found with a total 0 attC site(s)
INFO     : - 0 CALIN element(s) found with a total of 0 attC site(s)
INFO     : - 0 In0 element(s) found with a total of 0 attC site
INFO     : Writing out results for replicon CDLCMCKM_90
INFO     : ############ Processing replicon CDLCMCKM_91 (91/112) ############

INFO     : Starting Default search ... :
INFO     : Default search done... : 
INFO     : In replicon CDLCMCKM_91, there are:
INFO     : - 0 complete integron(s) found with a total 0 attC site(s)
INFO     : - 0 CALIN element(s) found with a total of 0 attC site(s)
INFO     : - 0 In0 element(s) found with a total of 0 attC site
INFO     : Writing out results for replicon CDLCMCKM_91
INFO     : ############ Processing replicon CDLCMCKM_92 (92/112) ############

INFO     : Starting Default search ... :
INFO     : Default search done... : 
INFO     : In replicon CDLCMCKM_92, there are:
INFO     : - 0 complete integron(s) found with a total 0 attC site(s)
INFO     : - 0 CALIN element(s) found with a total of 0 attC site(s)
INFO     : - 0 In0 element(s) found with a total of 0 attC site
INFO     : Writing out results for replicon CDLCMCKM_92
INFO     : ############ Processing replicon CDLCMCKM_93 (93/112) ############

INFO     : Starting Default search ... :
INFO     : Default search done... : 
INFO     : In replicon CDLCMCKM_93, there are:
INFO     : - 0 complete integron(s) found with a total 0 attC site(s)
INFO     : - 0 CALIN element(s) found with a total of 0 attC site(s)
INFO     : - 0 In0 element(s) found with a total of 0 attC site
INFO     : Writing out results for replicon CDLCMCKM_93
INFO     : ############ Processing replicon CDLCMCKM_94 (94/112) ############

INFO     : Starting Default search ... :
INFO     : Default search done... : 
INFO     : In replicon CDLCMCKM_94, there are:
INFO     : - 0 complete integron(s) found with a total 0 attC site(s)
INFO     : - 0 CALIN element(s) found with a total of 0 attC site(s)
INFO     : - 0 In0 element(s) found with a total of 0 attC site
INFO     : Writing out results for replicon CDLCMCKM_94
INFO     : ############ Processing replicon CDLCMCKM_95 (95/112) ############

INFO     : Starting Default search ... :
INFO     : Default search done... : 
INFO     : In replicon CDLCMCKM_95, there are:
INFO     : - 0 complete integron(s) found with a total 0 attC site(s)
INFO     : - 0 CALIN element(s) found with a total of 0 attC site(s)
INFO     : - 0 In0 element(s) found with a total of 0 attC site
INFO     : Writing out results for replicon CDLCMCKM_95
INFO     : ############ Processing replicon CDLCMCKM_96 (96/112) ############

WARNING  : The protein file: '/home/precious/etd/work/06/9d5b54dec1b14fd00ffc83f4825d03/Results_Integron_Finder_SAMN04875288_contigs/tmp_CDLCMCKM_96/CDLCMCKM_96.prt' is empty cannot perform hmmsearch on it.
WARNING  : ############ Skip replicon CDLCMCKM_96 ############
INFO     : ############ Processing replicon CDLCMCKM_97 (97/112) ############

INFO     : Starting Default search ... :
INFO     : Default search done... : 
INFO     : In replicon CDLCMCKM_97, there are:
INFO     : - 0 complete integron(s) found with a total 0 attC site(s)
INFO     : - 0 CALIN element(s) found with a total of 0 attC site(s)
INFO     : - 0 In0 element(s) found with a total of 0 attC site
INFO     : Writing out results for replicon CDLCMCKM_97
INFO     : ############ Processing replicon CDLCMCKM_98 (98/112) ############

WARNING  : The protein file: '/home/precious/etd/work/06/9d5b54dec1b14fd00ffc83f4825d03/Results_Integron_Finder_SAMN04875288_contigs/tmp_CDLCMCKM_98/CDLCMCKM_98.prt' is empty cannot perform hmmsearch on it.
WARNING  : ############ Skip replicon CDLCMCKM_98 ############
INFO     : ############ Processing replicon CDLCMCKM_99 (99/112) ############

INFO     : Starting Default search ... :
INFO     : Default search done... : 
INFO     : In replicon CDLCMCKM_99, there are:
INFO     : - 0 complete integron(s) found with a total 0 attC site(s)
INFO     : - 0 CALIN element(s) found with a total of 0 attC site(s)
INFO     : - 0 In0 element(s) found with a total of 0 attC site
INFO     : Writing out results for replicon CDLCMCKM_99
INFO     : ############ Processing replicon CDLCMCKM_100 (100/112) ############

WARNING  : The protein file: '/home/precious/etd/work/06/9d5b54dec1b14fd00ffc83f4825d03/Results_Integron_Finder_SAMN04875288_contigs/tmp_CDLCMCKM_100/CDLCMCKM_100.prt' is empty cannot perform hmmsearch on it.
WARNING  : ############ Skip replicon CDLCMCKM_100 ############
INFO     : ############ Processing replicon CDLCMCKM_101 (101/112) ############

INFO     : Starting Default search ... :
INFO     : Default search done... : 
INFO     : In replicon CDLCMCKM_101, there are:
INFO     : - 0 complete integron(s) found with a total 0 attC site(s)
INFO     : - 0 CALIN element(s) found with a total of 0 attC site(s)
INFO     : - 0 In0 element(s) found with a total of 0 attC site
INFO     : Writing out results for replicon CDLCMCKM_101
INFO     : ############ Processing replicon CDLCMCKM_102 (102/112) ############

INFO     : Starting Default search ... :
INFO     : Default search done... : 
INFO     : In replicon CDLCMCKM_102, there are:
INFO     : - 0 complete integron(s) found with a total 0 attC site(s)
INFO     : - 0 CALIN element(s) found with a total of 0 attC site(s)
INFO     : - 0 In0 element(s) found with a total of 0 attC site
INFO     : Writing out results for replicon CDLCMCKM_102
INFO     : ############ Processing replicon CDLCMCKM_103 (103/112) ############

WARNING  : The protein file: '/home/precious/etd/work/06/9d5b54dec1b14fd00ffc83f4825d03/Results_Integron_Finder_SAMN04875288_contigs/tmp_CDLCMCKM_103/CDLCMCKM_103.prt' is empty cannot perform hmmsearch on it.
WARNING  : ############ Skip replicon CDLCMCKM_103 ############
INFO     : ############ Processing replicon CDLCMCKM_104 (104/112) ############

INFO     : Starting Default search ... :
INFO     : Default search done... : 
INFO     : In replicon CDLCMCKM_104, there are:
INFO     : - 0 complete integron(s) found with a total 0 attC site(s)
INFO     : - 0 CALIN element(s) found with a total of 0 attC site(s)
INFO     : - 0 In0 element(s) found with a total of 0 attC site
INFO     : Writing out results for replicon CDLCMCKM_104
INFO     : ############ Processing replicon CDLCMCKM_105 (105/112) ############

WARNING  : The protein file: '/home/precious/etd/work/06/9d5b54dec1b14fd00ffc83f4825d03/Results_Integron_Finder_SAMN04875288_contigs/tmp_CDLCMCKM_105/CDLCMCKM_105.prt' is empty cannot perform hmmsearch on it.
WARNING  : ############ Skip replicon CDLCMCKM_105 ############
INFO     : ############ Processing replicon CDLCMCKM_106 (106/112) ############

WARNING  : The protein file: '/home/precious/etd/work/06/9d5b54dec1b14fd00ffc83f4825d03/Results_Integron_Finder_SAMN04875288_contigs/tmp_CDLCMCKM_106/CDLCMCKM_106.prt' is empty cannot perform hmmsearch on it.
WARNING  : ############ Skip replicon CDLCMCKM_106 ############
INFO     : ############ Processing replicon CDLCMCKM_107 (107/112) ############

INFO     : Starting Default search ... :
INFO     : Default search done... : 
INFO     : In replicon CDLCMCKM_107, there are:
INFO     : - 0 complete integron(s) found with a total 0 attC site(s)
INFO     : - 0 CALIN element(s) found with a total of 0 attC site(s)
INFO     : - 0 In0 element(s) found with a total of 0 attC site
INFO     : Writing out results for replicon CDLCMCKM_107
INFO     : ############ Processing replicon CDLCMCKM_108 (108/112) ############

INFO     : Starting Default search ... :
INFO     : Default search done... : 
INFO     : In replicon CDLCMCKM_108, there are:
INFO     : - 0 complete integron(s) found with a total 0 attC site(s)
INFO     : - 0 CALIN element(s) found with a total of 0 attC site(s)
INFO     : - 0 In0 element(s) found with a total of 0 attC site
INFO     : Writing out results for replicon CDLCMCKM_108
INFO     : ############ Processing replicon CDLCMCKM_109 (109/112) ############

WARNING  : The protein file: '/home/precious/etd/work/06/9d5b54dec1b14fd00ffc83f4825d03/Results_Integron_Finder_SAMN04875288_contigs/tmp_CDLCMCKM_109/CDLCMCKM_109.prt' is empty cannot perform hmmsearch on it.
WARNING  : ############ Skip replicon CDLCMCKM_109 ############
INFO     : ############ Processing replicon CDLCMCKM_110 (110/112) ############

WARNING  : The protein file: '/home/precious/etd/work/06/9d5b54dec1b14fd00ffc83f4825d03/Results_Integron_Finder_SAMN04875288_contigs/tmp_CDLCMCKM_110/CDLCMCKM_110.prt' is empty cannot perform hmmsearch on it.
WARNING  : ############ Skip replicon CDLCMCKM_110 ############
INFO     : ############ Processing replicon CDLCMCKM_111 (111/112) ############

INFO     : Starting Default search ... :
INFO     : Default search done... : 
INFO     : In replicon CDLCMCKM_111, there are:
INFO     : - 0 complete integron(s) found with a total 0 attC site(s)
INFO     : - 0 CALIN element(s) found with a total of 0 attC site(s)
INFO     : - 0 In0 element(s) found with a total of 0 attC site
INFO     : Writing out results for replicon CDLCMCKM_111
INFO     : ############ Processing replicon CDLCMCKM_112 (112/112) ############

WARNING  : The protein file: '/home/precious/etd/work/06/9d5b54dec1b14fd00ffc83f4825d03/Results_Integron_Finder_SAMN04875288_contigs/tmp_CDLCMCKM_112/CDLCMCKM_112.prt' is empty cannot perform hmmsearch on it.
WARNING  : ############ Skip replicon CDLCMCKM_112 ############
INFO     : Merging integrons results.

