
**************************************************************************
 ___       _                               _____ _           _
|_ _|_ __ | |_ ___  __ _ _ __ ___  _ __   |  ___(_)_ __   __| | ___ _ __
 | || '_ \| __/ _ \/ _` | '__/ _ \| '_ \  | |_  | | '_ \ / _` |/ _ \ '__|
 | || | | | ||  __/ (_| | | | (_) | | | | |  _| | | | | | (_| |  __/ |
|___|_| |_|\__\___|\__, |_|  \___/|_| |_| |_|   |_|_| |_|\__,_|\___|_|
                   |___/

**************************************************************************

integron_finder version 2.0.5 
Using:
 - Python 3.12.3 | packaged by conda-forge | (main, Apr 15 2024, 18:38:13) [GCC 12.3.0]
 - numpy 1.26.4
 - pandas 2.2.2
 - matplolib 3.8.4
 - biopython 1.83

 - Prodigal V2.6.3: February, 2016
 - INFERNAL 1.1.4 (Dec 2020)
 - HMMER 3.3.2 (Nov 2020); http://hmmer.org/

Authors:
 - Jean Cury, Bertrand Neron, Eduardo Rocha,

Citation:

 Néron, B.; Littner, E.; Haudiquet, M.; Perrin, A.; Cury, J.; Rocha, E.P.C. 
 IntegronFinder 2.0: Identification and Analysis of Integrons across Bacteria, with a Focus on Antibiotic Resistance in Klebsiella. 
 Microorganisms 2022, 10, 700. https://doi.org/10.3390/microorganisms10040700

 If you use --func-annot in conjunction with file NCBIfam-AMRFinder.hmm please also cite

 Haft, DH et al., Nucleic Acids Res. 2018 Jan 4;46(D1):D851-D860
 PMID: 29112715
 

                     =======================

integron_finder is free software: you can redistribute it and/or modify
it under the terms of the GNU General Public License as published by
the Free Software Foundation, either version 3 of the License, or
(at your option) any later version.

integron_finder is distributed in the hope that it will be useful,
but WITHOUT ANY WARRANTY; without even the implied warranty of
MERCHANTABILITY or FITNESS FOR A PARTICULAR PURPOSE. See the
GNU General Public License for more details.

You should have received a copy of the GNU General Public License
along with this program (COPYING file).
If not, see <http://www.gnu.org/licenses/>.

                     =======================

command used: integron_finder --cpu 2 SAMN04875285_contigs.fasta

                     =======================

[0m
INFO     : ############ Processing replicon MMHCIOPA_1 (1/58) ############

INFO     : Starting Default search ... :
INFO     : Default search done... : 
INFO     : In replicon MMHCIOPA_1, there are:
INFO     : - 0 complete integron(s) found with a total 0 attC site(s)
INFO     : - 0 CALIN element(s) found with a total of 0 attC site(s)
INFO     : - 0 In0 element(s) found with a total of 0 attC site
INFO     : Writing out results for replicon MMHCIOPA_1
INFO     : ############ Processing replicon MMHCIOPA_2 (2/58) ############

INFO     : Starting Default search ... :
INFO     : Default search done... : 
INFO     : In replicon MMHCIOPA_2, there are:
INFO     : - 0 complete integron(s) found with a total 0 attC site(s)
INFO     : - 0 CALIN element(s) found with a total of 0 attC site(s)
INFO     : - 0 In0 element(s) found with a total of 0 attC site
INFO     : Writing out results for replicon MMHCIOPA_2
INFO     : ############ Processing replicon MMHCIOPA_3 (3/58) ############

INFO     : Starting Default search ... :
INFO     : Default search done... : 
INFO     : In replicon MMHCIOPA_3, there are:
INFO     : - 0 complete integron(s) found with a total 0 attC site(s)
INFO     : - 0 CALIN element(s) found with a total of 0 attC site(s)
INFO     : - 0 In0 element(s) found with a total of 0 attC site
INFO     : Writing out results for replicon MMHCIOPA_3
INFO     : ############ Processing replicon MMHCIOPA_4 (4/58) ############

INFO     : Starting Default search ... :
INFO     : Default search done... : 
INFO     : In replicon MMHCIOPA_4, there are:
INFO     : - 0 complete integron(s) found with a total 0 attC site(s)
INFO     : - 0 CALIN element(s) found with a total of 0 attC site(s)
INFO     : - 0 In0 element(s) found with a total of 0 attC site
INFO     : Writing out results for replicon MMHCIOPA_4
INFO     : ############ Processing replicon MMHCIOPA_5 (5/58) ############

INFO     : Starting Default search ... :
INFO     : Default search done... : 
INFO     : In replicon MMHCIOPA_5, there are:
INFO     : - 0 complete integron(s) found with a total 0 attC site(s)
INFO     : - 0 CALIN element(s) found with a total of 0 attC site(s)
INFO     : - 0 In0 element(s) found with a total of 0 attC site
INFO     : Writing out results for replicon MMHCIOPA_5
INFO     : ############ Processing replicon MMHCIOPA_6 (6/58) ############

INFO     : Starting Default search ... :
INFO     : Default search done... : 
INFO     : In replicon MMHCIOPA_6, there are:
INFO     : - 0 complete integron(s) found with a total 0 attC site(s)
INFO     : - 0 CALIN element(s) found with a total of 0 attC site(s)
INFO     : - 0 In0 element(s) found with a total of 0 attC site
INFO     : Writing out results for replicon MMHCIOPA_6
INFO     : ############ Processing replicon MMHCIOPA_7 (7/58) ############

INFO     : Starting Default search ... :
INFO     : Default search done... : 
INFO     : In replicon MMHCIOPA_7, there are:
INFO     : - 0 complete integron(s) found with a total 0 attC site(s)
INFO     : - 0 CALIN element(s) found with a total of 0 attC site(s)
INFO     : - 0 In0 element(s) found with a total of 0 attC site
INFO     : Writing out results for replicon MMHCIOPA_7
INFO     : ############ Processing replicon MMHCIOPA_8 (8/58) ############

INFO     : Starting Default search ... :
INFO     : Default search done... : 
INFO     : In replicon MMHCIOPA_8, there are:
INFO     : - 0 complete integron(s) found with a total 0 attC site(s)
INFO     : - 0 CALIN element(s) found with a total of 0 attC site(s)
INFO     : - 0 In0 element(s) found with a total of 0 attC site
INFO     : Writing out results for replicon MMHCIOPA_8
INFO     : ############ Processing replicon MMHCIOPA_9 (9/58) ############

INFO     : Starting Default search ... :
INFO     : Default search done... : 
INFO     : In replicon MMHCIOPA_9, there are:
INFO     : - 0 complete integron(s) found with a total 0 attC site(s)
INFO     : - 0 CALIN element(s) found with a total of 0 attC site(s)
INFO     : - 0 In0 element(s) found with a total of 0 attC site
INFO     : Writing out results for replicon MMHCIOPA_9
INFO     : ############ Processing replicon MMHCIOPA_10 (10/58) ############

INFO     : Starting Default search ... :
INFO     : Default search done... : 
INFO     : In replicon MMHCIOPA_10, there are:
INFO     : - 0 complete integron(s) found with a total 0 attC site(s)
INFO     : - 0 CALIN element(s) found with a total of 0 attC site(s)
INFO     : - 0 In0 element(s) found with a total of 0 attC site
INFO     : Writing out results for replicon MMHCIOPA_10
INFO     : ############ Processing replicon MMHCIOPA_11 (11/58) ############

INFO     : Starting Default search ... :
INFO     : Default search done... : 
INFO     : In replicon MMHCIOPA_11, there are:
INFO     : - 0 complete integron(s) found with a total 0 attC site(s)
INFO     : - 0 CALIN element(s) found with a total of 0 attC site(s)
INFO     : - 0 In0 element(s) found with a total of 0 attC site
INFO     : Writing out results for replicon MMHCIOPA_11
INFO     : ############ Processing replicon MMHCIOPA_12 (12/58) ############

INFO     : Starting Default search ... :
INFO     : Default search done... : 
INFO     : In replicon MMHCIOPA_12, there are:
INFO     : - 0 complete integron(s) found with a total 0 attC site(s)
INFO     : - 0 CALIN element(s) found with a total of 0 attC site(s)
INFO     : - 0 In0 element(s) found with a total of 0 attC site
INFO     : Writing out results for replicon MMHCIOPA_12
INFO     : ############ Processing replicon MMHCIOPA_13 (13/58) ############

INFO     : Starting Default search ... :
INFO     : Default search done... : 
INFO     : In replicon MMHCIOPA_13, there are:
INFO     : - 0 complete integron(s) found with a total 0 attC site(s)
INFO     : - 0 CALIN element(s) found with a total of 0 attC site(s)
INFO     : - 0 In0 element(s) found with a total of 0 attC site
INFO     : Writing out results for replicon MMHCIOPA_13
INFO     : ############ Processing replicon MMHCIOPA_14 (14/58) ############

INFO     : Starting Default search ... :
INFO     : Default search done... : 
INFO     : In replicon MMHCIOPA_14, there are:
INFO     : - 0 complete integron(s) found with a total 0 attC site(s)
INFO     : - 0 CALIN element(s) found with a total of 0 attC site(s)
INFO     : - 0 In0 element(s) found with a total of 0 attC site
INFO     : Writing out results for replicon MMHCIOPA_14
INFO     : ############ Processing replicon MMHCIOPA_15 (15/58) ############

INFO     : Starting Default search ... :
INFO     : Default search done... : 
INFO     : In replicon MMHCIOPA_15, there are:
INFO     : - 0 complete integron(s) found with a total 0 attC site(s)
INFO     : - 0 CALIN element(s) found with a total of 0 attC site(s)
INFO     : - 0 In0 element(s) found with a total of 0 attC site
INFO     : Writing out results for replicon MMHCIOPA_15
INFO     : ############ Processing replicon MMHCIOPA_16 (16/58) ############

INFO     : Starting Default search ... :
INFO     : Default search done... : 
INFO     : In replicon MMHCIOPA_16, there are:
INFO     : - 0 complete integron(s) found with a total 0 attC site(s)
INFO     : - 0 CALIN element(s) found with a total of 0 attC site(s)
INFO     : - 0 In0 element(s) found with a total of 0 attC site
INFO     : Writing out results for replicon MMHCIOPA_16
INFO     : ############ Processing replicon MMHCIOPA_17 (17/58) ############

INFO     : Starting Default search ... :
INFO     : Default search done... : 
INFO     : In replicon MMHCIOPA_17, there are:
INFO     : - 0 complete integron(s) found with a total 0 attC site(s)
INFO     : - 0 CALIN element(s) found with a total of 0 attC site(s)
INFO     : - 0 In0 element(s) found with a total of 0 attC site
INFO     : Writing out results for replicon MMHCIOPA_17
INFO     : ############ Processing replicon MMHCIOPA_18 (18/58) ############

INFO     : Starting Default search ... :
INFO     : Default search done... : 
INFO     : In replicon MMHCIOPA_18, there are:
INFO     : - 0 complete integron(s) found with a total 0 attC site(s)
INFO     : - 0 CALIN element(s) found with a total of 0 attC site(s)
INFO     : - 0 In0 element(s) found with a total of 0 attC site
INFO     : Writing out results for replicon MMHCIOPA_18
INFO     : ############ Processing replicon MMHCIOPA_19 (19/58) ############

INFO     : Starting Default search ... :
INFO     : Default search done... : 
INFO     : In replicon MMHCIOPA_19, there are:
INFO     : - 0 complete integron(s) found with a total 0 attC site(s)
INFO     : - 0 CALIN element(s) found with a total of 0 attC site(s)
INFO     : - 0 In0 element(s) found with a total of 0 attC site
INFO     : Writing out results for replicon MMHCIOPA_19
INFO     : ############ Processing replicon MMHCIOPA_20 (20/58) ############

INFO     : Starting Default search ... :
INFO     : Default search done... : 
INFO     : In replicon MMHCIOPA_20, there are:
INFO     : - 0 complete integron(s) found with a total 0 attC site(s)
INFO     : - 0 CALIN element(s) found with a total of 0 attC site(s)
INFO     : - 0 In0 element(s) found with a total of 0 attC site
INFO     : Writing out results for replicon MMHCIOPA_20
INFO     : ############ Processing replicon MMHCIOPA_21 (21/58) ############

INFO     : Starting Default search ... :
INFO     : Default search done... : 
INFO     : In replicon MMHCIOPA_21, there are:
INFO     : - 0 complete integron(s) found with a total 0 attC site(s)
INFO     : - 0 CALIN element(s) found with a total of 0 attC site(s)
INFO     : - 0 In0 element(s) found with a total of 0 attC site
INFO     : Writing out results for replicon MMHCIOPA_21
INFO     : ############ Processing replicon MMHCIOPA_22 (22/58) ############

INFO     : Starting Default search ... :
INFO     : Default search done... : 
INFO     : In replicon MMHCIOPA_22, there are:
INFO     : - 0 complete integron(s) found with a total 0 attC site(s)
INFO     : - 0 CALIN element(s) found with a total of 0 attC site(s)
INFO     : - 0 In0 element(s) found with a total of 0 attC site
INFO     : Writing out results for replicon MMHCIOPA_22
INFO     : ############ Processing replicon MMHCIOPA_23 (23/58) ############

INFO     : Starting Default search ... :
INFO     : Default search done... : 
INFO     : In replicon MMHCIOPA_23, there are:
INFO     : - 0 complete integron(s) found with a total 0 attC site(s)
INFO     : - 0 CALIN element(s) found with a total of 0 attC site(s)
INFO     : - 0 In0 element(s) found with a total of 0 attC site
INFO     : Writing out results for replicon MMHCIOPA_23
INFO     : ############ Processing replicon MMHCIOPA_24 (24/58) ############

INFO     : Starting Default search ... :
INFO     : Default search done... : 
INFO     : In replicon MMHCIOPA_24, there are:
INFO     : - 0 complete integron(s) found with a total 0 attC site(s)
INFO     : - 0 CALIN element(s) found with a total of 0 attC site(s)
INFO     : - 0 In0 element(s) found with a total of 0 attC site
INFO     : Writing out results for replicon MMHCIOPA_24
INFO     : ############ Processing replicon MMHCIOPA_25 (25/58) ############

INFO     : Starting Default search ... :
INFO     : Default search done... : 
INFO     : In replicon MMHCIOPA_25, there are:
INFO     : - 0 complete integron(s) found with a total 0 attC site(s)
INFO     : - 0 CALIN element(s) found with a total of 0 attC site(s)
INFO     : - 0 In0 element(s) found with a total of 0 attC site
INFO     : Writing out results for replicon MMHCIOPA_25
INFO     : ############ Processing replicon MMHCIOPA_26 (26/58) ############

INFO     : Starting Default search ... :
INFO     : Default search done... : 
INFO     : In replicon MMHCIOPA_26, there are:
INFO     : - 0 complete integron(s) found with a total 0 attC site(s)
INFO     : - 0 CALIN element(s) found with a total of 0 attC site(s)
INFO     : - 0 In0 element(s) found with a total of 0 attC site
INFO     : Writing out results for replicon MMHCIOPA_26
INFO     : ############ Processing replicon MMHCIOPA_27 (27/58) ############

INFO     : Starting Default search ... :
INFO     : Default search done... : 
INFO     : In replicon MMHCIOPA_27, there are:
INFO     : - 0 complete integron(s) found with a total 0 attC site(s)
INFO     : - 0 CALIN element(s) found with a total of 0 attC site(s)
INFO     : - 0 In0 element(s) found with a total of 0 attC site
INFO     : Writing out results for replicon MMHCIOPA_27
INFO     : ############ Processing replicon MMHCIOPA_28 (28/58) ############

INFO     : Starting Default search ... :
INFO     : Default search done... : 
INFO     : In replicon MMHCIOPA_28, there are:
INFO     : - 0 complete integron(s) found with a total 0 attC site(s)
INFO     : - 0 CALIN element(s) found with a total of 0 attC site(s)
INFO     : - 0 In0 element(s) found with a total of 0 attC site
INFO     : Writing out results for replicon MMHCIOPA_28
INFO     : ############ Processing replicon MMHCIOPA_29 (29/58) ############

INFO     : Starting Default search ... :
INFO     : Default search done... : 
INFO     : In replicon MMHCIOPA_29, there are:
INFO     : - 0 complete integron(s) found with a total 0 attC site(s)
INFO     : - 0 CALIN element(s) found with a total of 0 attC site(s)
INFO     : - 0 In0 element(s) found with a total of 0 attC site
INFO     : Writing out results for replicon MMHCIOPA_29
INFO     : ############ Processing replicon MMHCIOPA_30 (30/58) ############

INFO     : Starting Default search ... :
INFO     : Default search done... : 
INFO     : In replicon MMHCIOPA_30, there are:
INFO     : - 0 complete integron(s) found with a total 0 attC site(s)
INFO     : - 0 CALIN element(s) found with a total of 0 attC site(s)
INFO     : - 0 In0 element(s) found with a total of 0 attC site
INFO     : Writing out results for replicon MMHCIOPA_30
INFO     : ############ Processing replicon MMHCIOPA_31 (31/58) ############

INFO     : Starting Default search ... :
INFO     : Default search done... : 
INFO     : In replicon MMHCIOPA_31, there are:
INFO     : - 0 complete integron(s) found with a total 0 attC site(s)
INFO     : - 0 CALIN element(s) found with a total of 0 attC site(s)
INFO     : - 0 In0 element(s) found with a total of 0 attC site
INFO     : Writing out results for replicon MMHCIOPA_31
INFO     : ############ Processing replicon MMHCIOPA_32 (32/58) ############

WARNING  : The protein file: '/home/precious/etd/work/4c/2fa992b83d7fb52f09da1ed6802200/Results_Integron_Finder_SAMN04875285_contigs/tmp_MMHCIOPA_32/MMHCIOPA_32.prt' is empty cannot perform hmmsearch on it.
WARNING  : ############ Skip replicon MMHCIOPA_32 ############
INFO     : ############ Processing replicon MMHCIOPA_33 (33/58) ############

INFO     : Starting Default search ... :
INFO     : Default search done... : 
INFO     : In replicon MMHCIOPA_33, there are:
INFO     : - 0 complete integron(s) found with a total 0 attC site(s)
INFO     : - 0 CALIN element(s) found with a total of 0 attC site(s)
INFO     : - 0 In0 element(s) found with a total of 0 attC site
INFO     : Writing out results for replicon MMHCIOPA_33
INFO     : ############ Processing replicon MMHCIOPA_34 (34/58) ############

WARNING  : The protein file: '/home/precious/etd/work/4c/2fa992b83d7fb52f09da1ed6802200/Results_Integron_Finder_SAMN04875285_contigs/tmp_MMHCIOPA_34/MMHCIOPA_34.prt' is empty cannot perform hmmsearch on it.
WARNING  : ############ Skip replicon MMHCIOPA_34 ############
INFO     : ############ Processing replicon MMHCIOPA_35 (35/58) ############

INFO     : Starting Default search ... :
INFO     : Default search done... : 
INFO     : In replicon MMHCIOPA_35, there are:
INFO     : - 0 complete integron(s) found with a total 0 attC site(s)
INFO     : - 0 CALIN element(s) found with a total of 0 attC site(s)
INFO     : - 0 In0 element(s) found with a total of 0 attC site
INFO     : Writing out results for replicon MMHCIOPA_35
INFO     : ############ Processing replicon MMHCIOPA_36 (36/58) ############

INFO     : Starting Default search ... :
INFO     : Default search done... : 
INFO     : In replicon MMHCIOPA_36, there are:
INFO     : - 0 complete integron(s) found with a total 0 attC site(s)
INFO     : - 0 CALIN element(s) found with a total of 0 attC site(s)
INFO     : - 0 In0 element(s) found with a total of 0 attC site
INFO     : Writing out results for replicon MMHCIOPA_36
INFO     : ############ Processing replicon MMHCIOPA_37 (37/58) ############

INFO     : Starting Default search ... :
INFO     : Default search done... : 
INFO     : In replicon MMHCIOPA_37, there are:
INFO     : - 0 complete integron(s) found with a total 0 attC site(s)
INFO     : - 0 CALIN element(s) found with a total of 0 attC site(s)
INFO     : - 0 In0 element(s) found with a total of 0 attC site
INFO     : Writing out results for replicon MMHCIOPA_37
INFO     : ############ Processing replicon MMHCIOPA_38 (38/58) ############

INFO     : Starting Default search ... :
INFO     : Default search done... : 
INFO     : In replicon MMHCIOPA_38, there are:
INFO     : - 0 complete integron(s) found with a total 0 attC site(s)
INFO     : - 0 CALIN element(s) found with a total of 0 attC site(s)
INFO     : - 0 In0 element(s) found with a total of 0 attC site
INFO     : Writing out results for replicon MMHCIOPA_38
INFO     : ############ Processing replicon MMHCIOPA_39 (39/58) ############

INFO     : Starting Default search ... :
INFO     : Default search done... : 
INFO     : In replicon MMHCIOPA_39, there are:
INFO     : - 0 complete integron(s) found with a total 0 attC site(s)
INFO     : - 0 CALIN element(s) found with a total of 0 attC site(s)
INFO     : - 0 In0 element(s) found with a total of 0 attC site
INFO     : Writing out results for replicon MMHCIOPA_39
INFO     : ############ Processing replicon MMHCIOPA_40 (40/58) ############

INFO     : Starting Default search ... :
INFO     : Default search done... : 
INFO     : In replicon MMHCIOPA_40, there are:
INFO     : - 0 complete integron(s) found with a total 0 attC site(s)
INFO     : - 0 CALIN element(s) found with a total of 0 attC site(s)
INFO     : - 0 In0 element(s) found with a total of 0 attC site
INFO     : Writing out results for replicon MMHCIOPA_40
INFO     : ############ Processing replicon MMHCIOPA_41 (41/58) ############

INFO     : Starting Default search ... :
INFO     : Default search done... : 
INFO     : In replicon MMHCIOPA_41, there are:
INFO     : - 0 complete integron(s) found with a total 0 attC site(s)
INFO     : - 0 CALIN element(s) found with a total of 0 attC site(s)
INFO     : - 0 In0 element(s) found with a total of 0 attC site
INFO     : Writing out results for replicon MMHCIOPA_41
INFO     : ############ Processing replicon MMHCIOPA_42 (42/58) ############

INFO     : Starting Default search ... :
INFO     : Default search done... : 
INFO     : In replicon MMHCIOPA_42, there are:
INFO     : - 0 complete integron(s) found with a total 0 attC site(s)
INFO     : - 0 CALIN element(s) found with a total of 0 attC site(s)
INFO     : - 0 In0 element(s) found with a total of 0 attC site
INFO     : Writing out results for replicon MMHCIOPA_42
INFO     : ############ Processing replicon MMHCIOPA_43 (43/58) ############

INFO     : Starting Default search ... :
INFO     : Default search done... : 
INFO     : In replicon MMHCIOPA_43, there are:
INFO     : - 0 complete integron(s) found with a total 0 attC site(s)
INFO     : - 0 CALIN element(s) found with a total of 0 attC site(s)
INFO     : - 0 In0 element(s) found with a total of 0 attC site
INFO     : Writing out results for replicon MMHCIOPA_43
INFO     : ############ Processing replicon MMHCIOPA_44 (44/58) ############

INFO     : Starting Default search ... :
INFO     : Default search done... : 
INFO     : In replicon MMHCIOPA_44, there are:
INFO     : - 0 complete integron(s) found with a total 0 attC site(s)
INFO     : - 0 CALIN element(s) found with a total of 0 attC site(s)
INFO     : - 0 In0 element(s) found with a total of 0 attC site
INFO     : Writing out results for replicon MMHCIOPA_44
INFO     : ############ Processing replicon MMHCIOPA_45 (45/58) ############

INFO     : Starting Default search ... :
INFO     : Default search done... : 
INFO     : In replicon MMHCIOPA_45, there are:
INFO     : - 0 complete integron(s) found with a total 0 attC site(s)
INFO     : - 0 CALIN element(s) found with a total of 0 attC site(s)
INFO     : - 0 In0 element(s) found with a total of 0 attC site
INFO     : Writing out results for replicon MMHCIOPA_45
INFO     : ############ Processing replicon MMHCIOPA_46 (46/58) ############

WARNING  : The protein file: '/home/precious/etd/work/4c/2fa992b83d7fb52f09da1ed6802200/Results_Integron_Finder_SAMN04875285_contigs/tmp_MMHCIOPA_46/MMHCIOPA_46.prt' is empty cannot perform hmmsearch on it.
WARNING  : ############ Skip replicon MMHCIOPA_46 ############
INFO     : ############ Processing replicon MMHCIOPA_47 (47/58) ############

INFO     : Starting Default search ... :
INFO     : Default search done... : 
INFO     : In replicon MMHCIOPA_47, there are:
INFO     : - 0 complete integron(s) found with a total 0 attC site(s)
INFO     : - 0 CALIN element(s) found with a total of 0 attC site(s)
INFO     : - 0 In0 element(s) found with a total of 0 attC site
INFO     : Writing out results for replicon MMHCIOPA_47
INFO     : ############ Processing replicon MMHCIOPA_48 (48/58) ############

WARNING  : The protein file: '/home/precious/etd/work/4c/2fa992b83d7fb52f09da1ed6802200/Results_Integron_Finder_SAMN04875285_contigs/tmp_MMHCIOPA_48/MMHCIOPA_48.prt' is empty cannot perform hmmsearch on it.
WARNING  : ############ Skip replicon MMHCIOPA_48 ############
INFO     : ############ Processing replicon MMHCIOPA_49 (49/58) ############

INFO     : Starting Default search ... :
INFO     : Default search done... : 
INFO     : In replicon MMHCIOPA_49, there are:
INFO     : - 0 complete integron(s) found with a total 0 attC site(s)
INFO     : - 0 CALIN element(s) found with a total of 0 attC site(s)
INFO     : - 0 In0 element(s) found with a total of 0 attC site
INFO     : Writing out results for replicon MMHCIOPA_49
INFO     : ############ Processing replicon MMHCIOPA_50 (50/58) ############

INFO     : Starting Default search ... :
INFO     : Default search done... : 
INFO     : In replicon MMHCIOPA_50, there are:
INFO     : - 0 complete integron(s) found with a total 0 attC site(s)
INFO     : - 0 CALIN element(s) found with a total of 0 attC site(s)
INFO     : - 0 In0 element(s) found with a total of 0 attC site
INFO     : Writing out results for replicon MMHCIOPA_50
INFO     : ############ Processing replicon MMHCIOPA_51 (51/58) ############

WARNING  : The protein file: '/home/precious/etd/work/4c/2fa992b83d7fb52f09da1ed6802200/Results_Integron_Finder_SAMN04875285_contigs/tmp_MMHCIOPA_51/MMHCIOPA_51.prt' is empty cannot perform hmmsearch on it.
WARNING  : ############ Skip replicon MMHCIOPA_51 ############
INFO     : ############ Processing replicon MMHCIOPA_52 (52/58) ############

INFO     : Starting Default search ... :
INFO     : Default search done... : 
INFO     : In replicon MMHCIOPA_52, there are:
INFO     : - 0 complete integron(s) found with a total 0 attC site(s)
INFO     : - 0 CALIN element(s) found with a total of 0 attC site(s)
INFO     : - 0 In0 element(s) found with a total of 0 attC site
INFO     : Writing out results for replicon MMHCIOPA_52
INFO     : ############ Processing replicon MMHCIOPA_53 (53/58) ############

WARNING  : The protein file: '/home/precious/etd/work/4c/2fa992b83d7fb52f09da1ed6802200/Results_Integron_Finder_SAMN04875285_contigs/tmp_MMHCIOPA_53/MMHCIOPA_53.prt' is empty cannot perform hmmsearch on it.
WARNING  : ############ Skip replicon MMHCIOPA_53 ############
INFO     : ############ Processing replicon MMHCIOPA_54 (54/58) ############

INFO     : Starting Default search ... :
INFO     : Default search done... : 
INFO     : In replicon MMHCIOPA_54, there are:
INFO     : - 0 complete integron(s) found with a total 0 attC site(s)
INFO     : - 0 CALIN element(s) found with a total of 0 attC site(s)
INFO     : - 0 In0 element(s) found with a total of 0 attC site
INFO     : Writing out results for replicon MMHCIOPA_54
INFO     : ############ Processing replicon MMHCIOPA_55 (55/58) ############

INFO     : Starting Default search ... :
INFO     : Default search done... : 
INFO     : In replicon MMHCIOPA_55, there are:
INFO     : - 0 complete integron(s) found with a total 0 attC site(s)
INFO     : - 0 CALIN element(s) found with a total of 0 attC site(s)
INFO     : - 0 In0 element(s) found with a total of 0 attC site
INFO     : Writing out results for replicon MMHCIOPA_55
INFO     : ############ Processing replicon MMHCIOPA_56 (56/58) ############

WARNING  : The protein file: '/home/precious/etd/work/4c/2fa992b83d7fb52f09da1ed6802200/Results_Integron_Finder_SAMN04875285_contigs/tmp_MMHCIOPA_56/MMHCIOPA_56.prt' is empty cannot perform hmmsearch on it.
WARNING  : ############ Skip replicon MMHCIOPA_56 ############
INFO     : ############ Processing replicon MMHCIOPA_57 (57/58) ############

INFO     : Starting Default search ... :
INFO     : Default search done... : 
INFO     : In replicon MMHCIOPA_57, there are:
INFO     : - 0 complete integron(s) found with a total 0 attC site(s)
INFO     : - 0 CALIN element(s) found with a total of 0 attC site(s)
INFO     : - 0 In0 element(s) found with a total of 0 attC site
INFO     : Writing out results for replicon MMHCIOPA_57
INFO     : ############ Processing replicon MMHCIOPA_58 (58/58) ############

WARNING  : The protein file: '/home/precious/etd/work/4c/2fa992b83d7fb52f09da1ed6802200/Results_Integron_Finder_SAMN04875285_contigs/tmp_MMHCIOPA_58/MMHCIOPA_58.prt' is empty cannot perform hmmsearch on it.
WARNING  : ############ Skip replicon MMHCIOPA_58 ############
INFO     : Merging integrons results.

