
**************************************************************************
 ___       _                               _____ _           _
|_ _|_ __ | |_ ___  __ _ _ __ ___  _ __   |  ___(_)_ __   __| | ___ _ __
 | || '_ \| __/ _ \/ _` | '__/ _ \| '_ \  | |_  | | '_ \ / _` |/ _ \ '__|
 | || | | | ||  __/ (_| | | | (_) | | | | |  _| | | | | | (_| |  __/ |
|___|_| |_|\__\___|\__, |_|  \___/|_| |_| |_|   |_|_| |_|\__,_|\___|_|
                   |___/

**************************************************************************

integron_finder version 2.0.5 
Using:
 - Python 3.12.3 | packaged by conda-forge | (main, Apr 15 2024, 18:38:13) [GCC 12.3.0]
 - numpy 1.26.4
 - pandas 2.2.2
 - matplolib 3.8.4
 - biopython 1.83

 - Prodigal V2.6.3: February, 2016
 - INFERNAL 1.1.4 (Dec 2020)
 - HMMER 3.3.2 (Nov 2020); http://hmmer.org/

Authors:
 - Jean Cury, Bertrand Neron, Eduardo Rocha,

Citation:

 Néron, B.; Littner, E.; Haudiquet, M.; Perrin, A.; Cury, J.; Rocha, E.P.C. 
 IntegronFinder 2.0: Identification and Analysis of Integrons across Bacteria, with a Focus on Antibiotic Resistance in Klebsiella. 
 Microorganisms 2022, 10, 700. https://doi.org/10.3390/microorganisms10040700

 If you use --func-annot in conjunction with file NCBIfam-AMRFinder.hmm please also cite

 Haft, DH et al., Nucleic Acids Res. 2018 Jan 4;46(D1):D851-D860
 PMID: 29112715
 

                     =======================

integron_finder is free software: you can redistribute it and/or modify
it under the terms of the GNU General Public License as published by
the Free Software Foundation, either version 3 of the License, or
(at your option) any later version.

integron_finder is distributed in the hope that it will be useful,
but WITHOUT ANY WARRANTY; without even the implied warranty of
MERCHANTABILITY or FITNESS FOR A PARTICULAR PURPOSE. See the
GNU General Public License for more details.

You should have received a copy of the GNU General Public License
along with this program (COPYING file).
If not, see <http://www.gnu.org/licenses/>.

                     =======================

command used: integron_finder --cpu 2 SAMN04875285.fa

                     =======================

[0m
INFO     : ############ Processing replicon SAMN04875285.contig00001 (1/58) ############

INFO     : Starting Default search ... :
INFO     : Default search done... : 
INFO     : In replicon SAMN04875285.contig00001, there are:
INFO     : - 0 complete integron(s) found with a total 0 attC site(s)
INFO     : - 0 CALIN element(s) found with a total of 0 attC site(s)
INFO     : - 0 In0 element(s) found with a total of 0 attC site
INFO     : Writing out results for replicon SAMN04875285.contig00001
INFO     : ############ Processing replicon SAMN04875285.contig00002 (2/58) ############

INFO     : Starting Default search ... :
INFO     : Default search done... : 
INFO     : In replicon SAMN04875285.contig00002, there are:
INFO     : - 0 complete integron(s) found with a total 0 attC site(s)
INFO     : - 0 CALIN element(s) found with a total of 0 attC site(s)
INFO     : - 0 In0 element(s) found with a total of 0 attC site
INFO     : Writing out results for replicon SAMN04875285.contig00002
INFO     : ############ Processing replicon SAMN04875285.contig00003 (3/58) ############

INFO     : Starting Default search ... :
INFO     : Default search done... : 
INFO     : In replicon SAMN04875285.contig00003, there are:
INFO     : - 0 complete integron(s) found with a total 0 attC site(s)
INFO     : - 0 CALIN element(s) found with a total of 0 attC site(s)
INFO     : - 0 In0 element(s) found with a total of 0 attC site
INFO     : Writing out results for replicon SAMN04875285.contig00003
INFO     : ############ Processing replicon SAMN04875285.contig00004 (4/58) ############

INFO     : Starting Default search ... :
INFO     : Default search done... : 
INFO     : In replicon SAMN04875285.contig00004, there are:
INFO     : - 0 complete integron(s) found with a total 0 attC site(s)
INFO     : - 0 CALIN element(s) found with a total of 0 attC site(s)
INFO     : - 0 In0 element(s) found with a total of 0 attC site
INFO     : Writing out results for replicon SAMN04875285.contig00004
INFO     : ############ Processing replicon SAMN04875285.contig00005 (5/58) ############

INFO     : Starting Default search ... :
INFO     : Default search done... : 
INFO     : In replicon SAMN04875285.contig00005, there are:
INFO     : - 0 complete integron(s) found with a total 0 attC site(s)
INFO     : - 0 CALIN element(s) found with a total of 0 attC site(s)
INFO     : - 0 In0 element(s) found with a total of 0 attC site
INFO     : Writing out results for replicon SAMN04875285.contig00005
INFO     : ############ Processing replicon SAMN04875285.contig00006 (6/58) ############

INFO     : Starting Default search ... :
INFO     : Default search done... : 
INFO     : In replicon SAMN04875285.contig00006, there are:
INFO     : - 0 complete integron(s) found with a total 0 attC site(s)
INFO     : - 0 CALIN element(s) found with a total of 0 attC site(s)
INFO     : - 0 In0 element(s) found with a total of 0 attC site
INFO     : Writing out results for replicon SAMN04875285.contig00006
INFO     : ############ Processing replicon SAMN04875285.contig00007 (7/58) ############

INFO     : Starting Default search ... :
INFO     : Default search done... : 
INFO     : In replicon SAMN04875285.contig00007, there are:
INFO     : - 0 complete integron(s) found with a total 0 attC site(s)
INFO     : - 0 CALIN element(s) found with a total of 0 attC site(s)
INFO     : - 0 In0 element(s) found with a total of 0 attC site
INFO     : Writing out results for replicon SAMN04875285.contig00007
INFO     : ############ Processing replicon SAMN04875285.contig00008 (8/58) ############

INFO     : Starting Default search ... :
INFO     : Default search done... : 
INFO     : In replicon SAMN04875285.contig00008, there are:
INFO     : - 0 complete integron(s) found with a total 0 attC site(s)
INFO     : - 0 CALIN element(s) found with a total of 0 attC site(s)
INFO     : - 0 In0 element(s) found with a total of 0 attC site
INFO     : Writing out results for replicon SAMN04875285.contig00008
INFO     : ############ Processing replicon SAMN04875285.contig00009 (9/58) ############

INFO     : Starting Default search ... :
INFO     : Default search done... : 
INFO     : In replicon SAMN04875285.contig00009, there are:
INFO     : - 0 complete integron(s) found with a total 0 attC site(s)
INFO     : - 0 CALIN element(s) found with a total of 0 attC site(s)
INFO     : - 0 In0 element(s) found with a total of 0 attC site
INFO     : Writing out results for replicon SAMN04875285.contig00009
INFO     : ############ Processing replicon SAMN04875285.contig00010 (10/58) ############

INFO     : Starting Default search ... :
INFO     : Default search done... : 
INFO     : In replicon SAMN04875285.contig00010, there are:
INFO     : - 0 complete integron(s) found with a total 0 attC site(s)
INFO     : - 0 CALIN element(s) found with a total of 0 attC site(s)
INFO     : - 0 In0 element(s) found with a total of 0 attC site
INFO     : Writing out results for replicon SAMN04875285.contig00010
INFO     : ############ Processing replicon SAMN04875285.contig00011 (11/58) ############

INFO     : Starting Default search ... :
INFO     : Default search done... : 
INFO     : In replicon SAMN04875285.contig00011, there are:
INFO     : - 0 complete integron(s) found with a total 0 attC site(s)
INFO     : - 0 CALIN element(s) found with a total of 0 attC site(s)
INFO     : - 0 In0 element(s) found with a total of 0 attC site
INFO     : Writing out results for replicon SAMN04875285.contig00011
INFO     : ############ Processing replicon SAMN04875285.contig00012 (12/58) ############

INFO     : Starting Default search ... :
INFO     : Default search done... : 
INFO     : In replicon SAMN04875285.contig00012, there are:
INFO     : - 0 complete integron(s) found with a total 0 attC site(s)
INFO     : - 0 CALIN element(s) found with a total of 0 attC site(s)
INFO     : - 0 In0 element(s) found with a total of 0 attC site
INFO     : Writing out results for replicon SAMN04875285.contig00012
INFO     : ############ Processing replicon SAMN04875285.contig00013 (13/58) ############

INFO     : Starting Default search ... :
INFO     : Default search done... : 
INFO     : In replicon SAMN04875285.contig00013, there are:
INFO     : - 0 complete integron(s) found with a total 0 attC site(s)
INFO     : - 0 CALIN element(s) found with a total of 0 attC site(s)
INFO     : - 0 In0 element(s) found with a total of 0 attC site
INFO     : Writing out results for replicon SAMN04875285.contig00013
INFO     : ############ Processing replicon SAMN04875285.contig00014 (14/58) ############

INFO     : Starting Default search ... :
INFO     : Default search done... : 
INFO     : In replicon SAMN04875285.contig00014, there are:
INFO     : - 0 complete integron(s) found with a total 0 attC site(s)
INFO     : - 0 CALIN element(s) found with a total of 0 attC site(s)
INFO     : - 0 In0 element(s) found with a total of 0 attC site
INFO     : Writing out results for replicon SAMN04875285.contig00014
INFO     : ############ Processing replicon SAMN04875285.contig00015 (15/58) ############

INFO     : Starting Default search ... :
INFO     : Default search done... : 
INFO     : In replicon SAMN04875285.contig00015, there are:
INFO     : - 0 complete integron(s) found with a total 0 attC site(s)
INFO     : - 0 CALIN element(s) found with a total of 0 attC site(s)
INFO     : - 0 In0 element(s) found with a total of 0 attC site
INFO     : Writing out results for replicon SAMN04875285.contig00015
INFO     : ############ Processing replicon SAMN04875285.contig00016 (16/58) ############

INFO     : Starting Default search ... :
INFO     : Default search done... : 
INFO     : In replicon SAMN04875285.contig00016, there are:
INFO     : - 0 complete integron(s) found with a total 0 attC site(s)
INFO     : - 0 CALIN element(s) found with a total of 0 attC site(s)
INFO     : - 0 In0 element(s) found with a total of 0 attC site
INFO     : Writing out results for replicon SAMN04875285.contig00016
INFO     : ############ Processing replicon SAMN04875285.contig00017 (17/58) ############

INFO     : Starting Default search ... :
INFO     : Default search done... : 
INFO     : In replicon SAMN04875285.contig00017, there are:
INFO     : - 0 complete integron(s) found with a total 0 attC site(s)
INFO     : - 0 CALIN element(s) found with a total of 0 attC site(s)
INFO     : - 0 In0 element(s) found with a total of 0 attC site
INFO     : Writing out results for replicon SAMN04875285.contig00017
INFO     : ############ Processing replicon SAMN04875285.contig00018 (18/58) ############

INFO     : Starting Default search ... :
INFO     : Default search done... : 
INFO     : In replicon SAMN04875285.contig00018, there are:
INFO     : - 0 complete integron(s) found with a total 0 attC site(s)
INFO     : - 0 CALIN element(s) found with a total of 0 attC site(s)
INFO     : - 0 In0 element(s) found with a total of 0 attC site
INFO     : Writing out results for replicon SAMN04875285.contig00018
INFO     : ############ Processing replicon SAMN04875285.contig00019 (19/58) ############

INFO     : Starting Default search ... :
INFO     : Default search done... : 
INFO     : In replicon SAMN04875285.contig00019, there are:
INFO     : - 0 complete integron(s) found with a total 0 attC site(s)
INFO     : - 0 CALIN element(s) found with a total of 0 attC site(s)
INFO     : - 0 In0 element(s) found with a total of 0 attC site
INFO     : Writing out results for replicon SAMN04875285.contig00019
INFO     : ############ Processing replicon SAMN04875285.contig00020 (20/58) ############

INFO     : Starting Default search ... :
INFO     : Default search done... : 
INFO     : In replicon SAMN04875285.contig00020, there are:
INFO     : - 0 complete integron(s) found with a total 0 attC site(s)
INFO     : - 0 CALIN element(s) found with a total of 0 attC site(s)
INFO     : - 0 In0 element(s) found with a total of 0 attC site
INFO     : Writing out results for replicon SAMN04875285.contig00020
INFO     : ############ Processing replicon SAMN04875285.contig00021 (21/58) ############

INFO     : Starting Default search ... :
INFO     : Default search done... : 
INFO     : In replicon SAMN04875285.contig00021, there are:
INFO     : - 0 complete integron(s) found with a total 0 attC site(s)
INFO     : - 0 CALIN element(s) found with a total of 0 attC site(s)
INFO     : - 0 In0 element(s) found with a total of 0 attC site
INFO     : Writing out results for replicon SAMN04875285.contig00021
INFO     : ############ Processing replicon SAMN04875285.contig00022 (22/58) ############

INFO     : Starting Default search ... :
INFO     : Default search done... : 
INFO     : In replicon SAMN04875285.contig00022, there are:
INFO     : - 0 complete integron(s) found with a total 0 attC site(s)
INFO     : - 0 CALIN element(s) found with a total of 0 attC site(s)
INFO     : - 0 In0 element(s) found with a total of 0 attC site
INFO     : Writing out results for replicon SAMN04875285.contig00022
INFO     : ############ Processing replicon SAMN04875285.contig00023 (23/58) ############

INFO     : Starting Default search ... :
INFO     : Default search done... : 
INFO     : In replicon SAMN04875285.contig00023, there are:
INFO     : - 0 complete integron(s) found with a total 0 attC site(s)
INFO     : - 0 CALIN element(s) found with a total of 0 attC site(s)
INFO     : - 0 In0 element(s) found with a total of 0 attC site
INFO     : Writing out results for replicon SAMN04875285.contig00023
INFO     : ############ Processing replicon SAMN04875285.contig00024 (24/58) ############

INFO     : Starting Default search ... :
INFO     : Default search done... : 
INFO     : In replicon SAMN04875285.contig00024, there are:
INFO     : - 0 complete integron(s) found with a total 0 attC site(s)
INFO     : - 0 CALIN element(s) found with a total of 0 attC site(s)
INFO     : - 0 In0 element(s) found with a total of 0 attC site
INFO     : Writing out results for replicon SAMN04875285.contig00024
INFO     : ############ Processing replicon SAMN04875285.contig00025 (25/58) ############

INFO     : Starting Default search ... :
INFO     : Default search done... : 
INFO     : In replicon SAMN04875285.contig00025, there are:
INFO     : - 0 complete integron(s) found with a total 0 attC site(s)
INFO     : - 0 CALIN element(s) found with a total of 0 attC site(s)
INFO     : - 0 In0 element(s) found with a total of 0 attC site
INFO     : Writing out results for replicon SAMN04875285.contig00025
INFO     : ############ Processing replicon SAMN04875285.contig00026 (26/58) ############

INFO     : Starting Default search ... :
INFO     : Default search done... : 
INFO     : In replicon SAMN04875285.contig00026, there are:
INFO     : - 0 complete integron(s) found with a total 0 attC site(s)
INFO     : - 0 CALIN element(s) found with a total of 0 attC site(s)
INFO     : - 0 In0 element(s) found with a total of 0 attC site
INFO     : Writing out results for replicon SAMN04875285.contig00026
INFO     : ############ Processing replicon SAMN04875285.contig00027 (27/58) ############

INFO     : Starting Default search ... :
INFO     : Default search done... : 
INFO     : In replicon SAMN04875285.contig00027, there are:
INFO     : - 0 complete integron(s) found with a total 0 attC site(s)
INFO     : - 0 CALIN element(s) found with a total of 0 attC site(s)
INFO     : - 0 In0 element(s) found with a total of 0 attC site
INFO     : Writing out results for replicon SAMN04875285.contig00027
INFO     : ############ Processing replicon SAMN04875285.contig00028 (28/58) ############

INFO     : Starting Default search ... :
INFO     : Default search done... : 
INFO     : In replicon SAMN04875285.contig00028, there are:
INFO     : - 0 complete integron(s) found with a total 0 attC site(s)
INFO     : - 0 CALIN element(s) found with a total of 0 attC site(s)
INFO     : - 0 In0 element(s) found with a total of 0 attC site
INFO     : Writing out results for replicon SAMN04875285.contig00028
INFO     : ############ Processing replicon SAMN04875285.contig00029 (29/58) ############

INFO     : Starting Default search ... :
INFO     : Default search done... : 
INFO     : In replicon SAMN04875285.contig00029, there are:
INFO     : - 0 complete integron(s) found with a total 0 attC site(s)
INFO     : - 0 CALIN element(s) found with a total of 0 attC site(s)
INFO     : - 0 In0 element(s) found with a total of 0 attC site
INFO     : Writing out results for replicon SAMN04875285.contig00029
INFO     : ############ Processing replicon SAMN04875285.contig00030 (30/58) ############

INFO     : Starting Default search ... :
INFO     : Default search done... : 
INFO     : In replicon SAMN04875285.contig00030, there are:
INFO     : - 0 complete integron(s) found with a total 0 attC site(s)
INFO     : - 0 CALIN element(s) found with a total of 0 attC site(s)
INFO     : - 0 In0 element(s) found with a total of 0 attC site
INFO     : Writing out results for replicon SAMN04875285.contig00030
INFO     : ############ Processing replicon SAMN04875285.contig00031 (31/58) ############

INFO     : Starting Default search ... :
INFO     : Default search done... : 
INFO     : In replicon SAMN04875285.contig00031, there are:
INFO     : - 0 complete integron(s) found with a total 0 attC site(s)
INFO     : - 0 CALIN element(s) found with a total of 0 attC site(s)
INFO     : - 0 In0 element(s) found with a total of 0 attC site
INFO     : Writing out results for replicon SAMN04875285.contig00031
INFO     : ############ Processing replicon SAMN04875285.contig00032 (32/58) ############

WARNING  : The protein file: '/home/precious/nf-core-etd/work/2d/4e8dd279f1518955dd18158d934e32/Results_Integron_Finder_SAMN04875285/tmp_SAMN04875285.contig00032/SAMN04875285.contig00032.prt' is empty cannot perform hmmsearch on it.
WARNING  : ############ Skip replicon SAMN04875285.contig00032 ############
INFO     : ############ Processing replicon SAMN04875285.contig00033 (33/58) ############

INFO     : Starting Default search ... :
INFO     : Default search done... : 
INFO     : In replicon SAMN04875285.contig00033, there are:
INFO     : - 0 complete integron(s) found with a total 0 attC site(s)
INFO     : - 0 CALIN element(s) found with a total of 0 attC site(s)
INFO     : - 0 In0 element(s) found with a total of 0 attC site
INFO     : Writing out results for replicon SAMN04875285.contig00033
INFO     : ############ Processing replicon SAMN04875285.contig00034 (34/58) ############

WARNING  : The protein file: '/home/precious/nf-core-etd/work/2d/4e8dd279f1518955dd18158d934e32/Results_Integron_Finder_SAMN04875285/tmp_SAMN04875285.contig00034/SAMN04875285.contig00034.prt' is empty cannot perform hmmsearch on it.
WARNING  : ############ Skip replicon SAMN04875285.contig00034 ############
INFO     : ############ Processing replicon SAMN04875285.contig00035 (35/58) ############

INFO     : Starting Default search ... :
INFO     : Default search done... : 
INFO     : In replicon SAMN04875285.contig00035, there are:
INFO     : - 0 complete integron(s) found with a total 0 attC site(s)
INFO     : - 0 CALIN element(s) found with a total of 0 attC site(s)
INFO     : - 0 In0 element(s) found with a total of 0 attC site
INFO     : Writing out results for replicon SAMN04875285.contig00035
INFO     : ############ Processing replicon SAMN04875285.contig00036 (36/58) ############

INFO     : Starting Default search ... :
INFO     : Default search done... : 
INFO     : In replicon SAMN04875285.contig00036, there are:
INFO     : - 0 complete integron(s) found with a total 0 attC site(s)
INFO     : - 0 CALIN element(s) found with a total of 0 attC site(s)
INFO     : - 0 In0 element(s) found with a total of 0 attC site
INFO     : Writing out results for replicon SAMN04875285.contig00036
INFO     : ############ Processing replicon SAMN04875285.contig00037 (37/58) ############

INFO     : Starting Default search ... :
INFO     : Default search done... : 
INFO     : In replicon SAMN04875285.contig00037, there are:
INFO     : - 0 complete integron(s) found with a total 0 attC site(s)
INFO     : - 0 CALIN element(s) found with a total of 0 attC site(s)
INFO     : - 0 In0 element(s) found with a total of 0 attC site
INFO     : Writing out results for replicon SAMN04875285.contig00037
INFO     : ############ Processing replicon SAMN04875285.contig00038 (38/58) ############

INFO     : Starting Default search ... :
INFO     : Default search done... : 
INFO     : In replicon SAMN04875285.contig00038, there are:
INFO     : - 0 complete integron(s) found with a total 0 attC site(s)
INFO     : - 0 CALIN element(s) found with a total of 0 attC site(s)
INFO     : - 0 In0 element(s) found with a total of 0 attC site
INFO     : Writing out results for replicon SAMN04875285.contig00038
INFO     : ############ Processing replicon SAMN04875285.contig00039 (39/58) ############

INFO     : Starting Default search ... :
INFO     : Default search done... : 
INFO     : In replicon SAMN04875285.contig00039, there are:
INFO     : - 0 complete integron(s) found with a total 0 attC site(s)
INFO     : - 0 CALIN element(s) found with a total of 0 attC site(s)
INFO     : - 0 In0 element(s) found with a total of 0 attC site
INFO     : Writing out results for replicon SAMN04875285.contig00039
INFO     : ############ Processing replicon SAMN04875285.contig00040 (40/58) ############

INFO     : Starting Default search ... :
INFO     : Default search done... : 
INFO     : In replicon SAMN04875285.contig00040, there are:
INFO     : - 0 complete integron(s) found with a total 0 attC site(s)
INFO     : - 0 CALIN element(s) found with a total of 0 attC site(s)
INFO     : - 0 In0 element(s) found with a total of 0 attC site
INFO     : Writing out results for replicon SAMN04875285.contig00040
INFO     : ############ Processing replicon SAMN04875285.contig00041 (41/58) ############

INFO     : Starting Default search ... :
INFO     : Default search done... : 
INFO     : In replicon SAMN04875285.contig00041, there are:
INFO     : - 0 complete integron(s) found with a total 0 attC site(s)
INFO     : - 0 CALIN element(s) found with a total of 0 attC site(s)
INFO     : - 0 In0 element(s) found with a total of 0 attC site
INFO     : Writing out results for replicon SAMN04875285.contig00041
INFO     : ############ Processing replicon SAMN04875285.contig00042 (42/58) ############

INFO     : Starting Default search ... :
INFO     : Default search done... : 
INFO     : In replicon SAMN04875285.contig00042, there are:
INFO     : - 0 complete integron(s) found with a total 0 attC site(s)
INFO     : - 0 CALIN element(s) found with a total of 0 attC site(s)
INFO     : - 0 In0 element(s) found with a total of 0 attC site
INFO     : Writing out results for replicon SAMN04875285.contig00042
INFO     : ############ Processing replicon SAMN04875285.contig00043 (43/58) ############

INFO     : Starting Default search ... :
INFO     : Default search done... : 
INFO     : In replicon SAMN04875285.contig00043, there are:
INFO     : - 0 complete integron(s) found with a total 0 attC site(s)
INFO     : - 0 CALIN element(s) found with a total of 0 attC site(s)
INFO     : - 0 In0 element(s) found with a total of 0 attC site
INFO     : Writing out results for replicon SAMN04875285.contig00043
INFO     : ############ Processing replicon SAMN04875285.contig00044 (44/58) ############

INFO     : Starting Default search ... :
INFO     : Default search done... : 
INFO     : In replicon SAMN04875285.contig00044, there are:
INFO     : - 0 complete integron(s) found with a total 0 attC site(s)
INFO     : - 0 CALIN element(s) found with a total of 0 attC site(s)
INFO     : - 0 In0 element(s) found with a total of 0 attC site
INFO     : Writing out results for replicon SAMN04875285.contig00044
INFO     : ############ Processing replicon SAMN04875285.contig00045 (45/58) ############

INFO     : Starting Default search ... :
INFO     : Default search done... : 
INFO     : In replicon SAMN04875285.contig00045, there are:
INFO     : - 0 complete integron(s) found with a total 0 attC site(s)
INFO     : - 0 CALIN element(s) found with a total of 0 attC site(s)
INFO     : - 0 In0 element(s) found with a total of 0 attC site
INFO     : Writing out results for replicon SAMN04875285.contig00045
INFO     : ############ Processing replicon SAMN04875285.contig00046 (46/58) ############

WARNING  : The protein file: '/home/precious/nf-core-etd/work/2d/4e8dd279f1518955dd18158d934e32/Results_Integron_Finder_SAMN04875285/tmp_SAMN04875285.contig00046/SAMN04875285.contig00046.prt' is empty cannot perform hmmsearch on it.
WARNING  : ############ Skip replicon SAMN04875285.contig00046 ############
INFO     : ############ Processing replicon SAMN04875285.contig00047 (47/58) ############

INFO     : Starting Default search ... :
INFO     : Default search done... : 
INFO     : In replicon SAMN04875285.contig00047, there are:
INFO     : - 0 complete integron(s) found with a total 0 attC site(s)
INFO     : - 0 CALIN element(s) found with a total of 0 attC site(s)
INFO     : - 0 In0 element(s) found with a total of 0 attC site
INFO     : Writing out results for replicon SAMN04875285.contig00047
INFO     : ############ Processing replicon SAMN04875285.contig00048 (48/58) ############

WARNING  : The protein file: '/home/precious/nf-core-etd/work/2d/4e8dd279f1518955dd18158d934e32/Results_Integron_Finder_SAMN04875285/tmp_SAMN04875285.contig00048/SAMN04875285.contig00048.prt' is empty cannot perform hmmsearch on it.
WARNING  : ############ Skip replicon SAMN04875285.contig00048 ############
INFO     : ############ Processing replicon SAMN04875285.contig00049 (49/58) ############

INFO     : Starting Default search ... :
INFO     : Default search done... : 
INFO     : In replicon SAMN04875285.contig00049, there are:
INFO     : - 0 complete integron(s) found with a total 0 attC site(s)
INFO     : - 0 CALIN element(s) found with a total of 0 attC site(s)
INFO     : - 0 In0 element(s) found with a total of 0 attC site
INFO     : Writing out results for replicon SAMN04875285.contig00049
INFO     : ############ Processing replicon SAMN04875285.contig00050 (50/58) ############

INFO     : Starting Default search ... :
INFO     : Default search done... : 
INFO     : In replicon SAMN04875285.contig00050, there are:
INFO     : - 0 complete integron(s) found with a total 0 attC site(s)
INFO     : - 0 CALIN element(s) found with a total of 0 attC site(s)
INFO     : - 0 In0 element(s) found with a total of 0 attC site
INFO     : Writing out results for replicon SAMN04875285.contig00050
INFO     : ############ Processing replicon SAMN04875285.contig00051 (51/58) ############

WARNING  : The protein file: '/home/precious/nf-core-etd/work/2d/4e8dd279f1518955dd18158d934e32/Results_Integron_Finder_SAMN04875285/tmp_SAMN04875285.contig00051/SAMN04875285.contig00051.prt' is empty cannot perform hmmsearch on it.
WARNING  : ############ Skip replicon SAMN04875285.contig00051 ############
INFO     : ############ Processing replicon SAMN04875285.contig00052 (52/58) ############

INFO     : Starting Default search ... :
INFO     : Default search done... : 
INFO     : In replicon SAMN04875285.contig00052, there are:
INFO     : - 0 complete integron(s) found with a total 0 attC site(s)
INFO     : - 0 CALIN element(s) found with a total of 0 attC site(s)
INFO     : - 0 In0 element(s) found with a total of 0 attC site
INFO     : Writing out results for replicon SAMN04875285.contig00052
INFO     : ############ Processing replicon SAMN04875285.contig00053 (53/58) ############

WARNING  : The protein file: '/home/precious/nf-core-etd/work/2d/4e8dd279f1518955dd18158d934e32/Results_Integron_Finder_SAMN04875285/tmp_SAMN04875285.contig00053/SAMN04875285.contig00053.prt' is empty cannot perform hmmsearch on it.
WARNING  : ############ Skip replicon SAMN04875285.contig00053 ############
INFO     : ############ Processing replicon SAMN04875285.contig00054 (54/58) ############

INFO     : Starting Default search ... :
INFO     : Default search done... : 
INFO     : In replicon SAMN04875285.contig00054, there are:
INFO     : - 0 complete integron(s) found with a total 0 attC site(s)
INFO     : - 0 CALIN element(s) found with a total of 0 attC site(s)
INFO     : - 0 In0 element(s) found with a total of 0 attC site
INFO     : Writing out results for replicon SAMN04875285.contig00054
INFO     : ############ Processing replicon SAMN04875285.contig00055 (55/58) ############

INFO     : Starting Default search ... :
INFO     : Default search done... : 
INFO     : In replicon SAMN04875285.contig00055, there are:
INFO     : - 0 complete integron(s) found with a total 0 attC site(s)
INFO     : - 0 CALIN element(s) found with a total of 0 attC site(s)
INFO     : - 0 In0 element(s) found with a total of 0 attC site
INFO     : Writing out results for replicon SAMN04875285.contig00055
INFO     : ############ Processing replicon SAMN04875285.contig00056 (56/58) ############

WARNING  : The protein file: '/home/precious/nf-core-etd/work/2d/4e8dd279f1518955dd18158d934e32/Results_Integron_Finder_SAMN04875285/tmp_SAMN04875285.contig00056/SAMN04875285.contig00056.prt' is empty cannot perform hmmsearch on it.
WARNING  : ############ Skip replicon SAMN04875285.contig00056 ############
INFO     : ############ Processing replicon SAMN04875285.contig00057 (57/58) ############

INFO     : Starting Default search ... :
INFO     : Default search done... : 
INFO     : In replicon SAMN04875285.contig00057, there are:
INFO     : - 0 complete integron(s) found with a total 0 attC site(s)
INFO     : - 0 CALIN element(s) found with a total of 0 attC site(s)
INFO     : - 0 In0 element(s) found with a total of 0 attC site
INFO     : Writing out results for replicon SAMN04875285.contig00057
INFO     : ############ Processing replicon SAMN04875285.contig00058 (58/58) ############

WARNING  : The protein file: '/home/precious/nf-core-etd/work/2d/4e8dd279f1518955dd18158d934e32/Results_Integron_Finder_SAMN04875285/tmp_SAMN04875285.contig00058/SAMN04875285.contig00058.prt' is empty cannot perform hmmsearch on it.
WARNING  : ############ Skip replicon SAMN04875285.contig00058 ############
INFO     : Merging integrons results.

