
**************************************************************************
 ___       _                               _____ _           _
|_ _|_ __ | |_ ___  __ _ _ __ ___  _ __   |  ___(_)_ __   __| | ___ _ __
 | || '_ \| __/ _ \/ _` | '__/ _ \| '_ \  | |_  | | '_ \ / _` |/ _ \ '__|
 | || | | | ||  __/ (_| | | | (_) | | | | |  _| | | | | | (_| |  __/ |
|___|_| |_|\__\___|\__, |_|  \___/|_| |_| |_|   |_|_| |_|\__,_|\___|_|
                   |___/

**************************************************************************

integron_finder version 2.0.5 
Using:
 - Python 3.12.3 | packaged by conda-forge | (main, Apr 15 2024, 18:38:13) [GCC 12.3.0]
 - numpy 1.26.4
 - pandas 2.2.2
 - matplolib 3.8.4
 - biopython 1.83

 - Prodigal V2.6.3: February, 2016
 - INFERNAL 1.1.4 (Dec 2020)
 - HMMER 3.3.2 (Nov 2020); http://hmmer.org/

Authors:
 - Jean Cury, Bertrand Neron, Eduardo Rocha,

Citation:

 Néron, B.; Littner, E.; Haudiquet, M.; Perrin, A.; Cury, J.; Rocha, E.P.C. 
 IntegronFinder 2.0: Identification and Analysis of Integrons across Bacteria, with a Focus on Antibiotic Resistance in Klebsiella. 
 Microorganisms 2022, 10, 700. https://doi.org/10.3390/microorganisms10040700

 If you use --func-annot in conjunction with file NCBIfam-AMRFinder.hmm please also cite

 Haft, DH et al., Nucleic Acids Res. 2018 Jan 4;46(D1):D851-D860
 PMID: 29112715
 

                     =======================

integron_finder is free software: you can redistribute it and/or modify
it under the terms of the GNU General Public License as published by
the Free Software Foundation, either version 3 of the License, or
(at your option) any later version.

integron_finder is distributed in the hope that it will be useful,
but WITHOUT ANY WARRANTY; without even the implied warranty of
MERCHANTABILITY or FITNESS FOR A PARTICULAR PURPOSE. See the
GNU General Public License for more details.

You should have received a copy of the GNU General Public License
along with this program (COPYING file).
If not, see <http://www.gnu.org/licenses/>.

                     =======================

command used: integron_finder --cpu 2 SAMN04875297_contigs.fasta

                     =======================

[0m
INFO     : ############ Processing replicon HDIEIFCH_1 (1/64) ############

INFO     : Starting Default search ... :
INFO     : Default search done... : 
INFO     : In replicon HDIEIFCH_1, there are:
INFO     : - 0 complete integron(s) found with a total 0 attC site(s)
INFO     : - 0 CALIN element(s) found with a total of 0 attC site(s)
INFO     : - 0 In0 element(s) found with a total of 0 attC site
INFO     : Writing out results for replicon HDIEIFCH_1
INFO     : ############ Processing replicon HDIEIFCH_2 (2/64) ############

INFO     : Starting Default search ... :
INFO     : Default search done... : 
INFO     : In replicon HDIEIFCH_2, there are:
INFO     : - 0 complete integron(s) found with a total 0 attC site(s)
INFO     : - 0 CALIN element(s) found with a total of 0 attC site(s)
INFO     : - 0 In0 element(s) found with a total of 0 attC site
INFO     : Writing out results for replicon HDIEIFCH_2
INFO     : ############ Processing replicon HDIEIFCH_3 (3/64) ############

INFO     : Starting Default search ... :
INFO     : Default search done... : 
INFO     : In replicon HDIEIFCH_3, there are:
INFO     : - 0 complete integron(s) found with a total 0 attC site(s)
INFO     : - 0 CALIN element(s) found with a total of 0 attC site(s)
INFO     : - 0 In0 element(s) found with a total of 0 attC site
INFO     : Writing out results for replicon HDIEIFCH_3
INFO     : ############ Processing replicon HDIEIFCH_4 (4/64) ############

INFO     : Starting Default search ... :
INFO     : Default search done... : 
INFO     : In replicon HDIEIFCH_4, there are:
INFO     : - 0 complete integron(s) found with a total 0 attC site(s)
INFO     : - 0 CALIN element(s) found with a total of 0 attC site(s)
INFO     : - 0 In0 element(s) found with a total of 0 attC site
INFO     : Writing out results for replicon HDIEIFCH_4
INFO     : ############ Processing replicon HDIEIFCH_5 (5/64) ############

INFO     : Starting Default search ... :
INFO     : Default search done... : 
INFO     : In replicon HDIEIFCH_5, there are:
INFO     : - 0 complete integron(s) found with a total 0 attC site(s)
INFO     : - 0 CALIN element(s) found with a total of 0 attC site(s)
INFO     : - 0 In0 element(s) found with a total of 0 attC site
INFO     : Writing out results for replicon HDIEIFCH_5
INFO     : ############ Processing replicon HDIEIFCH_6 (6/64) ############

INFO     : Starting Default search ... :
INFO     : Default search done... : 
INFO     : In replicon HDIEIFCH_6, there are:
INFO     : - 0 complete integron(s) found with a total 0 attC site(s)
INFO     : - 0 CALIN element(s) found with a total of 0 attC site(s)
INFO     : - 0 In0 element(s) found with a total of 0 attC site
INFO     : Writing out results for replicon HDIEIFCH_6
INFO     : ############ Processing replicon HDIEIFCH_7 (7/64) ############

INFO     : Starting Default search ... :
INFO     : Default search done... : 
INFO     : In replicon HDIEIFCH_7, there are:
INFO     : - 0 complete integron(s) found with a total 0 attC site(s)
INFO     : - 0 CALIN element(s) found with a total of 0 attC site(s)
INFO     : - 0 In0 element(s) found with a total of 0 attC site
INFO     : Writing out results for replicon HDIEIFCH_7
INFO     : ############ Processing replicon HDIEIFCH_8 (8/64) ############

INFO     : Starting Default search ... :
INFO     : Default search done... : 
INFO     : In replicon HDIEIFCH_8, there are:
INFO     : - 0 complete integron(s) found with a total 0 attC site(s)
INFO     : - 0 CALIN element(s) found with a total of 0 attC site(s)
INFO     : - 0 In0 element(s) found with a total of 0 attC site
INFO     : Writing out results for replicon HDIEIFCH_8
INFO     : ############ Processing replicon HDIEIFCH_9 (9/64) ############

INFO     : Starting Default search ... :
INFO     : Default search done... : 
INFO     : In replicon HDIEIFCH_9, there are:
INFO     : - 0 complete integron(s) found with a total 0 attC site(s)
INFO     : - 0 CALIN element(s) found with a total of 0 attC site(s)
INFO     : - 0 In0 element(s) found with a total of 0 attC site
INFO     : Writing out results for replicon HDIEIFCH_9
INFO     : ############ Processing replicon HDIEIFCH_10 (10/64) ############

INFO     : Starting Default search ... :
INFO     : Default search done... : 
INFO     : In replicon HDIEIFCH_10, there are:
INFO     : - 0 complete integron(s) found with a total 0 attC site(s)
INFO     : - 0 CALIN element(s) found with a total of 0 attC site(s)
INFO     : - 0 In0 element(s) found with a total of 0 attC site
INFO     : Writing out results for replicon HDIEIFCH_10
INFO     : ############ Processing replicon HDIEIFCH_11 (11/64) ############

INFO     : Starting Default search ... :
INFO     : Default search done... : 
INFO     : In replicon HDIEIFCH_11, there are:
INFO     : - 0 complete integron(s) found with a total 0 attC site(s)
INFO     : - 0 CALIN element(s) found with a total of 0 attC site(s)
INFO     : - 0 In0 element(s) found with a total of 0 attC site
INFO     : Writing out results for replicon HDIEIFCH_11
INFO     : ############ Processing replicon HDIEIFCH_12 (12/64) ############

INFO     : Starting Default search ... :
INFO     : Default search done... : 
INFO     : In replicon HDIEIFCH_12, there are:
INFO     : - 0 complete integron(s) found with a total 0 attC site(s)
INFO     : - 0 CALIN element(s) found with a total of 0 attC site(s)
INFO     : - 0 In0 element(s) found with a total of 0 attC site
INFO     : Writing out results for replicon HDIEIFCH_12
INFO     : ############ Processing replicon HDIEIFCH_13 (13/64) ############

INFO     : Starting Default search ... :
INFO     : Default search done... : 
INFO     : In replicon HDIEIFCH_13, there are:
INFO     : - 0 complete integron(s) found with a total 0 attC site(s)
INFO     : - 0 CALIN element(s) found with a total of 0 attC site(s)
INFO     : - 0 In0 element(s) found with a total of 0 attC site
INFO     : Writing out results for replicon HDIEIFCH_13
INFO     : ############ Processing replicon HDIEIFCH_14 (14/64) ############

INFO     : Starting Default search ... :
INFO     : Default search done... : 
INFO     : In replicon HDIEIFCH_14, there are:
INFO     : - 0 complete integron(s) found with a total 0 attC site(s)
INFO     : - 0 CALIN element(s) found with a total of 0 attC site(s)
INFO     : - 0 In0 element(s) found with a total of 0 attC site
INFO     : Writing out results for replicon HDIEIFCH_14
INFO     : ############ Processing replicon HDIEIFCH_15 (15/64) ############

INFO     : Starting Default search ... :
INFO     : Default search done... : 
INFO     : In replicon HDIEIFCH_15, there are:
INFO     : - 0 complete integron(s) found with a total 0 attC site(s)
INFO     : - 0 CALIN element(s) found with a total of 0 attC site(s)
INFO     : - 0 In0 element(s) found with a total of 0 attC site
INFO     : Writing out results for replicon HDIEIFCH_15
INFO     : ############ Processing replicon HDIEIFCH_16 (16/64) ############

INFO     : Starting Default search ... :
INFO     : Default search done... : 
INFO     : In replicon HDIEIFCH_16, there are:
INFO     : - 0 complete integron(s) found with a total 0 attC site(s)
INFO     : - 0 CALIN element(s) found with a total of 0 attC site(s)
INFO     : - 0 In0 element(s) found with a total of 0 attC site
INFO     : Writing out results for replicon HDIEIFCH_16
INFO     : ############ Processing replicon HDIEIFCH_17 (17/64) ############

INFO     : Starting Default search ... :
INFO     : Default search done... : 
INFO     : In replicon HDIEIFCH_17, there are:
INFO     : - 0 complete integron(s) found with a total 0 attC site(s)
INFO     : - 0 CALIN element(s) found with a total of 0 attC site(s)
INFO     : - 0 In0 element(s) found with a total of 0 attC site
INFO     : Writing out results for replicon HDIEIFCH_17
INFO     : ############ Processing replicon HDIEIFCH_18 (18/64) ############

INFO     : Starting Default search ... :
INFO     : Default search done... : 
INFO     : In replicon HDIEIFCH_18, there are:
INFO     : - 0 complete integron(s) found with a total 0 attC site(s)
INFO     : - 0 CALIN element(s) found with a total of 0 attC site(s)
INFO     : - 0 In0 element(s) found with a total of 0 attC site
INFO     : Writing out results for replicon HDIEIFCH_18
INFO     : ############ Processing replicon HDIEIFCH_19 (19/64) ############

INFO     : Starting Default search ... :
INFO     : Default search done... : 
INFO     : In replicon HDIEIFCH_19, there are:
INFO     : - 0 complete integron(s) found with a total 0 attC site(s)
INFO     : - 0 CALIN element(s) found with a total of 0 attC site(s)
INFO     : - 0 In0 element(s) found with a total of 0 attC site
INFO     : Writing out results for replicon HDIEIFCH_19
INFO     : ############ Processing replicon HDIEIFCH_20 (20/64) ############

INFO     : Starting Default search ... :
INFO     : Default search done... : 
INFO     : In replicon HDIEIFCH_20, there are:
INFO     : - 0 complete integron(s) found with a total 0 attC site(s)
INFO     : - 0 CALIN element(s) found with a total of 0 attC site(s)
INFO     : - 0 In0 element(s) found with a total of 0 attC site
INFO     : Writing out results for replicon HDIEIFCH_20
INFO     : ############ Processing replicon HDIEIFCH_21 (21/64) ############

INFO     : Starting Default search ... :
INFO     : Default search done... : 
INFO     : In replicon HDIEIFCH_21, there are:
INFO     : - 0 complete integron(s) found with a total 0 attC site(s)
INFO     : - 0 CALIN element(s) found with a total of 0 attC site(s)
INFO     : - 0 In0 element(s) found with a total of 0 attC site
INFO     : Writing out results for replicon HDIEIFCH_21
INFO     : ############ Processing replicon HDIEIFCH_22 (22/64) ############

INFO     : Starting Default search ... :
INFO     : Default search done... : 
INFO     : In replicon HDIEIFCH_22, there are:
INFO     : - 0 complete integron(s) found with a total 0 attC site(s)
INFO     : - 0 CALIN element(s) found with a total of 0 attC site(s)
INFO     : - 0 In0 element(s) found with a total of 0 attC site
INFO     : Writing out results for replicon HDIEIFCH_22
INFO     : ############ Processing replicon HDIEIFCH_23 (23/64) ############

INFO     : Starting Default search ... :
INFO     : Default search done... : 
INFO     : In replicon HDIEIFCH_23, there are:
INFO     : - 0 complete integron(s) found with a total 0 attC site(s)
INFO     : - 0 CALIN element(s) found with a total of 0 attC site(s)
INFO     : - 0 In0 element(s) found with a total of 0 attC site
INFO     : Writing out results for replicon HDIEIFCH_23
INFO     : ############ Processing replicon HDIEIFCH_24 (24/64) ############

INFO     : Starting Default search ... :
INFO     : Default search done... : 
INFO     : In replicon HDIEIFCH_24, there are:
INFO     : - 0 complete integron(s) found with a total 0 attC site(s)
INFO     : - 0 CALIN element(s) found with a total of 0 attC site(s)
INFO     : - 0 In0 element(s) found with a total of 0 attC site
INFO     : Writing out results for replicon HDIEIFCH_24
INFO     : ############ Processing replicon HDIEIFCH_25 (25/64) ############

INFO     : Starting Default search ... :
INFO     : Default search done... : 
INFO     : In replicon HDIEIFCH_25, there are:
INFO     : - 0 complete integron(s) found with a total 0 attC site(s)
INFO     : - 0 CALIN element(s) found with a total of 0 attC site(s)
INFO     : - 0 In0 element(s) found with a total of 0 attC site
INFO     : Writing out results for replicon HDIEIFCH_25
INFO     : ############ Processing replicon HDIEIFCH_26 (26/64) ############

INFO     : Starting Default search ... :
INFO     : Default search done... : 
INFO     : In replicon HDIEIFCH_26, there are:
INFO     : - 0 complete integron(s) found with a total 0 attC site(s)
INFO     : - 0 CALIN element(s) found with a total of 0 attC site(s)
INFO     : - 0 In0 element(s) found with a total of 0 attC site
INFO     : Writing out results for replicon HDIEIFCH_26
INFO     : ############ Processing replicon HDIEIFCH_27 (27/64) ############

INFO     : Starting Default search ... :
INFO     : Default search done... : 
INFO     : In replicon HDIEIFCH_27, there are:
INFO     : - 0 complete integron(s) found with a total 0 attC site(s)
INFO     : - 0 CALIN element(s) found with a total of 0 attC site(s)
INFO     : - 0 In0 element(s) found with a total of 0 attC site
INFO     : Writing out results for replicon HDIEIFCH_27
INFO     : ############ Processing replicon HDIEIFCH_28 (28/64) ############

INFO     : Starting Default search ... :
INFO     : Default search done... : 
INFO     : In replicon HDIEIFCH_28, there are:
INFO     : - 0 complete integron(s) found with a total 0 attC site(s)
INFO     : - 0 CALIN element(s) found with a total of 0 attC site(s)
INFO     : - 0 In0 element(s) found with a total of 0 attC site
INFO     : Writing out results for replicon HDIEIFCH_28
INFO     : ############ Processing replicon HDIEIFCH_29 (29/64) ############

INFO     : Starting Default search ... :
INFO     : Default search done... : 
INFO     : In replicon HDIEIFCH_29, there are:
INFO     : - 0 complete integron(s) found with a total 0 attC site(s)
INFO     : - 0 CALIN element(s) found with a total of 0 attC site(s)
INFO     : - 0 In0 element(s) found with a total of 0 attC site
INFO     : Writing out results for replicon HDIEIFCH_29
INFO     : ############ Processing replicon HDIEIFCH_30 (30/64) ############

INFO     : Starting Default search ... :
INFO     : Default search done... : 
INFO     : In replicon HDIEIFCH_30, there are:
INFO     : - 0 complete integron(s) found with a total 0 attC site(s)
INFO     : - 0 CALIN element(s) found with a total of 0 attC site(s)
INFO     : - 0 In0 element(s) found with a total of 0 attC site
INFO     : Writing out results for replicon HDIEIFCH_30
INFO     : ############ Processing replicon HDIEIFCH_31 (31/64) ############

INFO     : Starting Default search ... :
INFO     : Default search done... : 
INFO     : In replicon HDIEIFCH_31, there are:
INFO     : - 0 complete integron(s) found with a total 0 attC site(s)
INFO     : - 0 CALIN element(s) found with a total of 0 attC site(s)
INFO     : - 0 In0 element(s) found with a total of 0 attC site
INFO     : Writing out results for replicon HDIEIFCH_31
INFO     : ############ Processing replicon HDIEIFCH_32 (32/64) ############

INFO     : Starting Default search ... :
INFO     : Default search done... : 
INFO     : In replicon HDIEIFCH_32, there are:
INFO     : - 0 complete integron(s) found with a total 0 attC site(s)
INFO     : - 0 CALIN element(s) found with a total of 0 attC site(s)
INFO     : - 0 In0 element(s) found with a total of 0 attC site
INFO     : Writing out results for replicon HDIEIFCH_32
INFO     : ############ Processing replicon HDIEIFCH_33 (33/64) ############

WARNING  : The protein file: '/home/precious/etd/work/91/6146cc65bbb2584cc04f4901d1b56f/Results_Integron_Finder_SAMN04875297_contigs/tmp_HDIEIFCH_33/HDIEIFCH_33.prt' is empty cannot perform hmmsearch on it.
WARNING  : ############ Skip replicon HDIEIFCH_33 ############
INFO     : ############ Processing replicon HDIEIFCH_34 (34/64) ############

INFO     : Starting Default search ... :
INFO     : Default search done... : 
INFO     : In replicon HDIEIFCH_34, there are:
INFO     : - 0 complete integron(s) found with a total 0 attC site(s)
INFO     : - 0 CALIN element(s) found with a total of 0 attC site(s)
INFO     : - 0 In0 element(s) found with a total of 0 attC site
INFO     : Writing out results for replicon HDIEIFCH_34
INFO     : ############ Processing replicon HDIEIFCH_35 (35/64) ############

INFO     : Starting Default search ... :
INFO     : Default search done... : 
INFO     : In replicon HDIEIFCH_35, there are:
INFO     : - 0 complete integron(s) found with a total 0 attC site(s)
INFO     : - 0 CALIN element(s) found with a total of 0 attC site(s)
INFO     : - 0 In0 element(s) found with a total of 0 attC site
INFO     : Writing out results for replicon HDIEIFCH_35
INFO     : ############ Processing replicon HDIEIFCH_36 (36/64) ############

INFO     : Starting Default search ... :
INFO     : Default search done... : 
INFO     : In replicon HDIEIFCH_36, there are:
INFO     : - 0 complete integron(s) found with a total 0 attC site(s)
INFO     : - 0 CALIN element(s) found with a total of 0 attC site(s)
INFO     : - 0 In0 element(s) found with a total of 0 attC site
INFO     : Writing out results for replicon HDIEIFCH_36
INFO     : ############ Processing replicon HDIEIFCH_37 (37/64) ############

INFO     : Starting Default search ... :
INFO     : Default search done... : 
INFO     : In replicon HDIEIFCH_37, there are:
INFO     : - 0 complete integron(s) found with a total 0 attC site(s)
INFO     : - 0 CALIN element(s) found with a total of 0 attC site(s)
INFO     : - 0 In0 element(s) found with a total of 0 attC site
INFO     : Writing out results for replicon HDIEIFCH_37
INFO     : ############ Processing replicon HDIEIFCH_38 (38/64) ############

WARNING  : The protein file: '/home/precious/etd/work/91/6146cc65bbb2584cc04f4901d1b56f/Results_Integron_Finder_SAMN04875297_contigs/tmp_HDIEIFCH_38/HDIEIFCH_38.prt' is empty cannot perform hmmsearch on it.
WARNING  : ############ Skip replicon HDIEIFCH_38 ############
INFO     : ############ Processing replicon HDIEIFCH_39 (39/64) ############

INFO     : Starting Default search ... :
INFO     : Default search done... : 
INFO     : In replicon HDIEIFCH_39, there are:
INFO     : - 0 complete integron(s) found with a total 0 attC site(s)
INFO     : - 0 CALIN element(s) found with a total of 0 attC site(s)
INFO     : - 0 In0 element(s) found with a total of 0 attC site
INFO     : Writing out results for replicon HDIEIFCH_39
INFO     : ############ Processing replicon HDIEIFCH_40 (40/64) ############

INFO     : Starting Default search ... :
INFO     : Default search done... : 
INFO     : In replicon HDIEIFCH_40, there are:
INFO     : - 0 complete integron(s) found with a total 0 attC site(s)
INFO     : - 0 CALIN element(s) found with a total of 0 attC site(s)
INFO     : - 0 In0 element(s) found with a total of 0 attC site
INFO     : Writing out results for replicon HDIEIFCH_40
INFO     : ############ Processing replicon HDIEIFCH_41 (41/64) ############

INFO     : Starting Default search ... :
INFO     : Default search done... : 
INFO     : In replicon HDIEIFCH_41, there are:
INFO     : - 0 complete integron(s) found with a total 0 attC site(s)
INFO     : - 0 CALIN element(s) found with a total of 0 attC site(s)
INFO     : - 0 In0 element(s) found with a total of 0 attC site
INFO     : Writing out results for replicon HDIEIFCH_41
INFO     : ############ Processing replicon HDIEIFCH_42 (42/64) ############

INFO     : Starting Default search ... :
INFO     : Default search done... : 
INFO     : In replicon HDIEIFCH_42, there are:
INFO     : - 0 complete integron(s) found with a total 0 attC site(s)
INFO     : - 0 CALIN element(s) found with a total of 0 attC site(s)
INFO     : - 0 In0 element(s) found with a total of 0 attC site
INFO     : Writing out results for replicon HDIEIFCH_42
INFO     : ############ Processing replicon HDIEIFCH_43 (43/64) ############

INFO     : Starting Default search ... :
INFO     : Default search done... : 
INFO     : In replicon HDIEIFCH_43, there are:
INFO     : - 0 complete integron(s) found with a total 0 attC site(s)
INFO     : - 0 CALIN element(s) found with a total of 0 attC site(s)
INFO     : - 0 In0 element(s) found with a total of 0 attC site
INFO     : Writing out results for replicon HDIEIFCH_43
INFO     : ############ Processing replicon HDIEIFCH_44 (44/64) ############

WARNING  : The protein file: '/home/precious/etd/work/91/6146cc65bbb2584cc04f4901d1b56f/Results_Integron_Finder_SAMN04875297_contigs/tmp_HDIEIFCH_44/HDIEIFCH_44.prt' is empty cannot perform hmmsearch on it.
WARNING  : ############ Skip replicon HDIEIFCH_44 ############
INFO     : ############ Processing replicon HDIEIFCH_45 (45/64) ############

INFO     : Starting Default search ... :
INFO     : Default search done... : 
INFO     : In replicon HDIEIFCH_45, there are:
INFO     : - 0 complete integron(s) found with a total 0 attC site(s)
INFO     : - 0 CALIN element(s) found with a total of 0 attC site(s)
INFO     : - 0 In0 element(s) found with a total of 0 attC site
INFO     : Writing out results for replicon HDIEIFCH_45
INFO     : ############ Processing replicon HDIEIFCH_46 (46/64) ############

INFO     : Starting Default search ... :
INFO     : Default search done... : 
INFO     : In replicon HDIEIFCH_46, there are:
INFO     : - 0 complete integron(s) found with a total 0 attC site(s)
INFO     : - 0 CALIN element(s) found with a total of 0 attC site(s)
INFO     : - 0 In0 element(s) found with a total of 0 attC site
INFO     : Writing out results for replicon HDIEIFCH_46
INFO     : ############ Processing replicon HDIEIFCH_47 (47/64) ############

INFO     : Starting Default search ... :
INFO     : Default search done... : 
INFO     : In replicon HDIEIFCH_47, there are:
INFO     : - 0 complete integron(s) found with a total 0 attC site(s)
INFO     : - 0 CALIN element(s) found with a total of 0 attC site(s)
INFO     : - 0 In0 element(s) found with a total of 0 attC site
INFO     : Writing out results for replicon HDIEIFCH_47
INFO     : ############ Processing replicon HDIEIFCH_48 (48/64) ############

INFO     : Starting Default search ... :
INFO     : Default search done... : 
INFO     : In replicon HDIEIFCH_48, there are:
INFO     : - 0 complete integron(s) found with a total 0 attC site(s)
INFO     : - 0 CALIN element(s) found with a total of 0 attC site(s)
INFO     : - 0 In0 element(s) found with a total of 0 attC site
INFO     : Writing out results for replicon HDIEIFCH_48
INFO     : ############ Processing replicon HDIEIFCH_49 (49/64) ############

WARNING  : The protein file: '/home/precious/etd/work/91/6146cc65bbb2584cc04f4901d1b56f/Results_Integron_Finder_SAMN04875297_contigs/tmp_HDIEIFCH_49/HDIEIFCH_49.prt' is empty cannot perform hmmsearch on it.
WARNING  : ############ Skip replicon HDIEIFCH_49 ############
INFO     : ############ Processing replicon HDIEIFCH_50 (50/64) ############

INFO     : Starting Default search ... :
INFO     : Default search done... : 
INFO     : In replicon HDIEIFCH_50, there are:
INFO     : - 0 complete integron(s) found with a total 0 attC site(s)
INFO     : - 0 CALIN element(s) found with a total of 0 attC site(s)
INFO     : - 0 In0 element(s) found with a total of 0 attC site
INFO     : Writing out results for replicon HDIEIFCH_50
INFO     : ############ Processing replicon HDIEIFCH_51 (51/64) ############

WARNING  : The protein file: '/home/precious/etd/work/91/6146cc65bbb2584cc04f4901d1b56f/Results_Integron_Finder_SAMN04875297_contigs/tmp_HDIEIFCH_51/HDIEIFCH_51.prt' is empty cannot perform hmmsearch on it.
WARNING  : ############ Skip replicon HDIEIFCH_51 ############
INFO     : ############ Processing replicon HDIEIFCH_52 (52/64) ############

INFO     : Starting Default search ... :
INFO     : Default search done... : 
INFO     : In replicon HDIEIFCH_52, there are:
INFO     : - 0 complete integron(s) found with a total 0 attC site(s)
INFO     : - 0 CALIN element(s) found with a total of 0 attC site(s)
INFO     : - 0 In0 element(s) found with a total of 0 attC site
INFO     : Writing out results for replicon HDIEIFCH_52
INFO     : ############ Processing replicon HDIEIFCH_53 (53/64) ############

INFO     : Starting Default search ... :
INFO     : Default search done... : 
INFO     : In replicon HDIEIFCH_53, there are:
INFO     : - 0 complete integron(s) found with a total 0 attC site(s)
INFO     : - 0 CALIN element(s) found with a total of 0 attC site(s)
INFO     : - 0 In0 element(s) found with a total of 0 attC site
INFO     : Writing out results for replicon HDIEIFCH_53
INFO     : ############ Processing replicon HDIEIFCH_54 (54/64) ############

INFO     : Starting Default search ... :
INFO     : Default search done... : 
INFO     : In replicon HDIEIFCH_54, there are:
INFO     : - 0 complete integron(s) found with a total 0 attC site(s)
INFO     : - 0 CALIN element(s) found with a total of 0 attC site(s)
INFO     : - 0 In0 element(s) found with a total of 0 attC site
INFO     : Writing out results for replicon HDIEIFCH_54
INFO     : ############ Processing replicon HDIEIFCH_55 (55/64) ############

INFO     : Starting Default search ... :
INFO     : Default search done... : 
INFO     : In replicon HDIEIFCH_55, there are:
INFO     : - 0 complete integron(s) found with a total 0 attC site(s)
INFO     : - 0 CALIN element(s) found with a total of 0 attC site(s)
INFO     : - 0 In0 element(s) found with a total of 0 attC site
INFO     : Writing out results for replicon HDIEIFCH_55
INFO     : ############ Processing replicon HDIEIFCH_56 (56/64) ############

INFO     : Starting Default search ... :
INFO     : Default search done... : 
INFO     : In replicon HDIEIFCH_56, there are:
INFO     : - 0 complete integron(s) found with a total 0 attC site(s)
INFO     : - 0 CALIN element(s) found with a total of 0 attC site(s)
INFO     : - 0 In0 element(s) found with a total of 0 attC site
INFO     : Writing out results for replicon HDIEIFCH_56
INFO     : ############ Processing replicon HDIEIFCH_57 (57/64) ############

INFO     : Starting Default search ... :
INFO     : Default search done... : 
INFO     : In replicon HDIEIFCH_57, there are:
INFO     : - 0 complete integron(s) found with a total 0 attC site(s)
INFO     : - 0 CALIN element(s) found with a total of 0 attC site(s)
INFO     : - 0 In0 element(s) found with a total of 0 attC site
INFO     : Writing out results for replicon HDIEIFCH_57
INFO     : ############ Processing replicon HDIEIFCH_58 (58/64) ############

INFO     : Starting Default search ... :
INFO     : Default search done... : 
INFO     : In replicon HDIEIFCH_58, there are:
INFO     : - 0 complete integron(s) found with a total 0 attC site(s)
INFO     : - 0 CALIN element(s) found with a total of 0 attC site(s)
INFO     : - 0 In0 element(s) found with a total of 0 attC site
INFO     : Writing out results for replicon HDIEIFCH_58
INFO     : ############ Processing replicon HDIEIFCH_59 (59/64) ############

WARNING  : The protein file: '/home/precious/etd/work/91/6146cc65bbb2584cc04f4901d1b56f/Results_Integron_Finder_SAMN04875297_contigs/tmp_HDIEIFCH_59/HDIEIFCH_59.prt' is empty cannot perform hmmsearch on it.
WARNING  : ############ Skip replicon HDIEIFCH_59 ############
INFO     : ############ Processing replicon HDIEIFCH_60 (60/64) ############

INFO     : Starting Default search ... :
INFO     : Default search done... : 
INFO     : In replicon HDIEIFCH_60, there are:
INFO     : - 0 complete integron(s) found with a total 0 attC site(s)
INFO     : - 0 CALIN element(s) found with a total of 0 attC site(s)
INFO     : - 0 In0 element(s) found with a total of 0 attC site
INFO     : Writing out results for replicon HDIEIFCH_60
INFO     : ############ Processing replicon HDIEIFCH_61 (61/64) ############

INFO     : Starting Default search ... :
INFO     : Default search done... : 
INFO     : In replicon HDIEIFCH_61, there are:
INFO     : - 0 complete integron(s) found with a total 0 attC site(s)
INFO     : - 0 CALIN element(s) found with a total of 0 attC site(s)
INFO     : - 0 In0 element(s) found with a total of 0 attC site
INFO     : Writing out results for replicon HDIEIFCH_61
INFO     : ############ Processing replicon HDIEIFCH_62 (62/64) ############

INFO     : Starting Default search ... :
INFO     : Default search done... : 
INFO     : In replicon HDIEIFCH_62, there are:
INFO     : - 0 complete integron(s) found with a total 0 attC site(s)
INFO     : - 0 CALIN element(s) found with a total of 0 attC site(s)
INFO     : - 0 In0 element(s) found with a total of 0 attC site
INFO     : Writing out results for replicon HDIEIFCH_62
INFO     : ############ Processing replicon HDIEIFCH_63 (63/64) ############

WARNING  : The protein file: '/home/precious/etd/work/91/6146cc65bbb2584cc04f4901d1b56f/Results_Integron_Finder_SAMN04875297_contigs/tmp_HDIEIFCH_63/HDIEIFCH_63.prt' is empty cannot perform hmmsearch on it.
WARNING  : ############ Skip replicon HDIEIFCH_63 ############
INFO     : ############ Processing replicon HDIEIFCH_64 (64/64) ############

WARNING  : The protein file: '/home/precious/etd/work/91/6146cc65bbb2584cc04f4901d1b56f/Results_Integron_Finder_SAMN04875297_contigs/tmp_HDIEIFCH_64/HDIEIFCH_64.prt' is empty cannot perform hmmsearch on it.
WARNING  : ############ Skip replicon HDIEIFCH_64 ############
INFO     : Merging integrons results.

