
**************************************************************************
 ___       _                               _____ _           _
|_ _|_ __ | |_ ___  __ _ _ __ ___  _ __   |  ___(_)_ __   __| | ___ _ __
 | || '_ \| __/ _ \/ _` | '__/ _ \| '_ \  | |_  | | '_ \ / _` |/ _ \ '__|
 | || | | | ||  __/ (_| | | | (_) | | | | |  _| | | | | | (_| |  __/ |
|___|_| |_|\__\___|\__, |_|  \___/|_| |_| |_|   |_|_| |_|\__,_|\___|_|
                   |___/

**************************************************************************

integron_finder version 2.0.5 
Using:
 - Python 3.12.3 | packaged by conda-forge | (main, Apr 15 2024, 18:38:13) [GCC 12.3.0]
 - numpy 1.26.4
 - pandas 2.2.2
 - matplolib 3.8.4
 - biopython 1.83

 - Prodigal V2.6.3: February, 2016
 - INFERNAL 1.1.4 (Dec 2020)
 - HMMER 3.3.2 (Nov 2020); http://hmmer.org/

Authors:
 - Jean Cury, Bertrand Neron, Eduardo Rocha,

Citation:

 Néron, B.; Littner, E.; Haudiquet, M.; Perrin, A.; Cury, J.; Rocha, E.P.C. 
 IntegronFinder 2.0: Identification and Analysis of Integrons across Bacteria, with a Focus on Antibiotic Resistance in Klebsiella. 
 Microorganisms 2022, 10, 700. https://doi.org/10.3390/microorganisms10040700

 If you use --func-annot in conjunction with file NCBIfam-AMRFinder.hmm please also cite

 Haft, DH et al., Nucleic Acids Res. 2018 Jan 4;46(D1):D851-D860
 PMID: 29112715
 

                     =======================

integron_finder is free software: you can redistribute it and/or modify
it under the terms of the GNU General Public License as published by
the Free Software Foundation, either version 3 of the License, or
(at your option) any later version.

integron_finder is distributed in the hope that it will be useful,
but WITHOUT ANY WARRANTY; without even the implied warranty of
MERCHANTABILITY or FITNESS FOR A PARTICULAR PURPOSE. See the
GNU General Public License for more details.

You should have received a copy of the GNU General Public License
along with this program (COPYING file).
If not, see <http://www.gnu.org/licenses/>.

                     =======================

command used: integron_finder --cpu 2 SAMN04875299_contigs.fasta

                     =======================

[0m
INFO     : ############ Processing replicon NNNMMLEK_1 (1/46) ############

INFO     : Starting Default search ... :
INFO     : Default search done... : 
INFO     : In replicon NNNMMLEK_1, there are:
INFO     : - 0 complete integron(s) found with a total 0 attC site(s)
INFO     : - 0 CALIN element(s) found with a total of 0 attC site(s)
INFO     : - 0 In0 element(s) found with a total of 0 attC site
INFO     : Writing out results for replicon NNNMMLEK_1
INFO     : ############ Processing replicon NNNMMLEK_2 (2/46) ############

INFO     : Starting Default search ... :
INFO     : Default search done... : 
INFO     : In replicon NNNMMLEK_2, there are:
INFO     : - 0 complete integron(s) found with a total 0 attC site(s)
INFO     : - 0 CALIN element(s) found with a total of 0 attC site(s)
INFO     : - 0 In0 element(s) found with a total of 0 attC site
INFO     : Writing out results for replicon NNNMMLEK_2
INFO     : ############ Processing replicon NNNMMLEK_3 (3/46) ############

INFO     : Starting Default search ... :
INFO     : Default search done... : 
INFO     : In replicon NNNMMLEK_3, there are:
INFO     : - 0 complete integron(s) found with a total 0 attC site(s)
INFO     : - 0 CALIN element(s) found with a total of 0 attC site(s)
INFO     : - 0 In0 element(s) found with a total of 0 attC site
INFO     : Writing out results for replicon NNNMMLEK_3
INFO     : ############ Processing replicon NNNMMLEK_4 (4/46) ############

INFO     : Starting Default search ... :
INFO     : Default search done... : 
INFO     : In replicon NNNMMLEK_4, there are:
INFO     : - 0 complete integron(s) found with a total 0 attC site(s)
INFO     : - 0 CALIN element(s) found with a total of 0 attC site(s)
INFO     : - 0 In0 element(s) found with a total of 0 attC site
INFO     : Writing out results for replicon NNNMMLEK_4
INFO     : ############ Processing replicon NNNMMLEK_5 (5/46) ############

INFO     : Starting Default search ... :
INFO     : Default search done... : 
INFO     : In replicon NNNMMLEK_5, there are:
INFO     : - 0 complete integron(s) found with a total 0 attC site(s)
INFO     : - 0 CALIN element(s) found with a total of 0 attC site(s)
INFO     : - 0 In0 element(s) found with a total of 0 attC site
INFO     : Writing out results for replicon NNNMMLEK_5
INFO     : ############ Processing replicon NNNMMLEK_6 (6/46) ############

INFO     : Starting Default search ... :
INFO     : Default search done... : 
INFO     : In replicon NNNMMLEK_6, there are:
INFO     : - 0 complete integron(s) found with a total 0 attC site(s)
INFO     : - 0 CALIN element(s) found with a total of 0 attC site(s)
INFO     : - 0 In0 element(s) found with a total of 0 attC site
INFO     : Writing out results for replicon NNNMMLEK_6
INFO     : ############ Processing replicon NNNMMLEK_7 (7/46) ############

INFO     : Starting Default search ... :
INFO     : Default search done... : 
INFO     : In replicon NNNMMLEK_7, there are:
INFO     : - 0 complete integron(s) found with a total 0 attC site(s)
INFO     : - 0 CALIN element(s) found with a total of 0 attC site(s)
INFO     : - 0 In0 element(s) found with a total of 0 attC site
INFO     : Writing out results for replicon NNNMMLEK_7
INFO     : ############ Processing replicon NNNMMLEK_8 (8/46) ############

INFO     : Starting Default search ... :
INFO     : Default search done... : 
INFO     : In replicon NNNMMLEK_8, there are:
INFO     : - 0 complete integron(s) found with a total 0 attC site(s)
INFO     : - 0 CALIN element(s) found with a total of 0 attC site(s)
INFO     : - 0 In0 element(s) found with a total of 0 attC site
INFO     : Writing out results for replicon NNNMMLEK_8
INFO     : ############ Processing replicon NNNMMLEK_9 (9/46) ############

INFO     : Starting Default search ... :
INFO     : Default search done... : 
INFO     : In replicon NNNMMLEK_9, there are:
INFO     : - 0 complete integron(s) found with a total 0 attC site(s)
INFO     : - 0 CALIN element(s) found with a total of 0 attC site(s)
INFO     : - 0 In0 element(s) found with a total of 0 attC site
INFO     : Writing out results for replicon NNNMMLEK_9
INFO     : ############ Processing replicon NNNMMLEK_10 (10/46) ############

INFO     : Starting Default search ... :
INFO     : Default search done... : 
INFO     : In replicon NNNMMLEK_10, there are:
INFO     : - 0 complete integron(s) found with a total 0 attC site(s)
INFO     : - 0 CALIN element(s) found with a total of 0 attC site(s)
INFO     : - 0 In0 element(s) found with a total of 0 attC site
INFO     : Writing out results for replicon NNNMMLEK_10
INFO     : ############ Processing replicon NNNMMLEK_11 (11/46) ############

INFO     : Starting Default search ... :
INFO     : Default search done... : 
INFO     : In replicon NNNMMLEK_11, there are:
INFO     : - 0 complete integron(s) found with a total 0 attC site(s)
INFO     : - 0 CALIN element(s) found with a total of 0 attC site(s)
INFO     : - 0 In0 element(s) found with a total of 0 attC site
INFO     : Writing out results for replicon NNNMMLEK_11
INFO     : ############ Processing replicon NNNMMLEK_12 (12/46) ############

INFO     : Starting Default search ... :
INFO     : Default search done... : 
INFO     : In replicon NNNMMLEK_12, there are:
INFO     : - 0 complete integron(s) found with a total 0 attC site(s)
INFO     : - 0 CALIN element(s) found with a total of 0 attC site(s)
INFO     : - 0 In0 element(s) found with a total of 0 attC site
INFO     : Writing out results for replicon NNNMMLEK_12
INFO     : ############ Processing replicon NNNMMLEK_13 (13/46) ############

INFO     : Starting Default search ... :
INFO     : Default search done... : 
INFO     : In replicon NNNMMLEK_13, there are:
INFO     : - 0 complete integron(s) found with a total 0 attC site(s)
INFO     : - 0 CALIN element(s) found with a total of 0 attC site(s)
INFO     : - 0 In0 element(s) found with a total of 0 attC site
INFO     : Writing out results for replicon NNNMMLEK_13
INFO     : ############ Processing replicon NNNMMLEK_14 (14/46) ############

INFO     : Starting Default search ... :
INFO     : Default search done... : 
INFO     : In replicon NNNMMLEK_14, there are:
INFO     : - 0 complete integron(s) found with a total 0 attC site(s)
INFO     : - 0 CALIN element(s) found with a total of 0 attC site(s)
INFO     : - 0 In0 element(s) found with a total of 0 attC site
INFO     : Writing out results for replicon NNNMMLEK_14
INFO     : ############ Processing replicon NNNMMLEK_15 (15/46) ############

INFO     : Starting Default search ... :
INFO     : Default search done... : 
INFO     : In replicon NNNMMLEK_15, there are:
INFO     : - 0 complete integron(s) found with a total 0 attC site(s)
INFO     : - 0 CALIN element(s) found with a total of 0 attC site(s)
INFO     : - 0 In0 element(s) found with a total of 0 attC site
INFO     : Writing out results for replicon NNNMMLEK_15
INFO     : ############ Processing replicon NNNMMLEK_16 (16/46) ############

INFO     : Starting Default search ... :
INFO     : Default search done... : 
INFO     : In replicon NNNMMLEK_16, there are:
INFO     : - 0 complete integron(s) found with a total 0 attC site(s)
INFO     : - 0 CALIN element(s) found with a total of 0 attC site(s)
INFO     : - 0 In0 element(s) found with a total of 0 attC site
INFO     : Writing out results for replicon NNNMMLEK_16
INFO     : ############ Processing replicon NNNMMLEK_17 (17/46) ############

INFO     : Starting Default search ... :
INFO     : Default search done... : 
INFO     : In replicon NNNMMLEK_17, there are:
INFO     : - 0 complete integron(s) found with a total 0 attC site(s)
INFO     : - 0 CALIN element(s) found with a total of 0 attC site(s)
INFO     : - 0 In0 element(s) found with a total of 0 attC site
INFO     : Writing out results for replicon NNNMMLEK_17
INFO     : ############ Processing replicon NNNMMLEK_18 (18/46) ############

INFO     : Starting Default search ... :
INFO     : Default search done... : 
INFO     : In replicon NNNMMLEK_18, there are:
INFO     : - 0 complete integron(s) found with a total 0 attC site(s)
INFO     : - 0 CALIN element(s) found with a total of 0 attC site(s)
INFO     : - 0 In0 element(s) found with a total of 0 attC site
INFO     : Writing out results for replicon NNNMMLEK_18
INFO     : ############ Processing replicon NNNMMLEK_19 (19/46) ############

INFO     : Starting Default search ... :
INFO     : Default search done... : 
INFO     : In replicon NNNMMLEK_19, there are:
INFO     : - 0 complete integron(s) found with a total 0 attC site(s)
INFO     : - 0 CALIN element(s) found with a total of 0 attC site(s)
INFO     : - 0 In0 element(s) found with a total of 0 attC site
INFO     : Writing out results for replicon NNNMMLEK_19
INFO     : ############ Processing replicon NNNMMLEK_20 (20/46) ############

INFO     : Starting Default search ... :
INFO     : Default search done... : 
INFO     : In replicon NNNMMLEK_20, there are:
INFO     : - 0 complete integron(s) found with a total 0 attC site(s)
INFO     : - 0 CALIN element(s) found with a total of 0 attC site(s)
INFO     : - 0 In0 element(s) found with a total of 0 attC site
INFO     : Writing out results for replicon NNNMMLEK_20
INFO     : ############ Processing replicon NNNMMLEK_21 (21/46) ############

INFO     : Starting Default search ... :
INFO     : Default search done... : 
INFO     : In replicon NNNMMLEK_21, there are:
INFO     : - 0 complete integron(s) found with a total 0 attC site(s)
INFO     : - 0 CALIN element(s) found with a total of 0 attC site(s)
INFO     : - 0 In0 element(s) found with a total of 0 attC site
INFO     : Writing out results for replicon NNNMMLEK_21
INFO     : ############ Processing replicon NNNMMLEK_22 (22/46) ############

INFO     : Starting Default search ... :
INFO     : Default search done... : 
INFO     : In replicon NNNMMLEK_22, there are:
INFO     : - 0 complete integron(s) found with a total 0 attC site(s)
INFO     : - 0 CALIN element(s) found with a total of 0 attC site(s)
INFO     : - 0 In0 element(s) found with a total of 0 attC site
INFO     : Writing out results for replicon NNNMMLEK_22
INFO     : ############ Processing replicon NNNMMLEK_23 (23/46) ############

INFO     : Starting Default search ... :
INFO     : Default search done... : 
INFO     : In replicon NNNMMLEK_23, there are:
INFO     : - 0 complete integron(s) found with a total 0 attC site(s)
INFO     : - 0 CALIN element(s) found with a total of 0 attC site(s)
INFO     : - 0 In0 element(s) found with a total of 0 attC site
INFO     : Writing out results for replicon NNNMMLEK_23
INFO     : ############ Processing replicon NNNMMLEK_24 (24/46) ############

WARNING  : The protein file: '/home/precious/nf-core-etd/work/1e/910a3837bc21d474c6428095eddc8d/Results_Integron_Finder_SAMN04875299_contigs/tmp_NNNMMLEK_24/NNNMMLEK_24.prt' is empty cannot perform hmmsearch on it.
WARNING  : ############ Skip replicon NNNMMLEK_24 ############
INFO     : ############ Processing replicon NNNMMLEK_25 (25/46) ############

WARNING  : The protein file: '/home/precious/nf-core-etd/work/1e/910a3837bc21d474c6428095eddc8d/Results_Integron_Finder_SAMN04875299_contigs/tmp_NNNMMLEK_25/NNNMMLEK_25.prt' is empty cannot perform hmmsearch on it.
WARNING  : ############ Skip replicon NNNMMLEK_25 ############
INFO     : ############ Processing replicon NNNMMLEK_26 (26/46) ############

INFO     : Starting Default search ... :
INFO     : Default search done... : 
INFO     : In replicon NNNMMLEK_26, there are:
INFO     : - 0 complete integron(s) found with a total 0 attC site(s)
INFO     : - 0 CALIN element(s) found with a total of 0 attC site(s)
INFO     : - 0 In0 element(s) found with a total of 0 attC site
INFO     : Writing out results for replicon NNNMMLEK_26
INFO     : ############ Processing replicon NNNMMLEK_27 (27/46) ############

INFO     : Starting Default search ... :
INFO     : Default search done... : 
INFO     : In replicon NNNMMLEK_27, there are:
INFO     : - 0 complete integron(s) found with a total 0 attC site(s)
INFO     : - 0 CALIN element(s) found with a total of 0 attC site(s)
INFO     : - 0 In0 element(s) found with a total of 0 attC site
INFO     : Writing out results for replicon NNNMMLEK_27
INFO     : ############ Processing replicon NNNMMLEK_28 (28/46) ############

INFO     : Starting Default search ... :
INFO     : Default search done... : 
INFO     : In replicon NNNMMLEK_28, there are:
INFO     : - 0 complete integron(s) found with a total 0 attC site(s)
INFO     : - 0 CALIN element(s) found with a total of 0 attC site(s)
INFO     : - 0 In0 element(s) found with a total of 0 attC site
INFO     : Writing out results for replicon NNNMMLEK_28
INFO     : ############ Processing replicon NNNMMLEK_29 (29/46) ############

WARNING  : The protein file: '/home/precious/nf-core-etd/work/1e/910a3837bc21d474c6428095eddc8d/Results_Integron_Finder_SAMN04875299_contigs/tmp_NNNMMLEK_29/NNNMMLEK_29.prt' is empty cannot perform hmmsearch on it.
WARNING  : ############ Skip replicon NNNMMLEK_29 ############
INFO     : ############ Processing replicon NNNMMLEK_30 (30/46) ############

INFO     : Starting Default search ... :
INFO     : Default search done... : 
INFO     : In replicon NNNMMLEK_30, there are:
INFO     : - 0 complete integron(s) found with a total 0 attC site(s)
INFO     : - 0 CALIN element(s) found with a total of 0 attC site(s)
INFO     : - 0 In0 element(s) found with a total of 0 attC site
INFO     : Writing out results for replicon NNNMMLEK_30
INFO     : ############ Processing replicon NNNMMLEK_31 (31/46) ############

INFO     : Starting Default search ... :
INFO     : Default search done... : 
INFO     : In replicon NNNMMLEK_31, there are:
INFO     : - 0 complete integron(s) found with a total 0 attC site(s)
INFO     : - 0 CALIN element(s) found with a total of 0 attC site(s)
INFO     : - 0 In0 element(s) found with a total of 0 attC site
INFO     : Writing out results for replicon NNNMMLEK_31
INFO     : ############ Processing replicon NNNMMLEK_32 (32/46) ############

INFO     : Starting Default search ... :
INFO     : Default search done... : 
INFO     : In replicon NNNMMLEK_32, there are:
INFO     : - 0 complete integron(s) found with a total 0 attC site(s)
INFO     : - 0 CALIN element(s) found with a total of 0 attC site(s)
INFO     : - 0 In0 element(s) found with a total of 0 attC site
INFO     : Writing out results for replicon NNNMMLEK_32
INFO     : ############ Processing replicon NNNMMLEK_33 (33/46) ############

INFO     : Starting Default search ... :
INFO     : Default search done... : 
INFO     : In replicon NNNMMLEK_33, there are:
INFO     : - 0 complete integron(s) found with a total 0 attC site(s)
INFO     : - 0 CALIN element(s) found with a total of 0 attC site(s)
INFO     : - 0 In0 element(s) found with a total of 0 attC site
INFO     : Writing out results for replicon NNNMMLEK_33
INFO     : ############ Processing replicon NNNMMLEK_34 (34/46) ############

WARNING  : The protein file: '/home/precious/nf-core-etd/work/1e/910a3837bc21d474c6428095eddc8d/Results_Integron_Finder_SAMN04875299_contigs/tmp_NNNMMLEK_34/NNNMMLEK_34.prt' is empty cannot perform hmmsearch on it.
WARNING  : ############ Skip replicon NNNMMLEK_34 ############
INFO     : ############ Processing replicon NNNMMLEK_35 (35/46) ############

INFO     : Starting Default search ... :
INFO     : Default search done... : 
INFO     : In replicon NNNMMLEK_35, there are:
INFO     : - 0 complete integron(s) found with a total 0 attC site(s)
INFO     : - 0 CALIN element(s) found with a total of 0 attC site(s)
INFO     : - 0 In0 element(s) found with a total of 0 attC site
INFO     : Writing out results for replicon NNNMMLEK_35
INFO     : ############ Processing replicon NNNMMLEK_36 (36/46) ############

INFO     : Starting Default search ... :
INFO     : Default search done... : 
INFO     : In replicon NNNMMLEK_36, there are:
INFO     : - 0 complete integron(s) found with a total 0 attC site(s)
INFO     : - 0 CALIN element(s) found with a total of 0 attC site(s)
INFO     : - 0 In0 element(s) found with a total of 0 attC site
INFO     : Writing out results for replicon NNNMMLEK_36
INFO     : ############ Processing replicon NNNMMLEK_37 (37/46) ############

INFO     : Starting Default search ... :
INFO     : Default search done... : 
INFO     : In replicon NNNMMLEK_37, there are:
INFO     : - 0 complete integron(s) found with a total 0 attC site(s)
INFO     : - 0 CALIN element(s) found with a total of 0 attC site(s)
INFO     : - 0 In0 element(s) found with a total of 0 attC site
INFO     : Writing out results for replicon NNNMMLEK_37
INFO     : ############ Processing replicon NNNMMLEK_38 (38/46) ############

INFO     : Starting Default search ... :
INFO     : Default search done... : 
INFO     : In replicon NNNMMLEK_38, there are:
INFO     : - 0 complete integron(s) found with a total 0 attC site(s)
INFO     : - 0 CALIN element(s) found with a total of 0 attC site(s)
INFO     : - 0 In0 element(s) found with a total of 0 attC site
INFO     : Writing out results for replicon NNNMMLEK_38
INFO     : ############ Processing replicon NNNMMLEK_39 (39/46) ############

INFO     : Starting Default search ... :
INFO     : Default search done... : 
INFO     : In replicon NNNMMLEK_39, there are:
INFO     : - 0 complete integron(s) found with a total 0 attC site(s)
INFO     : - 0 CALIN element(s) found with a total of 0 attC site(s)
INFO     : - 0 In0 element(s) found with a total of 0 attC site
INFO     : Writing out results for replicon NNNMMLEK_39
INFO     : ############ Processing replicon NNNMMLEK_40 (40/46) ############

WARNING  : The protein file: '/home/precious/nf-core-etd/work/1e/910a3837bc21d474c6428095eddc8d/Results_Integron_Finder_SAMN04875299_contigs/tmp_NNNMMLEK_40/NNNMMLEK_40.prt' is empty cannot perform hmmsearch on it.
WARNING  : ############ Skip replicon NNNMMLEK_40 ############
INFO     : ############ Processing replicon NNNMMLEK_41 (41/46) ############

INFO     : Starting Default search ... :
INFO     : Default search done... : 
INFO     : In replicon NNNMMLEK_41, there are:
INFO     : - 0 complete integron(s) found with a total 0 attC site(s)
INFO     : - 0 CALIN element(s) found with a total of 0 attC site(s)
INFO     : - 0 In0 element(s) found with a total of 0 attC site
INFO     : Writing out results for replicon NNNMMLEK_41
INFO     : ############ Processing replicon NNNMMLEK_42 (42/46) ############

INFO     : Starting Default search ... :
INFO     : Default search done... : 
INFO     : In replicon NNNMMLEK_42, there are:
INFO     : - 0 complete integron(s) found with a total 0 attC site(s)
INFO     : - 0 CALIN element(s) found with a total of 0 attC site(s)
INFO     : - 0 In0 element(s) found with a total of 0 attC site
INFO     : Writing out results for replicon NNNMMLEK_42
INFO     : ############ Processing replicon NNNMMLEK_43 (43/46) ############

WARNING  : The protein file: '/home/precious/nf-core-etd/work/1e/910a3837bc21d474c6428095eddc8d/Results_Integron_Finder_SAMN04875299_contigs/tmp_NNNMMLEK_43/NNNMMLEK_43.prt' is empty cannot perform hmmsearch on it.
WARNING  : ############ Skip replicon NNNMMLEK_43 ############
INFO     : ############ Processing replicon NNNMMLEK_44 (44/46) ############

INFO     : Starting Default search ... :
INFO     : Default search done... : 
INFO     : In replicon NNNMMLEK_44, there are:
INFO     : - 0 complete integron(s) found with a total 0 attC site(s)
INFO     : - 0 CALIN element(s) found with a total of 0 attC site(s)
INFO     : - 0 In0 element(s) found with a total of 0 attC site
INFO     : Writing out results for replicon NNNMMLEK_44
INFO     : ############ Processing replicon NNNMMLEK_45 (45/46) ############

WARNING  : The protein file: '/home/precious/nf-core-etd/work/1e/910a3837bc21d474c6428095eddc8d/Results_Integron_Finder_SAMN04875299_contigs/tmp_NNNMMLEK_45/NNNMMLEK_45.prt' is empty cannot perform hmmsearch on it.
WARNING  : ############ Skip replicon NNNMMLEK_45 ############
INFO     : ############ Processing replicon NNNMMLEK_46 (46/46) ############

INFO     : Starting Default search ... :
INFO     : Default search done... : 
INFO     : In replicon NNNMMLEK_46, there are:
INFO     : - 0 complete integron(s) found with a total 0 attC site(s)
INFO     : - 0 CALIN element(s) found with a total of 0 attC site(s)
INFO     : - 0 In0 element(s) found with a total of 0 attC site
INFO     : Writing out results for replicon NNNMMLEK_46
INFO     : Merging integrons results.

