2025-09-20 22:07:13 INFO     Welcome to PhiSpy.py version 4.2.21
2025-09-20 22:07:13 INFO     Starting PhiSpy.py with the following arguments
Namespace(infile='SAMN04875287.gbk', output_dir='.', make_training_data=None, training_set='data/trainSet_genericAll.txt', list=False, file_prefix='SAMN04875287_phispy_', evaluate=False, number=5, min_contig_size=5000, window_size=30, nonprophage_genegaps=10, phage_genes=1, metrics=['orf_length_med', 'shannon_slope', 'at_skew', 'gc_skew', 'max_direction'], randomforest_trees=500, expand_slope=False, kmers_type='all', phmms=None, include_annotations=True, ignore_annotations=False, color=False, threads=2, output_choice=3, include_all_repeats=False, keep_dropped_predictions=False, extra_dna=2000, min_repeat_len=10, log='./SAMN04875287_phispy_phispy.log', quiet=False, keep=False, logger=<Logger PhiSpy (Level 5)>)
2025-09-20 22:07:14 INFO     Processing 25 contigs
2025-09-20 22:07:14 INFO     Making Testing Set...
2025-09-20 22:07:21 INFO     Start Classification Algorithm...
2025-09-20 22:07:21 INFO     Using training set in data/trainSet_genericAll.txt
2025-09-20 22:07:23 INFO     Using the following metric(s): {'gc_skew', 'shannon_slope', 'max_direction', 'at_skew', 'orf_length_med'}.
2025-09-20 22:07:23 INFO     Running the random forest classifier with 500 trees and 2 threads
2025-09-20 22:10:01 INFO     Rank threshold calculated as 0.49139805825242705
2025-09-20 22:10:01 INFO     As the training flag is zero, down-weighting unknown functions
2025-09-20 22:10:01 INFO     Evaluating...
2025-09-20 22:10:02 INFO     Checking prophages we might have found
2025-09-20 22:10:02 INFO     Potential prophages (sorted highest to lowest)
2025-09-20 22:10:02 INFO     Contig	Start	Stop	Number of potential genes	Status
2025-09-20 22:10:02 INFO     IKGCNFLN_1	339255	363672	40	Dropped. No genes were identified as phage genes
2025-09-20 22:10:02 INFO     IKGCNFLN_8	21749	22826	2	Dropped. Region too small (Not enough genes)
2025-09-20 22:10:02 INFO     IKGCNFLN_5	36550	36840	1	Dropped. Region too small (Not enough genes)
2025-09-20 22:10:02 INFO     IKGCNFLN_3	98268	99155	1	Dropped. Region too small (Not enough genes)
2025-09-20 22:10:02 INFO     IKGCNFLN_16	41657	42694	1	Dropped. Region too small (Not enough genes)
2025-09-20 22:10:02 INFO     IKGCNFLN_1	727294	728190	1	Dropped. Region too small (Not enough genes)
2025-09-20 22:10:02 INFO     IKGCNFLN_1	330557	331606	1	Dropped. Region too small (Not enough genes)
2025-09-20 22:10:02 INFO     IKGCNFLN_1	122819	123379	1	Dropped. Region too small (Not enough genes)
2025-09-20 22:10:02 INFO     Creating output files
2025-09-20 22:10:02 INFO     Writing GenBank output file
2025-09-20 22:10:02 INFO     Writing prophage_coordinates output file
2025-09-20 22:10:02 INFO     Done!!! Output is in . and the log is in ./SAMN04875287_phispy_phispy.log
