2025-09-11 14:39:24 INFO     Welcome to PhiSpy.py version 4.2.21
2025-09-11 14:39:24 INFO     Starting PhiSpy.py with the following arguments
Namespace(infile='SAMN04875284.gbk', output_dir='.', make_training_data=None, training_set='data/trainSet_genericAll.txt', list=False, file_prefix='SAMN04875284_phispy_', evaluate=False, number=5, min_contig_size=5000, window_size=30, nonprophage_genegaps=10, phage_genes=1, metrics=['orf_length_med', 'shannon_slope', 'at_skew', 'gc_skew', 'max_direction'], randomforest_trees=500, expand_slope=False, kmers_type='all', phmms=None, include_annotations=True, ignore_annotations=False, color=False, threads=2, output_choice=3, include_all_repeats=False, keep_dropped_predictions=False, extra_dna=2000, min_repeat_len=10, log='./SAMN04875284_phispy_phispy.log', quiet=False, keep=False, logger=<Logger PhiSpy (Level 5)>)
2025-09-11 14:39:25 INFO     Processing 24 contigs
2025-09-11 14:39:25 INFO     Making Testing Set...
2025-09-11 14:39:32 INFO     Start Classification Algorithm...
2025-09-11 14:39:32 INFO     Using training set in data/trainSet_genericAll.txt
2025-09-11 14:39:35 INFO     Using the following metric(s): {'gc_skew', 'shannon_slope', 'orf_length_med', 'max_direction', 'at_skew'}.
2025-09-11 14:39:35 INFO     Running the random forest classifier with 500 trees and 2 threads
2025-09-11 14:43:16 INFO     Rank threshold calculated as 0.28758656716417913
2025-09-11 14:43:16 INFO     As the training flag is zero, down-weighting unknown functions
2025-09-11 14:43:16 INFO     Evaluating...
2025-09-11 14:43:16 INFO     Checking prophages we might have found
2025-09-11 14:43:16 INFO     Potential prophages (sorted highest to lowest)
2025-09-11 14:43:16 INFO     Contig	Start	Stop	Number of potential genes	Status
2025-09-11 14:43:16 INFO     ECLLOALE_7	35116	56995	33	Kept
2025-09-11 14:43:16 INFO     ECLLOALE_1	33190	47530	21	Dropped. No genes were identified as phage genes
2025-09-11 14:43:16 INFO     ECLLOALE_9	21643	22720	2	Dropped. Region too small (Not enough genes)
2025-09-11 14:43:16 INFO     ECLLOALE_7	82709	83881	1	Dropped. Region too small (Not enough genes)
2025-09-11 14:43:16 INFO     ECLLOALE_6	36550	36840	1	Dropped. Region too small (Not enough genes)
2025-09-11 14:43:16 INFO     ECLLOALE_3	187843	188730	1	Dropped. Region too small (Not enough genes)
2025-09-11 14:43:16 INFO     ECLLOALE_1	686688	687248	1	Dropped. Region too small (Not enough genes)
2025-09-11 14:43:16 INFO     ECLLOALE_1	485711	486931	1	Dropped. Region too small (Not enough genes)
2025-09-11 14:43:16 INFO     ECLLOALE_1	108955	109851	1	Dropped. Region too small (Not enough genes)
2025-09-11 14:43:16 INFO     PROPHAGE: 1 Contig: ECLLOALE_7 Start: 35116 Stop: 56995
2025-09-11 14:43:16 INFO     Creating output files
2025-09-11 14:43:16 INFO     Writing GenBank output file
2025-09-11 14:43:17 INFO     Writing prophage_coordinates output file
2025-09-11 14:43:17 INFO     Done!!! Output is in . and the log is in ./SAMN04875284_phispy_phispy.log
