2025-08-19 14:24:38 INFO     Welcome to PhiSpy.py version 4.2.21
2025-08-19 14:24:38 INFO     Starting PhiSpy.py with the following arguments
Namespace(infile='SAMN04875297.gbk', output_dir='.', make_training_data=None, training_set='data/trainSet_genericAll.txt', list=False, file_prefix='SAMN04875297_phispy_', evaluate=False, number=5, min_contig_size=5000, window_size=30, nonprophage_genegaps=10, phage_genes=1, metrics=['orf_length_med', 'shannon_slope', 'at_skew', 'gc_skew', 'max_direction'], randomforest_trees=500, expand_slope=False, kmers_type='all', phmms=None, include_annotations=True, ignore_annotations=False, color=False, threads=2, output_choice=3, include_all_repeats=False, keep_dropped_predictions=False, extra_dna=2000, min_repeat_len=10, log='./SAMN04875297_phispy_phispy.log', quiet=False, keep=False, logger=<Logger PhiSpy (Level 5)>)
2025-08-19 14:24:39 INFO     Processing 27 contigs
2025-08-19 14:24:39 INFO     Making Testing Set...
2025-08-19 14:24:44 INFO     Start Classification Algorithm...
2025-08-19 14:24:44 INFO     Using training set in data/trainSet_genericAll.txt
2025-08-19 14:24:45 INFO     Using the following metric(s): {'shannon_slope', 'orf_length_med', 'at_skew', 'gc_skew', 'max_direction'}.
2025-08-19 14:24:45 INFO     Running the random forest classifier with 500 trees and 2 threads
2025-08-19 14:27:23 INFO     Rank threshold calculated as 0.2998009496961172
2025-08-19 14:27:23 INFO     As the training flag is zero, down-weighting unknown functions
2025-08-19 14:27:23 INFO     Evaluating...
2025-08-19 14:27:23 INFO     Checking prophages we might have found
2025-08-19 14:27:23 INFO     Potential prophages (sorted highest to lowest)
2025-08-19 14:27:23 INFO     Contig	Start	Stop	Number of potential genes	Status
2025-08-19 14:27:23 INFO     HDIEIFCH_1	234657	251649	29	Kept
2025-08-19 14:27:23 INFO     HDIEIFCH_9	1934	23413	23	Dropped. No genes were identified as phage genes
2025-08-19 14:27:23 INFO     HDIEIFCH_3	187890	209137	19	Kept
2025-08-19 14:27:23 INFO     HDIEIFCH_11	95888	99380	12	Dropped. No genes were identified as phage genes
2025-08-19 14:27:23 INFO     HDIEIFCH_4	133958	138748	10	Dropped. No genes were identified as phage genes
2025-08-19 14:27:23 INFO     HDIEIFCH_6	51569	52646	2	Dropped. Region too small (Not enough genes)
2025-08-19 14:27:23 INFO     HDIEIFCH_8	101292	101582	1	Dropped. Region too small (Not enough genes)
2025-08-19 14:27:23 INFO     HDIEIFCH_4	65335	66231	1	Dropped. Region too small (Not enough genes)
2025-08-19 14:27:23 INFO     HDIEIFCH_14	48263	49300	1	Dropped. Region too small (Not enough genes)
2025-08-19 14:27:23 INFO     HDIEIFCH_1	449628	450188	1	Dropped. Region too small (Not enough genes)
2025-08-19 14:27:23 INFO     PROPHAGE: 1 Contig: HDIEIFCH_1 Start: 234657 Stop: 251649
2025-08-19 14:27:23 INFO     There were 2 repeats with the same length as the best. One chosen somewhat randomly!
2025-08-19 14:27:23 INFO     PROPHAGE: 2 Contig: HDIEIFCH_3 Start: 187890 Stop: 209137
2025-08-19 14:27:23 INFO     There were 2 repeats with the same length as the best. One chosen somewhat randomly!
2025-08-19 14:27:23 INFO     Creating output files
2025-08-19 14:27:23 INFO     Writing GenBank output file
2025-08-19 14:27:24 INFO     Writing prophage_coordinates output file
2025-08-19 14:27:24 INFO     Done!!! Output is in . and the log is in ./SAMN04875297_phispy_phispy.log
