2025-08-19 14:24:38 INFO     Welcome to PhiSpy.py version 4.2.21
2025-08-19 14:24:38 INFO     Starting PhiSpy.py with the following arguments
Namespace(infile='SAMN04875285.gbk', output_dir='.', make_training_data=None, training_set='data/trainSet_genericAll.txt', list=False, file_prefix='SAMN04875285_phispy_', evaluate=False, number=5, min_contig_size=5000, window_size=30, nonprophage_genegaps=10, phage_genes=1, metrics=['orf_length_med', 'shannon_slope', 'at_skew', 'gc_skew', 'max_direction'], randomforest_trees=500, expand_slope=False, kmers_type='all', phmms=None, include_annotations=True, ignore_annotations=False, color=False, threads=2, output_choice=3, include_all_repeats=False, keep_dropped_predictions=False, extra_dna=2000, min_repeat_len=10, log='./SAMN04875285_phispy_phispy.log', quiet=False, keep=False, logger=<Logger PhiSpy (Level 5)>)
2025-08-19 14:24:39 INFO     Processing 27 contigs
2025-08-19 14:24:39 INFO     Making Testing Set...
2025-08-19 14:24:43 INFO     Start Classification Algorithm...
2025-08-19 14:24:43 INFO     Using training set in data/trainSet_genericAll.txt
2025-08-19 14:24:45 INFO     Using the following metric(s): {'gc_skew', 'max_direction', 'at_skew', 'shannon_slope', 'orf_length_med'}.
2025-08-19 14:24:45 INFO     Running the random forest classifier with 500 trees and 2 threads
2025-08-19 14:27:19 INFO     Rank threshold calculated as 0.5189168239432392
2025-08-19 14:27:19 INFO     As the training flag is zero, down-weighting unknown functions
2025-08-19 14:27:19 INFO     Evaluating...
2025-08-19 14:27:19 INFO     Checking prophages we might have found
2025-08-19 14:27:19 INFO     Potential prophages (sorted highest to lowest)
2025-08-19 14:27:19 INFO     Contig	Start	Stop	Number of potential genes	Status
2025-08-19 14:27:19 INFO     MMHCIOPA_1	340844	363534	37	Dropped. No genes were identified as phage genes
2025-08-19 14:27:19 INFO     MMHCIOPA_2	370871	386274	23	Dropped. No genes were identified as phage genes
2025-08-19 14:27:19 INFO     MMHCIOPA_12	21680	22757	2	Dropped. Region too small (Not enough genes)
2025-08-19 14:27:19 INFO     MMHCIOPA_8	101892	102182	1	Dropped. Region too small (Not enough genes)
2025-08-19 14:27:19 INFO     MMHCIOPA_3	98267	99154	1	Dropped. Region too small (Not enough genes)
2025-08-19 14:27:19 INFO     MMHCIOPA_2	108955	109851	1	Dropped. Region too small (Not enough genes)
2025-08-19 14:27:19 INFO     MMHCIOPA_15	90	1127	1	Dropped. Region too small (Not enough genes)
2025-08-19 14:27:19 INFO     MMHCIOPA_1	483702	484907	1	Dropped. Region too small (Not enough genes)
2025-08-19 14:27:19 INFO     MMHCIOPA_1	330419	331468	1	Dropped. Region too small (Not enough genes)
2025-08-19 14:27:19 INFO     MMHCIOPA_1	122819	123379	1	Dropped. Region too small (Not enough genes)
2025-08-19 14:27:19 INFO     Creating output files
2025-08-19 14:27:19 INFO     Writing GenBank output file
2025-08-19 14:27:20 INFO     Writing prophage_coordinates output file
2025-08-19 14:27:20 INFO     Done!!! Output is in . and the log is in ./SAMN04875285_phispy_phispy.log
