2025-09-21 01:43:52 INFO     Welcome to PhiSpy.py version 4.2.21
2025-09-21 01:43:52 INFO     Starting PhiSpy.py with the following arguments
Namespace(infile='SAMN04875290.gbk', output_dir='.', make_training_data=None, training_set='data/trainSet_genericAll.txt', list=False, file_prefix='SAMN04875290_phispy_', evaluate=False, number=5, min_contig_size=5000, window_size=30, nonprophage_genegaps=10, phage_genes=1, metrics=['orf_length_med', 'shannon_slope', 'at_skew', 'gc_skew', 'max_direction'], randomforest_trees=500, expand_slope=False, kmers_type='all', phmms=None, include_annotations=True, ignore_annotations=False, color=False, threads=2, output_choice=3, include_all_repeats=False, keep_dropped_predictions=False, extra_dna=2000, min_repeat_len=10, log='./SAMN04875290_phispy_phispy.log', quiet=False, keep=False, logger=<Logger PhiSpy (Level 5)>)
2025-09-21 01:43:52 INFO     Processing 32 contigs
2025-09-21 01:43:52 INFO     Making Testing Set...
2025-09-21 01:43:59 INFO     Start Classification Algorithm...
2025-09-21 01:43:59 INFO     Using training set in data/trainSet_genericAll.txt
2025-09-21 01:44:02 INFO     Using the following metric(s): {'orf_length_med', 'gc_skew', 'at_skew', 'shannon_slope', 'max_direction'}.
2025-09-21 01:44:02 INFO     Running the random forest classifier with 500 trees and 2 threads
2025-09-21 01:46:42 INFO     Rank threshold calculated as 0.28151259174513915
2025-09-21 01:46:42 INFO     As the training flag is zero, down-weighting unknown functions
2025-09-21 01:46:42 INFO     Evaluating...
2025-09-21 01:46:42 INFO     Checking prophages we might have found
2025-09-21 01:46:42 INFO     Potential prophages (sorted highest to lowest)
2025-09-21 01:46:42 INFO     Contig	Start	Stop	Number of potential genes	Status
2025-09-21 01:46:42 INFO     EECGICBD_9	20	27427	29	Dropped. No genes were identified as phage genes
2025-09-21 01:46:42 INFO     EECGICBD_1	295774	312765	29	Kept
2025-09-21 01:46:42 INFO     EECGICBD_11	41146	50024	25	Dropped. No genes were identified as phage genes
2025-09-21 01:46:42 INFO     EECGICBD_6	145061	155652	2	Dropped. Region too small (Not enough genes)
2025-09-21 01:46:42 INFO     EECGICBD_30	140	3114	2	Dropped. Region too small (Not enough genes)
2025-09-21 01:46:42 INFO     EECGICBD_2	254040	254884	2	Dropped. Region too small (Not enough genes)
2025-09-21 01:46:42 INFO     EECGICBD_13	21679	22756	2	Dropped. Region too small (Not enough genes)
2025-09-21 01:46:42 INFO     EECGICBD_7	49626	50840	1	Dropped. Region too small (Not enough genes)
2025-09-21 01:46:42 INFO     EECGICBD_7	35271	35561	1	Dropped. Region too small (Not enough genes)
2025-09-21 01:46:42 INFO     EECGICBD_4	107259	108155	1	Dropped. Region too small (Not enough genes)
2025-09-21 01:46:42 INFO     EECGICBD_28	10633	11682	1	Dropped. Region too small (Not enough genes)
2025-09-21 01:46:42 INFO     EECGICBD_11	57061	58098	1	Dropped. Region too small (Not enough genes)
2025-09-21 01:46:42 INFO     EECGICBD_1	510575	511135	1	Dropped. Region too small (Not enough genes)
2025-09-21 01:46:42 INFO     PROPHAGE: 1 Contig: EECGICBD_1 Start: 295774 Stop: 312765
2025-09-21 01:46:42 INFO     There were 2 repeats with the same length as the best. One chosen somewhat randomly!
2025-09-21 01:46:42 INFO     Creating output files
2025-09-21 01:46:42 INFO     Writing GenBank output file
2025-09-21 01:46:43 INFO     Writing prophage_coordinates output file
2025-09-21 01:46:43 INFO     Done!!! Output is in . and the log is in ./SAMN04875290_phispy_phispy.log
