2025-09-20 22:07:17 INFO     Welcome to PhiSpy.py version 4.2.21
2025-09-20 22:07:17 INFO     Starting PhiSpy.py with the following arguments
Namespace(infile='SAMN04875295.gbk', output_dir='.', make_training_data=None, training_set='data/trainSet_genericAll.txt', list=False, file_prefix='SAMN04875295_phispy_', evaluate=False, number=5, min_contig_size=5000, window_size=30, nonprophage_genegaps=10, phage_genes=1, metrics=['orf_length_med', 'shannon_slope', 'at_skew', 'gc_skew', 'max_direction'], randomforest_trees=500, expand_slope=False, kmers_type='all', phmms=None, include_annotations=True, ignore_annotations=False, color=False, threads=2, output_choice=3, include_all_repeats=False, keep_dropped_predictions=False, extra_dna=2000, min_repeat_len=10, log='./SAMN04875295_phispy_phispy.log', quiet=False, keep=False, logger=<Logger PhiSpy (Level 5)>)
2025-09-20 22:07:17 INFO     Processing 25 contigs
2025-09-20 22:07:17 INFO     Making Testing Set...
2025-09-20 22:07:24 INFO     Start Classification Algorithm...
2025-09-20 22:07:24 INFO     Using training set in data/trainSet_genericAll.txt
2025-09-20 22:07:27 INFO     Using the following metric(s): {'at_skew', 'orf_length_med', 'gc_skew', 'shannon_slope', 'max_direction'}.
2025-09-20 22:07:27 INFO     Running the random forest classifier with 500 trees and 2 threads
2025-09-20 22:10:04 INFO     Rank threshold calculated as 0.3979269077910326
2025-09-20 22:10:04 INFO     As the training flag is zero, down-weighting unknown functions
2025-09-20 22:10:04 INFO     Evaluating...
2025-09-20 22:10:04 INFO     Checking prophages we might have found
2025-09-20 22:10:04 INFO     Potential prophages (sorted highest to lowest)
2025-09-20 22:10:04 INFO     Contig	Start	Stop	Number of potential genes	Status
2025-09-20 22:10:04 INFO     PFFFBGGF_5	15560	36380	35	Dropped. No genes were identified as phage genes
2025-09-20 22:10:04 INFO     PFFFBGGF_6	51569	52646	2	Dropped. Region too small (Not enough genes)
2025-09-20 22:10:04 INFO     PFFFBGGF_5	40695	51286	2	Dropped. Region too small (Not enough genes)
2025-09-20 22:10:04 INFO     PFFFBGGF_7	35272	35562	1	Dropped. Region too small (Not enough genes)
2025-09-20 22:10:04 INFO     PFFFBGGF_4	152130	152690	1	Dropped. Region too small (Not enough genes)
2025-09-20 22:10:04 INFO     PFFFBGGF_1	408246	409142	1	Dropped. Region too small (Not enough genes)
2025-09-20 22:10:04 INFO     Creating output files
2025-09-20 22:10:04 INFO     Writing GenBank output file
2025-09-20 22:10:05 INFO     Writing prophage_coordinates output file
2025-09-20 22:10:05 INFO     Done!!! Output is in . and the log is in ./SAMN04875295_phispy_phispy.log
