2025-09-21 01:43:52 INFO     Welcome to PhiSpy.py version 4.2.21
2025-09-21 01:43:52 INFO     Starting PhiSpy.py with the following arguments
Namespace(infile='SAMN04875291.gbk', output_dir='.', make_training_data=None, training_set='data/trainSet_genericAll.txt', list=False, file_prefix='SAMN04875291_phispy_', evaluate=False, number=5, min_contig_size=5000, window_size=30, nonprophage_genegaps=10, phage_genes=1, metrics=['orf_length_med', 'shannon_slope', 'at_skew', 'gc_skew', 'max_direction'], randomforest_trees=500, expand_slope=False, kmers_type='all', phmms=None, include_annotations=True, ignore_annotations=False, color=False, threads=2, output_choice=3, include_all_repeats=False, keep_dropped_predictions=False, extra_dna=2000, min_repeat_len=10, log='./SAMN04875291_phispy_phispy.log', quiet=False, keep=False, logger=<Logger PhiSpy (Level 5)>)
2025-09-21 01:43:52 INFO     Processing 22 contigs
2025-09-21 01:43:52 INFO     Making Testing Set...
2025-09-21 01:44:00 INFO     Start Classification Algorithm...
2025-09-21 01:44:00 INFO     Using training set in data/trainSet_genericAll.txt
2025-09-21 01:44:02 INFO     Using the following metric(s): {'shannon_slope', 'at_skew', 'gc_skew', 'max_direction', 'orf_length_med'}.
2025-09-21 01:44:02 INFO     Running the random forest classifier with 500 trees and 2 threads
2025-09-21 01:46:43 INFO     Rank threshold calculated as 0.48261488095238086
2025-09-21 01:46:43 INFO     As the training flag is zero, down-weighting unknown functions
2025-09-21 01:46:43 INFO     Evaluating...
2025-09-21 01:46:43 INFO     Checking prophages we might have found
2025-09-21 01:46:43 INFO     Potential prophages (sorted highest to lowest)
2025-09-21 01:46:43 INFO     Contig	Start	Stop	Number of potential genes	Status
2025-09-21 01:46:43 INFO     GCFGGDDM_1	339168	365408	41	Dropped. No genes were identified as phage genes
2025-09-21 01:46:43 INFO     GCFGGDDM_9	21578	22655	2	Dropped. Region too small (Not enough genes)
2025-09-21 01:46:43 INFO     GCFGGDDM_8	54951	55988	1	Dropped. Region too small (Not enough genes)
2025-09-21 01:46:43 INFO     GCFGGDDM_6	36550	36840	1	Dropped. Region too small (Not enough genes)
2025-09-21 01:46:43 INFO     GCFGGDDM_3	95426	96313	1	Dropped. Region too small (Not enough genes)
2025-09-21 01:46:43 INFO     GCFGGDDM_1	727228	728124	1	Dropped. Region too small (Not enough genes)
2025-09-21 01:46:43 INFO     GCFGGDDM_1	330470	331519	1	Dropped. Region too small (Not enough genes)
2025-09-21 01:46:43 INFO     GCFGGDDM_1	122819	123379	1	Dropped. Region too small (Not enough genes)
2025-09-21 01:46:43 INFO     Creating output files
2025-09-21 01:46:43 INFO     Writing GenBank output file
2025-09-21 01:46:43 INFO     Writing prophage_coordinates output file
2025-09-21 01:46:43 INFO     Done!!! Output is in . and the log is in ./SAMN04875291_phispy_phispy.log
