
**************************************************************************
 ___       _                               _____ _           _
|_ _|_ __ | |_ ___  __ _ _ __ ___  _ __   |  ___(_)_ __   __| | ___ _ __
 | || '_ \| __/ _ \/ _` | '__/ _ \| '_ \  | |_  | | '_ \ / _` |/ _ \ '__|
 | || | | | ||  __/ (_| | | | (_) | | | | |  _| | | | | | (_| |  __/ |
|___|_| |_|\__\___|\__, |_|  \___/|_| |_| |_|   |_|_| |_|\__,_|\___|_|
                   |___/

**************************************************************************

integron_finder version 2.0.5 
Using:
 - Python 3.12.3 | packaged by conda-forge | (main, Apr 15 2024, 18:38:13) [GCC 12.3.0]
 - numpy 1.26.4
 - pandas 2.2.2
 - matplolib 3.8.4
 - biopython 1.83

 - Prodigal V2.6.3: February, 2016
 - INFERNAL 1.1.4 (Dec 2020)
 - HMMER 3.3.2 (Nov 2020); http://hmmer.org/

Authors:
 - Jean Cury, Bertrand Neron, Eduardo Rocha,

Citation:

 Néron, B.; Littner, E.; Haudiquet, M.; Perrin, A.; Cury, J.; Rocha, E.P.C. 
 IntegronFinder 2.0: Identification and Analysis of Integrons across Bacteria, with a Focus on Antibiotic Resistance in Klebsiella. 
 Microorganisms 2022, 10, 700. https://doi.org/10.3390/microorganisms10040700

 If you use --func-annot in conjunction with file NCBIfam-AMRFinder.hmm please also cite

 Haft, DH et al., Nucleic Acids Res. 2018 Jan 4;46(D1):D851-D860
 PMID: 29112715
 

                     =======================

integron_finder is free software: you can redistribute it and/or modify
it under the terms of the GNU General Public License as published by
the Free Software Foundation, either version 3 of the License, or
(at your option) any later version.

integron_finder is distributed in the hope that it will be useful,
but WITHOUT ANY WARRANTY; without even the implied warranty of
MERCHANTABILITY or FITNESS FOR A PARTICULAR PURPOSE. See the
GNU General Public License for more details.

You should have received a copy of the GNU General Public License
along with this program (COPYING file).
If not, see <http://www.gnu.org/licenses/>.

                     =======================

command used: integron_finder --cpu 2 SAMN04875288.fa

                     =======================

[0m
INFO     : ############ Processing replicon SAMN04875288.contig00001 (1/112) ############

INFO     : Starting Default search ... :
INFO     : Default search done... : 
INFO     : In replicon SAMN04875288.contig00001, there are:
INFO     : - 0 complete integron(s) found with a total 0 attC site(s)
INFO     : - 0 CALIN element(s) found with a total of 0 attC site(s)
INFO     : - 0 In0 element(s) found with a total of 0 attC site
INFO     : Writing out results for replicon SAMN04875288.contig00001
INFO     : ############ Processing replicon SAMN04875288.contig00002 (2/112) ############

INFO     : Starting Default search ... :
INFO     : Default search done... : 
INFO     : In replicon SAMN04875288.contig00002, there are:
INFO     : - 0 complete integron(s) found with a total 0 attC site(s)
INFO     : - 0 CALIN element(s) found with a total of 0 attC site(s)
INFO     : - 0 In0 element(s) found with a total of 0 attC site
INFO     : Writing out results for replicon SAMN04875288.contig00002
INFO     : ############ Processing replicon SAMN04875288.contig00003 (3/112) ############

INFO     : Starting Default search ... :
INFO     : Default search done... : 
INFO     : In replicon SAMN04875288.contig00003, there are:
INFO     : - 0 complete integron(s) found with a total 0 attC site(s)
INFO     : - 0 CALIN element(s) found with a total of 0 attC site(s)
INFO     : - 0 In0 element(s) found with a total of 0 attC site
INFO     : Writing out results for replicon SAMN04875288.contig00003
INFO     : ############ Processing replicon SAMN04875288.contig00004 (4/112) ############

INFO     : Starting Default search ... :
INFO     : Default search done... : 
INFO     : In replicon SAMN04875288.contig00004, there are:
INFO     : - 0 complete integron(s) found with a total 0 attC site(s)
INFO     : - 0 CALIN element(s) found with a total of 0 attC site(s)
INFO     : - 0 In0 element(s) found with a total of 0 attC site
INFO     : Writing out results for replicon SAMN04875288.contig00004
INFO     : ############ Processing replicon SAMN04875288.contig00005 (5/112) ############

INFO     : Starting Default search ... :
INFO     : Default search done... : 
INFO     : In replicon SAMN04875288.contig00005, there are:
INFO     : - 0 complete integron(s) found with a total 0 attC site(s)
INFO     : - 0 CALIN element(s) found with a total of 0 attC site(s)
INFO     : - 0 In0 element(s) found with a total of 0 attC site
INFO     : Writing out results for replicon SAMN04875288.contig00005
INFO     : ############ Processing replicon SAMN04875288.contig00006 (6/112) ############

INFO     : Starting Default search ... :
INFO     : Default search done... : 
INFO     : In replicon SAMN04875288.contig00006, there are:
INFO     : - 0 complete integron(s) found with a total 0 attC site(s)
INFO     : - 0 CALIN element(s) found with a total of 0 attC site(s)
INFO     : - 0 In0 element(s) found with a total of 0 attC site
INFO     : Writing out results for replicon SAMN04875288.contig00006
INFO     : ############ Processing replicon SAMN04875288.contig00007 (7/112) ############

INFO     : Starting Default search ... :
INFO     : Default search done... : 
INFO     : In replicon SAMN04875288.contig00007, there are:
INFO     : - 0 complete integron(s) found with a total 0 attC site(s)
INFO     : - 0 CALIN element(s) found with a total of 0 attC site(s)
INFO     : - 0 In0 element(s) found with a total of 0 attC site
INFO     : Writing out results for replicon SAMN04875288.contig00007
INFO     : ############ Processing replicon SAMN04875288.contig00008 (8/112) ############

INFO     : Starting Default search ... :
INFO     : Default search done... : 
INFO     : In replicon SAMN04875288.contig00008, there are:
INFO     : - 0 complete integron(s) found with a total 0 attC site(s)
INFO     : - 0 CALIN element(s) found with a total of 0 attC site(s)
INFO     : - 0 In0 element(s) found with a total of 0 attC site
INFO     : Writing out results for replicon SAMN04875288.contig00008
INFO     : ############ Processing replicon SAMN04875288.contig00009 (9/112) ############

INFO     : Starting Default search ... :
INFO     : Default search done... : 
INFO     : In replicon SAMN04875288.contig00009, there are:
INFO     : - 0 complete integron(s) found with a total 0 attC site(s)
INFO     : - 0 CALIN element(s) found with a total of 0 attC site(s)
INFO     : - 0 In0 element(s) found with a total of 0 attC site
INFO     : Writing out results for replicon SAMN04875288.contig00009
INFO     : ############ Processing replicon SAMN04875288.contig00010 (10/112) ############

INFO     : Starting Default search ... :
INFO     : Default search done... : 
INFO     : In replicon SAMN04875288.contig00010, there are:
INFO     : - 0 complete integron(s) found with a total 0 attC site(s)
INFO     : - 0 CALIN element(s) found with a total of 0 attC site(s)
INFO     : - 0 In0 element(s) found with a total of 0 attC site
INFO     : Writing out results for replicon SAMN04875288.contig00010
INFO     : ############ Processing replicon SAMN04875288.contig00011 (11/112) ############

INFO     : Starting Default search ... :
INFO     : Default search done... : 
INFO     : In replicon SAMN04875288.contig00011, there are:
INFO     : - 0 complete integron(s) found with a total 0 attC site(s)
INFO     : - 0 CALIN element(s) found with a total of 0 attC site(s)
INFO     : - 0 In0 element(s) found with a total of 0 attC site
INFO     : Writing out results for replicon SAMN04875288.contig00011
INFO     : ############ Processing replicon SAMN04875288.contig00012 (12/112) ############

INFO     : Starting Default search ... :
INFO     : Default search done... : 
INFO     : In replicon SAMN04875288.contig00012, there are:
INFO     : - 0 complete integron(s) found with a total 0 attC site(s)
INFO     : - 0 CALIN element(s) found with a total of 0 attC site(s)
INFO     : - 0 In0 element(s) found with a total of 0 attC site
INFO     : Writing out results for replicon SAMN04875288.contig00012
INFO     : ############ Processing replicon SAMN04875288.contig00013 (13/112) ############

INFO     : Starting Default search ... :
INFO     : Default search done... : 
INFO     : In replicon SAMN04875288.contig00013, there are:
INFO     : - 0 complete integron(s) found with a total 0 attC site(s)
INFO     : - 0 CALIN element(s) found with a total of 0 attC site(s)
INFO     : - 0 In0 element(s) found with a total of 0 attC site
INFO     : Writing out results for replicon SAMN04875288.contig00013
INFO     : ############ Processing replicon SAMN04875288.contig00014 (14/112) ############

INFO     : Starting Default search ... :
INFO     : Default search done... : 
INFO     : In replicon SAMN04875288.contig00014, there are:
INFO     : - 0 complete integron(s) found with a total 0 attC site(s)
INFO     : - 0 CALIN element(s) found with a total of 0 attC site(s)
INFO     : - 0 In0 element(s) found with a total of 0 attC site
INFO     : Writing out results for replicon SAMN04875288.contig00014
INFO     : ############ Processing replicon SAMN04875288.contig00015 (15/112) ############

INFO     : Starting Default search ... :
INFO     : Default search done... : 
INFO     : In replicon SAMN04875288.contig00015, there are:
INFO     : - 0 complete integron(s) found with a total 0 attC site(s)
INFO     : - 0 CALIN element(s) found with a total of 0 attC site(s)
INFO     : - 0 In0 element(s) found with a total of 0 attC site
INFO     : Writing out results for replicon SAMN04875288.contig00015
INFO     : ############ Processing replicon SAMN04875288.contig00016 (16/112) ############

INFO     : Starting Default search ... :
INFO     : Default search done... : 
INFO     : In replicon SAMN04875288.contig00016, there are:
INFO     : - 0 complete integron(s) found with a total 0 attC site(s)
INFO     : - 0 CALIN element(s) found with a total of 0 attC site(s)
INFO     : - 0 In0 element(s) found with a total of 0 attC site
INFO     : Writing out results for replicon SAMN04875288.contig00016
INFO     : ############ Processing replicon SAMN04875288.contig00017 (17/112) ############

INFO     : Starting Default search ... :
INFO     : Default search done... : 
INFO     : In replicon SAMN04875288.contig00017, there are:
INFO     : - 0 complete integron(s) found with a total 0 attC site(s)
INFO     : - 0 CALIN element(s) found with a total of 0 attC site(s)
INFO     : - 0 In0 element(s) found with a total of 0 attC site
INFO     : Writing out results for replicon SAMN04875288.contig00017
INFO     : ############ Processing replicon SAMN04875288.contig00018 (18/112) ############

INFO     : Starting Default search ... :
INFO     : Default search done... : 
INFO     : In replicon SAMN04875288.contig00018, there are:
INFO     : - 0 complete integron(s) found with a total 0 attC site(s)
INFO     : - 0 CALIN element(s) found with a total of 0 attC site(s)
INFO     : - 0 In0 element(s) found with a total of 0 attC site
INFO     : Writing out results for replicon SAMN04875288.contig00018
INFO     : ############ Processing replicon SAMN04875288.contig00019 (19/112) ############

INFO     : Starting Default search ... :
INFO     : Default search done... : 
INFO     : In replicon SAMN04875288.contig00019, there are:
INFO     : - 0 complete integron(s) found with a total 0 attC site(s)
INFO     : - 0 CALIN element(s) found with a total of 0 attC site(s)
INFO     : - 0 In0 element(s) found with a total of 0 attC site
INFO     : Writing out results for replicon SAMN04875288.contig00019
INFO     : ############ Processing replicon SAMN04875288.contig00020 (20/112) ############

INFO     : Starting Default search ... :
INFO     : Default search done... : 
INFO     : In replicon SAMN04875288.contig00020, there are:
INFO     : - 0 complete integron(s) found with a total 0 attC site(s)
INFO     : - 0 CALIN element(s) found with a total of 0 attC site(s)
INFO     : - 0 In0 element(s) found with a total of 0 attC site
INFO     : Writing out results for replicon SAMN04875288.contig00020
INFO     : ############ Processing replicon SAMN04875288.contig00021 (21/112) ############

INFO     : Starting Default search ... :
INFO     : Default search done... : 
INFO     : In replicon SAMN04875288.contig00021, there are:
INFO     : - 0 complete integron(s) found with a total 0 attC site(s)
INFO     : - 0 CALIN element(s) found with a total of 0 attC site(s)
INFO     : - 0 In0 element(s) found with a total of 0 attC site
INFO     : Writing out results for replicon SAMN04875288.contig00021
INFO     : ############ Processing replicon SAMN04875288.contig00022 (22/112) ############

INFO     : Starting Default search ... :
INFO     : Default search done... : 
INFO     : In replicon SAMN04875288.contig00022, there are:
INFO     : - 0 complete integron(s) found with a total 0 attC site(s)
INFO     : - 0 CALIN element(s) found with a total of 0 attC site(s)
INFO     : - 0 In0 element(s) found with a total of 0 attC site
INFO     : Writing out results for replicon SAMN04875288.contig00022
INFO     : ############ Processing replicon SAMN04875288.contig00023 (23/112) ############

INFO     : Starting Default search ... :
INFO     : Default search done... : 
INFO     : In replicon SAMN04875288.contig00023, there are:
INFO     : - 0 complete integron(s) found with a total 0 attC site(s)
INFO     : - 0 CALIN element(s) found with a total of 0 attC site(s)
INFO     : - 0 In0 element(s) found with a total of 0 attC site
INFO     : Writing out results for replicon SAMN04875288.contig00023
INFO     : ############ Processing replicon SAMN04875288.contig00024 (24/112) ############

INFO     : Starting Default search ... :
INFO     : Default search done... : 
INFO     : In replicon SAMN04875288.contig00024, there are:
INFO     : - 0 complete integron(s) found with a total 0 attC site(s)
INFO     : - 0 CALIN element(s) found with a total of 0 attC site(s)
INFO     : - 0 In0 element(s) found with a total of 0 attC site
INFO     : Writing out results for replicon SAMN04875288.contig00024
INFO     : ############ Processing replicon SAMN04875288.contig00025 (25/112) ############

INFO     : Starting Default search ... :
INFO     : Default search done... : 
INFO     : In replicon SAMN04875288.contig00025, there are:
INFO     : - 0 complete integron(s) found with a total 0 attC site(s)
INFO     : - 0 CALIN element(s) found with a total of 0 attC site(s)
INFO     : - 0 In0 element(s) found with a total of 0 attC site
INFO     : Writing out results for replicon SAMN04875288.contig00025
INFO     : ############ Processing replicon SAMN04875288.contig00026 (26/112) ############

INFO     : Starting Default search ... :
INFO     : Default search done... : 
INFO     : In replicon SAMN04875288.contig00026, there are:
INFO     : - 0 complete integron(s) found with a total 0 attC site(s)
INFO     : - 0 CALIN element(s) found with a total of 0 attC site(s)
INFO     : - 0 In0 element(s) found with a total of 0 attC site
INFO     : Writing out results for replicon SAMN04875288.contig00026
INFO     : ############ Processing replicon SAMN04875288.contig00027 (27/112) ############

INFO     : Starting Default search ... :
INFO     : Default search done... : 
INFO     : In replicon SAMN04875288.contig00027, there are:
INFO     : - 0 complete integron(s) found with a total 0 attC site(s)
INFO     : - 0 CALIN element(s) found with a total of 0 attC site(s)
INFO     : - 0 In0 element(s) found with a total of 0 attC site
INFO     : Writing out results for replicon SAMN04875288.contig00027
INFO     : ############ Processing replicon SAMN04875288.contig00028 (28/112) ############

INFO     : Starting Default search ... :
INFO     : Default search done... : 
INFO     : In replicon SAMN04875288.contig00028, there are:
INFO     : - 0 complete integron(s) found with a total 0 attC site(s)
INFO     : - 0 CALIN element(s) found with a total of 0 attC site(s)
INFO     : - 0 In0 element(s) found with a total of 0 attC site
INFO     : Writing out results for replicon SAMN04875288.contig00028
INFO     : ############ Processing replicon SAMN04875288.contig00029 (29/112) ############

INFO     : Starting Default search ... :
INFO     : Default search done... : 
INFO     : In replicon SAMN04875288.contig00029, there are:
INFO     : - 0 complete integron(s) found with a total 0 attC site(s)
INFO     : - 0 CALIN element(s) found with a total of 0 attC site(s)
INFO     : - 0 In0 element(s) found with a total of 0 attC site
INFO     : Writing out results for replicon SAMN04875288.contig00029
INFO     : ############ Processing replicon SAMN04875288.contig00030 (30/112) ############

INFO     : Starting Default search ... :
INFO     : Default search done... : 
INFO     : In replicon SAMN04875288.contig00030, there are:
INFO     : - 0 complete integron(s) found with a total 0 attC site(s)
INFO     : - 0 CALIN element(s) found with a total of 0 attC site(s)
INFO     : - 0 In0 element(s) found with a total of 0 attC site
INFO     : Writing out results for replicon SAMN04875288.contig00030
INFO     : ############ Processing replicon SAMN04875288.contig00031 (31/112) ############

INFO     : Starting Default search ... :
INFO     : Default search done... : 
INFO     : In replicon SAMN04875288.contig00031, there are:
INFO     : - 0 complete integron(s) found with a total 0 attC site(s)
INFO     : - 0 CALIN element(s) found with a total of 0 attC site(s)
INFO     : - 0 In0 element(s) found with a total of 0 attC site
INFO     : Writing out results for replicon SAMN04875288.contig00031
INFO     : ############ Processing replicon SAMN04875288.contig00032 (32/112) ############

INFO     : Starting Default search ... :
INFO     : Default search done... : 
INFO     : In replicon SAMN04875288.contig00032, there are:
INFO     : - 0 complete integron(s) found with a total 0 attC site(s)
INFO     : - 0 CALIN element(s) found with a total of 0 attC site(s)
INFO     : - 0 In0 element(s) found with a total of 0 attC site
INFO     : Writing out results for replicon SAMN04875288.contig00032
INFO     : ############ Processing replicon SAMN04875288.contig00033 (33/112) ############

INFO     : Starting Default search ... :
INFO     : Default search done... : 
INFO     : In replicon SAMN04875288.contig00033, there are:
INFO     : - 0 complete integron(s) found with a total 0 attC site(s)
INFO     : - 0 CALIN element(s) found with a total of 0 attC site(s)
INFO     : - 0 In0 element(s) found with a total of 0 attC site
INFO     : Writing out results for replicon SAMN04875288.contig00033
INFO     : ############ Processing replicon SAMN04875288.contig00034 (34/112) ############

INFO     : Starting Default search ... :
INFO     : Default search done... : 
INFO     : In replicon SAMN04875288.contig00034, there are:
INFO     : - 0 complete integron(s) found with a total 0 attC site(s)
INFO     : - 0 CALIN element(s) found with a total of 0 attC site(s)
INFO     : - 0 In0 element(s) found with a total of 0 attC site
INFO     : Writing out results for replicon SAMN04875288.contig00034
INFO     : ############ Processing replicon SAMN04875288.contig00035 (35/112) ############

INFO     : Starting Default search ... :
INFO     : Default search done... : 
INFO     : In replicon SAMN04875288.contig00035, there are:
INFO     : - 0 complete integron(s) found with a total 0 attC site(s)
INFO     : - 0 CALIN element(s) found with a total of 0 attC site(s)
INFO     : - 0 In0 element(s) found with a total of 0 attC site
INFO     : Writing out results for replicon SAMN04875288.contig00035
INFO     : ############ Processing replicon SAMN04875288.contig00036 (36/112) ############

INFO     : Starting Default search ... :
INFO     : Default search done... : 
INFO     : In replicon SAMN04875288.contig00036, there are:
INFO     : - 0 complete integron(s) found with a total 0 attC site(s)
INFO     : - 0 CALIN element(s) found with a total of 0 attC site(s)
INFO     : - 0 In0 element(s) found with a total of 0 attC site
INFO     : Writing out results for replicon SAMN04875288.contig00036
INFO     : ############ Processing replicon SAMN04875288.contig00037 (37/112) ############

INFO     : Starting Default search ... :
INFO     : Default search done... : 
INFO     : In replicon SAMN04875288.contig00037, there are:
INFO     : - 0 complete integron(s) found with a total 0 attC site(s)
INFO     : - 0 CALIN element(s) found with a total of 0 attC site(s)
INFO     : - 0 In0 element(s) found with a total of 0 attC site
INFO     : Writing out results for replicon SAMN04875288.contig00037
INFO     : ############ Processing replicon SAMN04875288.contig00038 (38/112) ############

INFO     : Starting Default search ... :
INFO     : Default search done... : 
INFO     : In replicon SAMN04875288.contig00038, there are:
INFO     : - 0 complete integron(s) found with a total 0 attC site(s)
INFO     : - 0 CALIN element(s) found with a total of 0 attC site(s)
INFO     : - 0 In0 element(s) found with a total of 0 attC site
INFO     : Writing out results for replicon SAMN04875288.contig00038
INFO     : ############ Processing replicon SAMN04875288.contig00039 (39/112) ############

INFO     : Starting Default search ... :
INFO     : Default search done... : 
INFO     : In replicon SAMN04875288.contig00039, there are:
INFO     : - 0 complete integron(s) found with a total 0 attC site(s)
INFO     : - 0 CALIN element(s) found with a total of 0 attC site(s)
INFO     : - 0 In0 element(s) found with a total of 0 attC site
INFO     : Writing out results for replicon SAMN04875288.contig00039
INFO     : ############ Processing replicon SAMN04875288.contig00040 (40/112) ############

INFO     : Starting Default search ... :
INFO     : Default search done... : 
INFO     : In replicon SAMN04875288.contig00040, there are:
INFO     : - 0 complete integron(s) found with a total 0 attC site(s)
INFO     : - 0 CALIN element(s) found with a total of 0 attC site(s)
INFO     : - 0 In0 element(s) found with a total of 0 attC site
INFO     : Writing out results for replicon SAMN04875288.contig00040
INFO     : ############ Processing replicon SAMN04875288.contig00041 (41/112) ############

INFO     : Starting Default search ... :
INFO     : Default search done... : 
INFO     : In replicon SAMN04875288.contig00041, there are:
INFO     : - 0 complete integron(s) found with a total 0 attC site(s)
INFO     : - 0 CALIN element(s) found with a total of 0 attC site(s)
INFO     : - 0 In0 element(s) found with a total of 0 attC site
INFO     : Writing out results for replicon SAMN04875288.contig00041
INFO     : ############ Processing replicon SAMN04875288.contig00042 (42/112) ############

INFO     : Starting Default search ... :
INFO     : Default search done... : 
INFO     : In replicon SAMN04875288.contig00042, there are:
INFO     : - 0 complete integron(s) found with a total 0 attC site(s)
INFO     : - 0 CALIN element(s) found with a total of 0 attC site(s)
INFO     : - 0 In0 element(s) found with a total of 0 attC site
INFO     : Writing out results for replicon SAMN04875288.contig00042
INFO     : ############ Processing replicon SAMN04875288.contig00043 (43/112) ############

INFO     : Starting Default search ... :
INFO     : Default search done... : 
INFO     : In replicon SAMN04875288.contig00043, there are:
INFO     : - 0 complete integron(s) found with a total 0 attC site(s)
INFO     : - 0 CALIN element(s) found with a total of 0 attC site(s)
INFO     : - 0 In0 element(s) found with a total of 0 attC site
INFO     : Writing out results for replicon SAMN04875288.contig00043
INFO     : ############ Processing replicon SAMN04875288.contig00044 (44/112) ############

INFO     : Starting Default search ... :
INFO     : Default search done... : 
INFO     : In replicon SAMN04875288.contig00044, there are:
INFO     : - 0 complete integron(s) found with a total 0 attC site(s)
INFO     : - 0 CALIN element(s) found with a total of 0 attC site(s)
INFO     : - 0 In0 element(s) found with a total of 0 attC site
INFO     : Writing out results for replicon SAMN04875288.contig00044
INFO     : ############ Processing replicon SAMN04875288.contig00045 (45/112) ############

INFO     : Starting Default search ... :
INFO     : Default search done... : 
INFO     : In replicon SAMN04875288.contig00045, there are:
INFO     : - 0 complete integron(s) found with a total 0 attC site(s)
INFO     : - 0 CALIN element(s) found with a total of 0 attC site(s)
INFO     : - 0 In0 element(s) found with a total of 0 attC site
INFO     : Writing out results for replicon SAMN04875288.contig00045
INFO     : ############ Processing replicon SAMN04875288.contig00046 (46/112) ############

INFO     : Starting Default search ... :
INFO     : Default search done... : 
INFO     : In replicon SAMN04875288.contig00046, there are:
INFO     : - 0 complete integron(s) found with a total 0 attC site(s)
INFO     : - 0 CALIN element(s) found with a total of 0 attC site(s)
INFO     : - 0 In0 element(s) found with a total of 0 attC site
INFO     : Writing out results for replicon SAMN04875288.contig00046
INFO     : ############ Processing replicon SAMN04875288.contig00047 (47/112) ############

INFO     : Starting Default search ... :
INFO     : Default search done... : 
INFO     : In replicon SAMN04875288.contig00047, there are:
INFO     : - 0 complete integron(s) found with a total 0 attC site(s)
INFO     : - 0 CALIN element(s) found with a total of 0 attC site(s)
INFO     : - 0 In0 element(s) found with a total of 0 attC site
INFO     : Writing out results for replicon SAMN04875288.contig00047
INFO     : ############ Processing replicon SAMN04875288.contig00048 (48/112) ############

INFO     : Starting Default search ... :
INFO     : Default search done... : 
INFO     : In replicon SAMN04875288.contig00048, there are:
INFO     : - 0 complete integron(s) found with a total 0 attC site(s)
INFO     : - 0 CALIN element(s) found with a total of 0 attC site(s)
INFO     : - 0 In0 element(s) found with a total of 0 attC site
INFO     : Writing out results for replicon SAMN04875288.contig00048
INFO     : ############ Processing replicon SAMN04875288.contig00049 (49/112) ############

INFO     : Starting Default search ... :
INFO     : Default search done... : 
INFO     : In replicon SAMN04875288.contig00049, there are:
INFO     : - 0 complete integron(s) found with a total 0 attC site(s)
INFO     : - 0 CALIN element(s) found with a total of 0 attC site(s)
INFO     : - 0 In0 element(s) found with a total of 0 attC site
INFO     : Writing out results for replicon SAMN04875288.contig00049
INFO     : ############ Processing replicon SAMN04875288.contig00050 (50/112) ############

INFO     : Starting Default search ... :
INFO     : Default search done... : 
INFO     : In replicon SAMN04875288.contig00050, there are:
INFO     : - 0 complete integron(s) found with a total 0 attC site(s)
INFO     : - 0 CALIN element(s) found with a total of 0 attC site(s)
INFO     : - 0 In0 element(s) found with a total of 0 attC site
INFO     : Writing out results for replicon SAMN04875288.contig00050
INFO     : ############ Processing replicon SAMN04875288.contig00051 (51/112) ############

INFO     : Starting Default search ... :
INFO     : Default search done... : 
INFO     : In replicon SAMN04875288.contig00051, there are:
INFO     : - 0 complete integron(s) found with a total 0 attC site(s)
INFO     : - 0 CALIN element(s) found with a total of 0 attC site(s)
INFO     : - 0 In0 element(s) found with a total of 0 attC site
INFO     : Writing out results for replicon SAMN04875288.contig00051
INFO     : ############ Processing replicon SAMN04875288.contig00052 (52/112) ############

INFO     : Starting Default search ... :
INFO     : Default search done... : 
INFO     : In replicon SAMN04875288.contig00052, there are:
INFO     : - 0 complete integron(s) found with a total 0 attC site(s)
INFO     : - 0 CALIN element(s) found with a total of 0 attC site(s)
INFO     : - 0 In0 element(s) found with a total of 0 attC site
INFO     : Writing out results for replicon SAMN04875288.contig00052
INFO     : ############ Processing replicon SAMN04875288.contig00053 (53/112) ############

INFO     : Starting Default search ... :
INFO     : Default search done... : 
INFO     : In replicon SAMN04875288.contig00053, there are:
INFO     : - 0 complete integron(s) found with a total 0 attC site(s)
INFO     : - 0 CALIN element(s) found with a total of 0 attC site(s)
INFO     : - 0 In0 element(s) found with a total of 0 attC site
INFO     : Writing out results for replicon SAMN04875288.contig00053
INFO     : ############ Processing replicon SAMN04875288.contig00054 (54/112) ############

INFO     : Starting Default search ... :
INFO     : Default search done... : 
INFO     : In replicon SAMN04875288.contig00054, there are:
INFO     : - 0 complete integron(s) found with a total 0 attC site(s)
INFO     : - 0 CALIN element(s) found with a total of 0 attC site(s)
INFO     : - 0 In0 element(s) found with a total of 0 attC site
INFO     : Writing out results for replicon SAMN04875288.contig00054
INFO     : ############ Processing replicon SAMN04875288.contig00055 (55/112) ############

INFO     : Starting Default search ... :
INFO     : Default search done... : 
INFO     : In replicon SAMN04875288.contig00055, there are:
INFO     : - 0 complete integron(s) found with a total 0 attC site(s)
INFO     : - 0 CALIN element(s) found with a total of 0 attC site(s)
INFO     : - 0 In0 element(s) found with a total of 0 attC site
INFO     : Writing out results for replicon SAMN04875288.contig00055
INFO     : ############ Processing replicon SAMN04875288.contig00056 (56/112) ############

INFO     : Starting Default search ... :
INFO     : Default search done... : 
INFO     : In replicon SAMN04875288.contig00056, there are:
INFO     : - 0 complete integron(s) found with a total 0 attC site(s)
INFO     : - 0 CALIN element(s) found with a total of 0 attC site(s)
INFO     : - 0 In0 element(s) found with a total of 0 attC site
INFO     : Writing out results for replicon SAMN04875288.contig00056
INFO     : ############ Processing replicon SAMN04875288.contig00057 (57/112) ############

INFO     : Starting Default search ... :
INFO     : Default search done... : 
INFO     : In replicon SAMN04875288.contig00057, there are:
INFO     : - 0 complete integron(s) found with a total 0 attC site(s)
INFO     : - 0 CALIN element(s) found with a total of 0 attC site(s)
INFO     : - 0 In0 element(s) found with a total of 0 attC site
INFO     : Writing out results for replicon SAMN04875288.contig00057
INFO     : ############ Processing replicon SAMN04875288.contig00058 (58/112) ############

INFO     : Starting Default search ... :
INFO     : Default search done... : 
INFO     : In replicon SAMN04875288.contig00058, there are:
INFO     : - 0 complete integron(s) found with a total 0 attC site(s)
INFO     : - 0 CALIN element(s) found with a total of 0 attC site(s)
INFO     : - 0 In0 element(s) found with a total of 0 attC site
INFO     : Writing out results for replicon SAMN04875288.contig00058
INFO     : ############ Processing replicon SAMN04875288.contig00059 (59/112) ############

INFO     : Starting Default search ... :
INFO     : Default search done... : 
INFO     : In replicon SAMN04875288.contig00059, there are:
INFO     : - 0 complete integron(s) found with a total 0 attC site(s)
INFO     : - 0 CALIN element(s) found with a total of 0 attC site(s)
INFO     : - 0 In0 element(s) found with a total of 0 attC site
INFO     : Writing out results for replicon SAMN04875288.contig00059
INFO     : ############ Processing replicon SAMN04875288.contig00060 (60/112) ############

INFO     : Starting Default search ... :
INFO     : Default search done... : 
INFO     : In replicon SAMN04875288.contig00060, there are:
INFO     : - 0 complete integron(s) found with a total 0 attC site(s)
INFO     : - 0 CALIN element(s) found with a total of 0 attC site(s)
INFO     : - 0 In0 element(s) found with a total of 0 attC site
INFO     : Writing out results for replicon SAMN04875288.contig00060
INFO     : ############ Processing replicon SAMN04875288.contig00061 (61/112) ############

INFO     : Starting Default search ... :
INFO     : Default search done... : 
INFO     : In replicon SAMN04875288.contig00061, there are:
INFO     : - 0 complete integron(s) found with a total 0 attC site(s)
INFO     : - 0 CALIN element(s) found with a total of 0 attC site(s)
INFO     : - 0 In0 element(s) found with a total of 0 attC site
INFO     : Writing out results for replicon SAMN04875288.contig00061
INFO     : ############ Processing replicon SAMN04875288.contig00062 (62/112) ############

INFO     : Starting Default search ... :
INFO     : Default search done... : 
INFO     : In replicon SAMN04875288.contig00062, there are:
INFO     : - 0 complete integron(s) found with a total 0 attC site(s)
INFO     : - 0 CALIN element(s) found with a total of 0 attC site(s)
INFO     : - 0 In0 element(s) found with a total of 0 attC site
INFO     : Writing out results for replicon SAMN04875288.contig00062
INFO     : ############ Processing replicon SAMN04875288.contig00063 (63/112) ############

INFO     : Starting Default search ... :
INFO     : Default search done... : 
INFO     : In replicon SAMN04875288.contig00063, there are:
INFO     : - 0 complete integron(s) found with a total 0 attC site(s)
INFO     : - 0 CALIN element(s) found with a total of 0 attC site(s)
INFO     : - 0 In0 element(s) found with a total of 0 attC site
INFO     : Writing out results for replicon SAMN04875288.contig00063
INFO     : ############ Processing replicon SAMN04875288.contig00064 (64/112) ############

INFO     : Starting Default search ... :
INFO     : Default search done... : 
INFO     : In replicon SAMN04875288.contig00064, there are:
INFO     : - 0 complete integron(s) found with a total 0 attC site(s)
INFO     : - 0 CALIN element(s) found with a total of 0 attC site(s)
INFO     : - 0 In0 element(s) found with a total of 0 attC site
INFO     : Writing out results for replicon SAMN04875288.contig00064
INFO     : ############ Processing replicon SAMN04875288.contig00065 (65/112) ############

INFO     : Starting Default search ... :
INFO     : Default search done... : 
INFO     : In replicon SAMN04875288.contig00065, there are:
INFO     : - 0 complete integron(s) found with a total 0 attC site(s)
INFO     : - 0 CALIN element(s) found with a total of 0 attC site(s)
INFO     : - 0 In0 element(s) found with a total of 0 attC site
INFO     : Writing out results for replicon SAMN04875288.contig00065
INFO     : ############ Processing replicon SAMN04875288.contig00066 (66/112) ############

INFO     : Starting Default search ... :
INFO     : Default search done... : 
INFO     : In replicon SAMN04875288.contig00066, there are:
INFO     : - 0 complete integron(s) found with a total 0 attC site(s)
INFO     : - 0 CALIN element(s) found with a total of 0 attC site(s)
INFO     : - 0 In0 element(s) found with a total of 0 attC site
INFO     : Writing out results for replicon SAMN04875288.contig00066
INFO     : ############ Processing replicon SAMN04875288.contig00067 (67/112) ############

INFO     : Starting Default search ... :
INFO     : Default search done... : 
INFO     : In replicon SAMN04875288.contig00067, there are:
INFO     : - 0 complete integron(s) found with a total 0 attC site(s)
INFO     : - 0 CALIN element(s) found with a total of 0 attC site(s)
INFO     : - 0 In0 element(s) found with a total of 0 attC site
INFO     : Writing out results for replicon SAMN04875288.contig00067
INFO     : ############ Processing replicon SAMN04875288.contig00068 (68/112) ############

INFO     : Starting Default search ... :
INFO     : Default search done... : 
INFO     : In replicon SAMN04875288.contig00068, there are:
INFO     : - 0 complete integron(s) found with a total 0 attC site(s)
INFO     : - 0 CALIN element(s) found with a total of 0 attC site(s)
INFO     : - 0 In0 element(s) found with a total of 0 attC site
INFO     : Writing out results for replicon SAMN04875288.contig00068
INFO     : ############ Processing replicon SAMN04875288.contig00069 (69/112) ############

INFO     : Starting Default search ... :
INFO     : Default search done... : 
INFO     : In replicon SAMN04875288.contig00069, there are:
INFO     : - 0 complete integron(s) found with a total 0 attC site(s)
INFO     : - 0 CALIN element(s) found with a total of 0 attC site(s)
INFO     : - 0 In0 element(s) found with a total of 0 attC site
INFO     : Writing out results for replicon SAMN04875288.contig00069
INFO     : ############ Processing replicon SAMN04875288.contig00070 (70/112) ############

INFO     : Starting Default search ... :
INFO     : Default search done... : 
INFO     : In replicon SAMN04875288.contig00070, there are:
INFO     : - 0 complete integron(s) found with a total 0 attC site(s)
INFO     : - 0 CALIN element(s) found with a total of 0 attC site(s)
INFO     : - 0 In0 element(s) found with a total of 0 attC site
INFO     : Writing out results for replicon SAMN04875288.contig00070
INFO     : ############ Processing replicon SAMN04875288.contig00071 (71/112) ############

INFO     : Starting Default search ... :
INFO     : Default search done... : 
INFO     : In replicon SAMN04875288.contig00071, there are:
INFO     : - 0 complete integron(s) found with a total 0 attC site(s)
INFO     : - 0 CALIN element(s) found with a total of 0 attC site(s)
INFO     : - 0 In0 element(s) found with a total of 0 attC site
INFO     : Writing out results for replicon SAMN04875288.contig00071
INFO     : ############ Processing replicon SAMN04875288.contig00072 (72/112) ############

INFO     : Starting Default search ... :
INFO     : Default search done... : 
INFO     : In replicon SAMN04875288.contig00072, there are:
INFO     : - 0 complete integron(s) found with a total 0 attC site(s)
INFO     : - 0 CALIN element(s) found with a total of 0 attC site(s)
INFO     : - 0 In0 element(s) found with a total of 0 attC site
INFO     : Writing out results for replicon SAMN04875288.contig00072
INFO     : ############ Processing replicon SAMN04875288.contig00073 (73/112) ############

WARNING  : The protein file: '/home/precious/nf-core-etd/work/b5/3c7f15d76b6710d78c554847ddc1a1/Results_Integron_Finder_SAMN04875288/tmp_SAMN04875288.contig00073/SAMN04875288.contig00073.prt' is empty cannot perform hmmsearch on it.
WARNING  : ############ Skip replicon SAMN04875288.contig00073 ############
INFO     : ############ Processing replicon SAMN04875288.contig00074 (74/112) ############

INFO     : Starting Default search ... :
INFO     : Default search done... : 
INFO     : In replicon SAMN04875288.contig00074, there are:
INFO     : - 0 complete integron(s) found with a total 0 attC site(s)
INFO     : - 0 CALIN element(s) found with a total of 0 attC site(s)
INFO     : - 0 In0 element(s) found with a total of 0 attC site
INFO     : Writing out results for replicon SAMN04875288.contig00074
INFO     : ############ Processing replicon SAMN04875288.contig00075 (75/112) ############

INFO     : Starting Default search ... :
INFO     : Default search done... : 
INFO     : In replicon SAMN04875288.contig00075, there are:
INFO     : - 0 complete integron(s) found with a total 0 attC site(s)
INFO     : - 0 CALIN element(s) found with a total of 0 attC site(s)
INFO     : - 0 In0 element(s) found with a total of 0 attC site
INFO     : Writing out results for replicon SAMN04875288.contig00075
INFO     : ############ Processing replicon SAMN04875288.contig00076 (76/112) ############

INFO     : Starting Default search ... :
INFO     : Default search done... : 
INFO     : In replicon SAMN04875288.contig00076, there are:
INFO     : - 0 complete integron(s) found with a total 0 attC site(s)
INFO     : - 0 CALIN element(s) found with a total of 0 attC site(s)
INFO     : - 0 In0 element(s) found with a total of 0 attC site
INFO     : Writing out results for replicon SAMN04875288.contig00076
INFO     : ############ Processing replicon SAMN04875288.contig00077 (77/112) ############

WARNING  : The protein file: '/home/precious/nf-core-etd/work/b5/3c7f15d76b6710d78c554847ddc1a1/Results_Integron_Finder_SAMN04875288/tmp_SAMN04875288.contig00077/SAMN04875288.contig00077.prt' is empty cannot perform hmmsearch on it.
WARNING  : ############ Skip replicon SAMN04875288.contig00077 ############
INFO     : ############ Processing replicon SAMN04875288.contig00078 (78/112) ############

INFO     : Starting Default search ... :
INFO     : Default search done... : 
INFO     : In replicon SAMN04875288.contig00078, there are:
INFO     : - 0 complete integron(s) found with a total 0 attC site(s)
INFO     : - 0 CALIN element(s) found with a total of 0 attC site(s)
INFO     : - 0 In0 element(s) found with a total of 0 attC site
INFO     : Writing out results for replicon SAMN04875288.contig00078
INFO     : ############ Processing replicon SAMN04875288.contig00079 (79/112) ############

INFO     : Starting Default search ... :
INFO     : Default search done... : 
INFO     : In replicon SAMN04875288.contig00079, there are:
INFO     : - 0 complete integron(s) found with a total 0 attC site(s)
INFO     : - 0 CALIN element(s) found with a total of 0 attC site(s)
INFO     : - 0 In0 element(s) found with a total of 0 attC site
INFO     : Writing out results for replicon SAMN04875288.contig00079
INFO     : ############ Processing replicon SAMN04875288.contig00080 (80/112) ############

INFO     : Starting Default search ... :
INFO     : Default search done... : 
INFO     : In replicon SAMN04875288.contig00080, there are:
INFO     : - 0 complete integron(s) found with a total 0 attC site(s)
INFO     : - 0 CALIN element(s) found with a total of 0 attC site(s)
INFO     : - 0 In0 element(s) found with a total of 0 attC site
INFO     : Writing out results for replicon SAMN04875288.contig00080
INFO     : ############ Processing replicon SAMN04875288.contig00081 (81/112) ############

INFO     : Starting Default search ... :
INFO     : Default search done... : 
INFO     : In replicon SAMN04875288.contig00081, there are:
INFO     : - 0 complete integron(s) found with a total 0 attC site(s)
INFO     : - 0 CALIN element(s) found with a total of 0 attC site(s)
INFO     : - 0 In0 element(s) found with a total of 0 attC site
INFO     : Writing out results for replicon SAMN04875288.contig00081
INFO     : ############ Processing replicon SAMN04875288.contig00082 (82/112) ############

INFO     : Starting Default search ... :
INFO     : Default search done... : 
INFO     : In replicon SAMN04875288.contig00082, there are:
INFO     : - 0 complete integron(s) found with a total 0 attC site(s)
INFO     : - 0 CALIN element(s) found with a total of 0 attC site(s)
INFO     : - 0 In0 element(s) found with a total of 0 attC site
INFO     : Writing out results for replicon SAMN04875288.contig00082
INFO     : ############ Processing replicon SAMN04875288.contig00083 (83/112) ############

INFO     : Starting Default search ... :
INFO     : Default search done... : 
INFO     : In replicon SAMN04875288.contig00083, there are:
INFO     : - 0 complete integron(s) found with a total 0 attC site(s)
INFO     : - 0 CALIN element(s) found with a total of 0 attC site(s)
INFO     : - 0 In0 element(s) found with a total of 0 attC site
INFO     : Writing out results for replicon SAMN04875288.contig00083
INFO     : ############ Processing replicon SAMN04875288.contig00084 (84/112) ############

INFO     : Starting Default search ... :
INFO     : Default search done... : 
INFO     : In replicon SAMN04875288.contig00084, there are:
INFO     : - 0 complete integron(s) found with a total 0 attC site(s)
INFO     : - 0 CALIN element(s) found with a total of 0 attC site(s)
INFO     : - 0 In0 element(s) found with a total of 0 attC site
INFO     : Writing out results for replicon SAMN04875288.contig00084
INFO     : ############ Processing replicon SAMN04875288.contig00085 (85/112) ############

INFO     : Starting Default search ... :
INFO     : Default search done... : 
INFO     : In replicon SAMN04875288.contig00085, there are:
INFO     : - 0 complete integron(s) found with a total 0 attC site(s)
INFO     : - 0 CALIN element(s) found with a total of 0 attC site(s)
INFO     : - 0 In0 element(s) found with a total of 0 attC site
INFO     : Writing out results for replicon SAMN04875288.contig00085
INFO     : ############ Processing replicon SAMN04875288.contig00086 (86/112) ############

INFO     : Starting Default search ... :
INFO     : Default search done... : 
INFO     : In replicon SAMN04875288.contig00086, there are:
INFO     : - 0 complete integron(s) found with a total 0 attC site(s)
INFO     : - 0 CALIN element(s) found with a total of 0 attC site(s)
INFO     : - 0 In0 element(s) found with a total of 0 attC site
INFO     : Writing out results for replicon SAMN04875288.contig00086
INFO     : ############ Processing replicon SAMN04875288.contig00087 (87/112) ############

INFO     : Starting Default search ... :
INFO     : Default search done... : 
INFO     : In replicon SAMN04875288.contig00087, there are:
INFO     : - 0 complete integron(s) found with a total 0 attC site(s)
INFO     : - 0 CALIN element(s) found with a total of 0 attC site(s)
INFO     : - 0 In0 element(s) found with a total of 0 attC site
INFO     : Writing out results for replicon SAMN04875288.contig00087
INFO     : ############ Processing replicon SAMN04875288.contig00088 (88/112) ############

INFO     : Starting Default search ... :
INFO     : Default search done... : 
INFO     : In replicon SAMN04875288.contig00088, there are:
INFO     : - 0 complete integron(s) found with a total 0 attC site(s)
INFO     : - 0 CALIN element(s) found with a total of 0 attC site(s)
INFO     : - 0 In0 element(s) found with a total of 0 attC site
INFO     : Writing out results for replicon SAMN04875288.contig00088
INFO     : ############ Processing replicon SAMN04875288.contig00089 (89/112) ############

INFO     : Starting Default search ... :
INFO     : Default search done... : 
INFO     : In replicon SAMN04875288.contig00089, there are:
INFO     : - 0 complete integron(s) found with a total 0 attC site(s)
INFO     : - 0 CALIN element(s) found with a total of 0 attC site(s)
INFO     : - 0 In0 element(s) found with a total of 0 attC site
INFO     : Writing out results for replicon SAMN04875288.contig00089
INFO     : ############ Processing replicon SAMN04875288.contig00090 (90/112) ############

INFO     : Starting Default search ... :
INFO     : Default search done... : 
INFO     : In replicon SAMN04875288.contig00090, there are:
INFO     : - 0 complete integron(s) found with a total 0 attC site(s)
INFO     : - 0 CALIN element(s) found with a total of 0 attC site(s)
INFO     : - 0 In0 element(s) found with a total of 0 attC site
INFO     : Writing out results for replicon SAMN04875288.contig00090
INFO     : ############ Processing replicon SAMN04875288.contig00091 (91/112) ############

INFO     : Starting Default search ... :
INFO     : Default search done... : 
INFO     : In replicon SAMN04875288.contig00091, there are:
INFO     : - 0 complete integron(s) found with a total 0 attC site(s)
INFO     : - 0 CALIN element(s) found with a total of 0 attC site(s)
INFO     : - 0 In0 element(s) found with a total of 0 attC site
INFO     : Writing out results for replicon SAMN04875288.contig00091
INFO     : ############ Processing replicon SAMN04875288.contig00092 (92/112) ############

INFO     : Starting Default search ... :
INFO     : Default search done... : 
INFO     : In replicon SAMN04875288.contig00092, there are:
INFO     : - 0 complete integron(s) found with a total 0 attC site(s)
INFO     : - 0 CALIN element(s) found with a total of 0 attC site(s)
INFO     : - 0 In0 element(s) found with a total of 0 attC site
INFO     : Writing out results for replicon SAMN04875288.contig00092
INFO     : ############ Processing replicon SAMN04875288.contig00093 (93/112) ############

INFO     : Starting Default search ... :
INFO     : Default search done... : 
INFO     : In replicon SAMN04875288.contig00093, there are:
INFO     : - 0 complete integron(s) found with a total 0 attC site(s)
INFO     : - 0 CALIN element(s) found with a total of 0 attC site(s)
INFO     : - 0 In0 element(s) found with a total of 0 attC site
INFO     : Writing out results for replicon SAMN04875288.contig00093
INFO     : ############ Processing replicon SAMN04875288.contig00094 (94/112) ############

INFO     : Starting Default search ... :
INFO     : Default search done... : 
INFO     : In replicon SAMN04875288.contig00094, there are:
INFO     : - 0 complete integron(s) found with a total 0 attC site(s)
INFO     : - 0 CALIN element(s) found with a total of 0 attC site(s)
INFO     : - 0 In0 element(s) found with a total of 0 attC site
INFO     : Writing out results for replicon SAMN04875288.contig00094
INFO     : ############ Processing replicon SAMN04875288.contig00095 (95/112) ############

INFO     : Starting Default search ... :
INFO     : Default search done... : 
INFO     : In replicon SAMN04875288.contig00095, there are:
INFO     : - 0 complete integron(s) found with a total 0 attC site(s)
INFO     : - 0 CALIN element(s) found with a total of 0 attC site(s)
INFO     : - 0 In0 element(s) found with a total of 0 attC site
INFO     : Writing out results for replicon SAMN04875288.contig00095
INFO     : ############ Processing replicon SAMN04875288.contig00096 (96/112) ############

WARNING  : The protein file: '/home/precious/nf-core-etd/work/b5/3c7f15d76b6710d78c554847ddc1a1/Results_Integron_Finder_SAMN04875288/tmp_SAMN04875288.contig00096/SAMN04875288.contig00096.prt' is empty cannot perform hmmsearch on it.
WARNING  : ############ Skip replicon SAMN04875288.contig00096 ############
INFO     : ############ Processing replicon SAMN04875288.contig00097 (97/112) ############

INFO     : Starting Default search ... :
INFO     : Default search done... : 
INFO     : In replicon SAMN04875288.contig00097, there are:
INFO     : - 0 complete integron(s) found with a total 0 attC site(s)
INFO     : - 0 CALIN element(s) found with a total of 0 attC site(s)
INFO     : - 0 In0 element(s) found with a total of 0 attC site
INFO     : Writing out results for replicon SAMN04875288.contig00097
INFO     : ############ Processing replicon SAMN04875288.contig00098 (98/112) ############

WARNING  : The protein file: '/home/precious/nf-core-etd/work/b5/3c7f15d76b6710d78c554847ddc1a1/Results_Integron_Finder_SAMN04875288/tmp_SAMN04875288.contig00098/SAMN04875288.contig00098.prt' is empty cannot perform hmmsearch on it.
WARNING  : ############ Skip replicon SAMN04875288.contig00098 ############
INFO     : ############ Processing replicon SAMN04875288.contig00099 (99/112) ############

INFO     : Starting Default search ... :
INFO     : Default search done... : 
INFO     : In replicon SAMN04875288.contig00099, there are:
INFO     : - 0 complete integron(s) found with a total 0 attC site(s)
INFO     : - 0 CALIN element(s) found with a total of 0 attC site(s)
INFO     : - 0 In0 element(s) found with a total of 0 attC site
INFO     : Writing out results for replicon SAMN04875288.contig00099
INFO     : ############ Processing replicon SAMN04875288.contig00100 (100/112) ############

WARNING  : The protein file: '/home/precious/nf-core-etd/work/b5/3c7f15d76b6710d78c554847ddc1a1/Results_Integron_Finder_SAMN04875288/tmp_SAMN04875288.contig00100/SAMN04875288.contig00100.prt' is empty cannot perform hmmsearch on it.
WARNING  : ############ Skip replicon SAMN04875288.contig00100 ############
INFO     : ############ Processing replicon SAMN04875288.contig00101 (101/112) ############

INFO     : Starting Default search ... :
INFO     : Default search done... : 
INFO     : In replicon SAMN04875288.contig00101, there are:
INFO     : - 0 complete integron(s) found with a total 0 attC site(s)
INFO     : - 0 CALIN element(s) found with a total of 0 attC site(s)
INFO     : - 0 In0 element(s) found with a total of 0 attC site
INFO     : Writing out results for replicon SAMN04875288.contig00101
INFO     : ############ Processing replicon SAMN04875288.contig00102 (102/112) ############

INFO     : Starting Default search ... :
INFO     : Default search done... : 
INFO     : In replicon SAMN04875288.contig00102, there are:
INFO     : - 0 complete integron(s) found with a total 0 attC site(s)
INFO     : - 0 CALIN element(s) found with a total of 0 attC site(s)
INFO     : - 0 In0 element(s) found with a total of 0 attC site
INFO     : Writing out results for replicon SAMN04875288.contig00102
INFO     : ############ Processing replicon SAMN04875288.contig00103 (103/112) ############

WARNING  : The protein file: '/home/precious/nf-core-etd/work/b5/3c7f15d76b6710d78c554847ddc1a1/Results_Integron_Finder_SAMN04875288/tmp_SAMN04875288.contig00103/SAMN04875288.contig00103.prt' is empty cannot perform hmmsearch on it.
WARNING  : ############ Skip replicon SAMN04875288.contig00103 ############
INFO     : ############ Processing replicon SAMN04875288.contig00104 (104/112) ############

INFO     : Starting Default search ... :
INFO     : Default search done... : 
INFO     : In replicon SAMN04875288.contig00104, there are:
INFO     : - 0 complete integron(s) found with a total 0 attC site(s)
INFO     : - 0 CALIN element(s) found with a total of 0 attC site(s)
INFO     : - 0 In0 element(s) found with a total of 0 attC site
INFO     : Writing out results for replicon SAMN04875288.contig00104
INFO     : ############ Processing replicon SAMN04875288.contig00105 (105/112) ############

WARNING  : The protein file: '/home/precious/nf-core-etd/work/b5/3c7f15d76b6710d78c554847ddc1a1/Results_Integron_Finder_SAMN04875288/tmp_SAMN04875288.contig00105/SAMN04875288.contig00105.prt' is empty cannot perform hmmsearch on it.
WARNING  : ############ Skip replicon SAMN04875288.contig00105 ############
INFO     : ############ Processing replicon SAMN04875288.contig00106 (106/112) ############

WARNING  : The protein file: '/home/precious/nf-core-etd/work/b5/3c7f15d76b6710d78c554847ddc1a1/Results_Integron_Finder_SAMN04875288/tmp_SAMN04875288.contig00106/SAMN04875288.contig00106.prt' is empty cannot perform hmmsearch on it.
WARNING  : ############ Skip replicon SAMN04875288.contig00106 ############
INFO     : ############ Processing replicon SAMN04875288.contig00107 (107/112) ############

INFO     : Starting Default search ... :
INFO     : Default search done... : 
INFO     : In replicon SAMN04875288.contig00107, there are:
INFO     : - 0 complete integron(s) found with a total 0 attC site(s)
INFO     : - 0 CALIN element(s) found with a total of 0 attC site(s)
INFO     : - 0 In0 element(s) found with a total of 0 attC site
INFO     : Writing out results for replicon SAMN04875288.contig00107
INFO     : ############ Processing replicon SAMN04875288.contig00108 (108/112) ############

INFO     : Starting Default search ... :
INFO     : Default search done... : 
INFO     : In replicon SAMN04875288.contig00108, there are:
INFO     : - 0 complete integron(s) found with a total 0 attC site(s)
INFO     : - 0 CALIN element(s) found with a total of 0 attC site(s)
INFO     : - 0 In0 element(s) found with a total of 0 attC site
INFO     : Writing out results for replicon SAMN04875288.contig00108
INFO     : ############ Processing replicon SAMN04875288.contig00109 (109/112) ############

WARNING  : The protein file: '/home/precious/nf-core-etd/work/b5/3c7f15d76b6710d78c554847ddc1a1/Results_Integron_Finder_SAMN04875288/tmp_SAMN04875288.contig00109/SAMN04875288.contig00109.prt' is empty cannot perform hmmsearch on it.
WARNING  : ############ Skip replicon SAMN04875288.contig00109 ############
INFO     : ############ Processing replicon SAMN04875288.contig00110 (110/112) ############

WARNING  : The protein file: '/home/precious/nf-core-etd/work/b5/3c7f15d76b6710d78c554847ddc1a1/Results_Integron_Finder_SAMN04875288/tmp_SAMN04875288.contig00110/SAMN04875288.contig00110.prt' is empty cannot perform hmmsearch on it.
WARNING  : ############ Skip replicon SAMN04875288.contig00110 ############
INFO     : ############ Processing replicon SAMN04875288.contig00111 (111/112) ############

INFO     : Starting Default search ... :
INFO     : Default search done... : 
INFO     : In replicon SAMN04875288.contig00111, there are:
INFO     : - 0 complete integron(s) found with a total 0 attC site(s)
INFO     : - 0 CALIN element(s) found with a total of 0 attC site(s)
INFO     : - 0 In0 element(s) found with a total of 0 attC site
INFO     : Writing out results for replicon SAMN04875288.contig00111
INFO     : ############ Processing replicon SAMN04875288.contig00112 (112/112) ############

WARNING  : The protein file: '/home/precious/nf-core-etd/work/b5/3c7f15d76b6710d78c554847ddc1a1/Results_Integron_Finder_SAMN04875288/tmp_SAMN04875288.contig00112/SAMN04875288.contig00112.prt' is empty cannot perform hmmsearch on it.
WARNING  : ############ Skip replicon SAMN04875288.contig00112 ############
INFO     : Merging integrons results.

