
**************************************************************************
 ___       _                               _____ _           _
|_ _|_ __ | |_ ___  __ _ _ __ ___  _ __   |  ___(_)_ __   __| | ___ _ __
 | || '_ \| __/ _ \/ _` | '__/ _ \| '_ \  | |_  | | '_ \ / _` |/ _ \ '__|
 | || | | | ||  __/ (_| | | | (_) | | | | |  _| | | | | | (_| |  __/ |
|___|_| |_|\__\___|\__, |_|  \___/|_| |_| |_|   |_|_| |_|\__,_|\___|_|
                   |___/

**************************************************************************

integron_finder version 2.0.5 
Using:
 - Python 3.12.3 | packaged by conda-forge | (main, Apr 15 2024, 18:38:13) [GCC 12.3.0]
 - numpy 1.26.4
 - pandas 2.2.2
 - matplolib 3.8.4
 - biopython 1.83

 - Prodigal V2.6.3: February, 2016
 - INFERNAL 1.1.4 (Dec 2020)
 - HMMER 3.3.2 (Nov 2020); http://hmmer.org/

Authors:
 - Jean Cury, Bertrand Neron, Eduardo Rocha,

Citation:

 Néron, B.; Littner, E.; Haudiquet, M.; Perrin, A.; Cury, J.; Rocha, E.P.C. 
 IntegronFinder 2.0: Identification and Analysis of Integrons across Bacteria, with a Focus on Antibiotic Resistance in Klebsiella. 
 Microorganisms 2022, 10, 700. https://doi.org/10.3390/microorganisms10040700

 If you use --func-annot in conjunction with file NCBIfam-AMRFinder.hmm please also cite

 Haft, DH et al., Nucleic Acids Res. 2018 Jan 4;46(D1):D851-D860
 PMID: 29112715
 

                     =======================

integron_finder is free software: you can redistribute it and/or modify
it under the terms of the GNU General Public License as published by
the Free Software Foundation, either version 3 of the License, or
(at your option) any later version.

integron_finder is distributed in the hope that it will be useful,
but WITHOUT ANY WARRANTY; without even the implied warranty of
MERCHANTABILITY or FITNESS FOR A PARTICULAR PURPOSE. See the
GNU General Public License for more details.

You should have received a copy of the GNU General Public License
along with this program (COPYING file).
If not, see <http://www.gnu.org/licenses/>.

                     =======================

command used: integron_finder --cpu 2 SAMN04875293_contigs.fasta

                     =======================

[0m
INFO     : ############ Processing replicon KCCBKPIN_1 (1/54) ############

INFO     : Starting Default search ... :
INFO     : Default search done... : 
INFO     : In replicon KCCBKPIN_1, there are:
INFO     : - 0 complete integron(s) found with a total 0 attC site(s)
INFO     : - 0 CALIN element(s) found with a total of 0 attC site(s)
INFO     : - 0 In0 element(s) found with a total of 0 attC site
INFO     : Writing out results for replicon KCCBKPIN_1
INFO     : ############ Processing replicon KCCBKPIN_2 (2/54) ############

INFO     : Starting Default search ... :
INFO     : Default search done... : 
INFO     : In replicon KCCBKPIN_2, there are:
INFO     : - 0 complete integron(s) found with a total 0 attC site(s)
INFO     : - 0 CALIN element(s) found with a total of 0 attC site(s)
INFO     : - 0 In0 element(s) found with a total of 0 attC site
INFO     : Writing out results for replicon KCCBKPIN_2
INFO     : ############ Processing replicon KCCBKPIN_3 (3/54) ############

INFO     : Starting Default search ... :
INFO     : Default search done... : 
INFO     : In replicon KCCBKPIN_3, there are:
INFO     : - 0 complete integron(s) found with a total 0 attC site(s)
INFO     : - 0 CALIN element(s) found with a total of 0 attC site(s)
INFO     : - 0 In0 element(s) found with a total of 0 attC site
INFO     : Writing out results for replicon KCCBKPIN_3
INFO     : ############ Processing replicon KCCBKPIN_4 (4/54) ############

INFO     : Starting Default search ... :
INFO     : Default search done... : 
INFO     : In replicon KCCBKPIN_4, there are:
INFO     : - 0 complete integron(s) found with a total 0 attC site(s)
INFO     : - 0 CALIN element(s) found with a total of 0 attC site(s)
INFO     : - 0 In0 element(s) found with a total of 0 attC site
INFO     : Writing out results for replicon KCCBKPIN_4
INFO     : ############ Processing replicon KCCBKPIN_5 (5/54) ############

INFO     : Starting Default search ... :
INFO     : Default search done... : 
INFO     : In replicon KCCBKPIN_5, there are:
INFO     : - 0 complete integron(s) found with a total 0 attC site(s)
INFO     : - 0 CALIN element(s) found with a total of 0 attC site(s)
INFO     : - 0 In0 element(s) found with a total of 0 attC site
INFO     : Writing out results for replicon KCCBKPIN_5
INFO     : ############ Processing replicon KCCBKPIN_6 (6/54) ############

INFO     : Starting Default search ... :
INFO     : Default search done... : 
INFO     : In replicon KCCBKPIN_6, there are:
INFO     : - 0 complete integron(s) found with a total 0 attC site(s)
INFO     : - 0 CALIN element(s) found with a total of 0 attC site(s)
INFO     : - 0 In0 element(s) found with a total of 0 attC site
INFO     : Writing out results for replicon KCCBKPIN_6
INFO     : ############ Processing replicon KCCBKPIN_7 (7/54) ############

INFO     : Starting Default search ... :
INFO     : Default search done... : 
INFO     : In replicon KCCBKPIN_7, there are:
INFO     : - 0 complete integron(s) found with a total 0 attC site(s)
INFO     : - 0 CALIN element(s) found with a total of 0 attC site(s)
INFO     : - 0 In0 element(s) found with a total of 0 attC site
INFO     : Writing out results for replicon KCCBKPIN_7
INFO     : ############ Processing replicon KCCBKPIN_8 (8/54) ############

INFO     : Starting Default search ... :
INFO     : Default search done... : 
INFO     : In replicon KCCBKPIN_8, there are:
INFO     : - 0 complete integron(s) found with a total 0 attC site(s)
INFO     : - 0 CALIN element(s) found with a total of 0 attC site(s)
INFO     : - 0 In0 element(s) found with a total of 0 attC site
INFO     : Writing out results for replicon KCCBKPIN_8
INFO     : ############ Processing replicon KCCBKPIN_9 (9/54) ############

INFO     : Starting Default search ... :
INFO     : Default search done... : 
INFO     : In replicon KCCBKPIN_9, there are:
INFO     : - 0 complete integron(s) found with a total 0 attC site(s)
INFO     : - 0 CALIN element(s) found with a total of 0 attC site(s)
INFO     : - 0 In0 element(s) found with a total of 0 attC site
INFO     : Writing out results for replicon KCCBKPIN_9
INFO     : ############ Processing replicon KCCBKPIN_10 (10/54) ############

INFO     : Starting Default search ... :
INFO     : Default search done... : 
INFO     : In replicon KCCBKPIN_10, there are:
INFO     : - 0 complete integron(s) found with a total 0 attC site(s)
INFO     : - 0 CALIN element(s) found with a total of 0 attC site(s)
INFO     : - 0 In0 element(s) found with a total of 0 attC site
INFO     : Writing out results for replicon KCCBKPIN_10
INFO     : ############ Processing replicon KCCBKPIN_11 (11/54) ############

INFO     : Starting Default search ... :
INFO     : Default search done... : 
INFO     : In replicon KCCBKPIN_11, there are:
INFO     : - 0 complete integron(s) found with a total 0 attC site(s)
INFO     : - 0 CALIN element(s) found with a total of 0 attC site(s)
INFO     : - 0 In0 element(s) found with a total of 0 attC site
INFO     : Writing out results for replicon KCCBKPIN_11
INFO     : ############ Processing replicon KCCBKPIN_12 (12/54) ############

INFO     : Starting Default search ... :
INFO     : Default search done... : 
INFO     : In replicon KCCBKPIN_12, there are:
INFO     : - 0 complete integron(s) found with a total 0 attC site(s)
INFO     : - 0 CALIN element(s) found with a total of 0 attC site(s)
INFO     : - 0 In0 element(s) found with a total of 0 attC site
INFO     : Writing out results for replicon KCCBKPIN_12
INFO     : ############ Processing replicon KCCBKPIN_13 (13/54) ############

INFO     : Starting Default search ... :
INFO     : Default search done... : 
INFO     : In replicon KCCBKPIN_13, there are:
INFO     : - 0 complete integron(s) found with a total 0 attC site(s)
INFO     : - 0 CALIN element(s) found with a total of 0 attC site(s)
INFO     : - 0 In0 element(s) found with a total of 0 attC site
INFO     : Writing out results for replicon KCCBKPIN_13
INFO     : ############ Processing replicon KCCBKPIN_14 (14/54) ############

INFO     : Starting Default search ... :
INFO     : Default search done... : 
INFO     : In replicon KCCBKPIN_14, there are:
INFO     : - 0 complete integron(s) found with a total 0 attC site(s)
INFO     : - 0 CALIN element(s) found with a total of 0 attC site(s)
INFO     : - 0 In0 element(s) found with a total of 0 attC site
INFO     : Writing out results for replicon KCCBKPIN_14
INFO     : ############ Processing replicon KCCBKPIN_15 (15/54) ############

INFO     : Starting Default search ... :
INFO     : Default search done... : 
INFO     : In replicon KCCBKPIN_15, there are:
INFO     : - 0 complete integron(s) found with a total 0 attC site(s)
INFO     : - 0 CALIN element(s) found with a total of 0 attC site(s)
INFO     : - 0 In0 element(s) found with a total of 0 attC site
INFO     : Writing out results for replicon KCCBKPIN_15
INFO     : ############ Processing replicon KCCBKPIN_16 (16/54) ############

INFO     : Starting Default search ... :
INFO     : Default search done... : 
INFO     : In replicon KCCBKPIN_16, there are:
INFO     : - 0 complete integron(s) found with a total 0 attC site(s)
INFO     : - 0 CALIN element(s) found with a total of 0 attC site(s)
INFO     : - 0 In0 element(s) found with a total of 0 attC site
INFO     : Writing out results for replicon KCCBKPIN_16
INFO     : ############ Processing replicon KCCBKPIN_17 (17/54) ############

INFO     : Starting Default search ... :
INFO     : Default search done... : 
INFO     : In replicon KCCBKPIN_17, there are:
INFO     : - 0 complete integron(s) found with a total 0 attC site(s)
INFO     : - 0 CALIN element(s) found with a total of 0 attC site(s)
INFO     : - 0 In0 element(s) found with a total of 0 attC site
INFO     : Writing out results for replicon KCCBKPIN_17
INFO     : ############ Processing replicon KCCBKPIN_18 (18/54) ############

INFO     : Starting Default search ... :
INFO     : Default search done... : 
INFO     : In replicon KCCBKPIN_18, there are:
INFO     : - 0 complete integron(s) found with a total 0 attC site(s)
INFO     : - 0 CALIN element(s) found with a total of 0 attC site(s)
INFO     : - 0 In0 element(s) found with a total of 0 attC site
INFO     : Writing out results for replicon KCCBKPIN_18
INFO     : ############ Processing replicon KCCBKPIN_19 (19/54) ############

INFO     : Starting Default search ... :
INFO     : Default search done... : 
INFO     : In replicon KCCBKPIN_19, there are:
INFO     : - 0 complete integron(s) found with a total 0 attC site(s)
INFO     : - 0 CALIN element(s) found with a total of 0 attC site(s)
INFO     : - 0 In0 element(s) found with a total of 0 attC site
INFO     : Writing out results for replicon KCCBKPIN_19
INFO     : ############ Processing replicon KCCBKPIN_20 (20/54) ############

INFO     : Starting Default search ... :
INFO     : Default search done... : 
INFO     : In replicon KCCBKPIN_20, there are:
INFO     : - 0 complete integron(s) found with a total 0 attC site(s)
INFO     : - 0 CALIN element(s) found with a total of 0 attC site(s)
INFO     : - 0 In0 element(s) found with a total of 0 attC site
INFO     : Writing out results for replicon KCCBKPIN_20
INFO     : ############ Processing replicon KCCBKPIN_21 (21/54) ############

INFO     : Starting Default search ... :
INFO     : Default search done... : 
INFO     : In replicon KCCBKPIN_21, there are:
INFO     : - 0 complete integron(s) found with a total 0 attC site(s)
INFO     : - 0 CALIN element(s) found with a total of 0 attC site(s)
INFO     : - 0 In0 element(s) found with a total of 0 attC site
INFO     : Writing out results for replicon KCCBKPIN_21
INFO     : ############ Processing replicon KCCBKPIN_22 (22/54) ############

INFO     : Starting Default search ... :
INFO     : Default search done... : 
INFO     : In replicon KCCBKPIN_22, there are:
INFO     : - 0 complete integron(s) found with a total 0 attC site(s)
INFO     : - 0 CALIN element(s) found with a total of 0 attC site(s)
INFO     : - 0 In0 element(s) found with a total of 0 attC site
INFO     : Writing out results for replicon KCCBKPIN_22
INFO     : ############ Processing replicon KCCBKPIN_23 (23/54) ############

INFO     : Starting Default search ... :
INFO     : Default search done... : 
INFO     : In replicon KCCBKPIN_23, there are:
INFO     : - 0 complete integron(s) found with a total 0 attC site(s)
INFO     : - 0 CALIN element(s) found with a total of 0 attC site(s)
INFO     : - 0 In0 element(s) found with a total of 0 attC site
INFO     : Writing out results for replicon KCCBKPIN_23
INFO     : ############ Processing replicon KCCBKPIN_24 (24/54) ############

INFO     : Starting Default search ... :
INFO     : Default search done... : 
INFO     : In replicon KCCBKPIN_24, there are:
INFO     : - 0 complete integron(s) found with a total 0 attC site(s)
INFO     : - 0 CALIN element(s) found with a total of 0 attC site(s)
INFO     : - 0 In0 element(s) found with a total of 0 attC site
INFO     : Writing out results for replicon KCCBKPIN_24
INFO     : ############ Processing replicon KCCBKPIN_25 (25/54) ############

INFO     : Starting Default search ... :
INFO     : Default search done... : 
INFO     : In replicon KCCBKPIN_25, there are:
INFO     : - 0 complete integron(s) found with a total 0 attC site(s)
INFO     : - 0 CALIN element(s) found with a total of 0 attC site(s)
INFO     : - 0 In0 element(s) found with a total of 0 attC site
INFO     : Writing out results for replicon KCCBKPIN_25
INFO     : ############ Processing replicon KCCBKPIN_26 (26/54) ############

INFO     : Starting Default search ... :
INFO     : Default search done... : 
INFO     : In replicon KCCBKPIN_26, there are:
INFO     : - 0 complete integron(s) found with a total 0 attC site(s)
INFO     : - 0 CALIN element(s) found with a total of 0 attC site(s)
INFO     : - 0 In0 element(s) found with a total of 0 attC site
INFO     : Writing out results for replicon KCCBKPIN_26
INFO     : ############ Processing replicon KCCBKPIN_27 (27/54) ############

INFO     : Starting Default search ... :
INFO     : Default search done... : 
INFO     : In replicon KCCBKPIN_27, there are:
INFO     : - 0 complete integron(s) found with a total 0 attC site(s)
INFO     : - 0 CALIN element(s) found with a total of 0 attC site(s)
INFO     : - 0 In0 element(s) found with a total of 0 attC site
INFO     : Writing out results for replicon KCCBKPIN_27
INFO     : ############ Processing replicon KCCBKPIN_28 (28/54) ############

INFO     : Starting Default search ... :
INFO     : Default search done... : 
INFO     : In replicon KCCBKPIN_28, there are:
INFO     : - 0 complete integron(s) found with a total 0 attC site(s)
INFO     : - 0 CALIN element(s) found with a total of 0 attC site(s)
INFO     : - 0 In0 element(s) found with a total of 0 attC site
INFO     : Writing out results for replicon KCCBKPIN_28
INFO     : ############ Processing replicon KCCBKPIN_29 (29/54) ############

INFO     : Starting Default search ... :
INFO     : Default search done... : 
INFO     : In replicon KCCBKPIN_29, there are:
INFO     : - 0 complete integron(s) found with a total 0 attC site(s)
INFO     : - 0 CALIN element(s) found with a total of 0 attC site(s)
INFO     : - 0 In0 element(s) found with a total of 0 attC site
INFO     : Writing out results for replicon KCCBKPIN_29
INFO     : ############ Processing replicon KCCBKPIN_30 (30/54) ############

WARNING  : The protein file: '/home/precious/etd/work/f2/dbcbdb095877196795bb27ff3d2940/Results_Integron_Finder_SAMN04875293_contigs/tmp_KCCBKPIN_30/KCCBKPIN_30.prt' is empty cannot perform hmmsearch on it.
WARNING  : ############ Skip replicon KCCBKPIN_30 ############
INFO     : ############ Processing replicon KCCBKPIN_31 (31/54) ############

INFO     : Starting Default search ... :
INFO     : Default search done... : 
INFO     : In replicon KCCBKPIN_31, there are:
INFO     : - 0 complete integron(s) found with a total 0 attC site(s)
INFO     : - 0 CALIN element(s) found with a total of 0 attC site(s)
INFO     : - 0 In0 element(s) found with a total of 0 attC site
INFO     : Writing out results for replicon KCCBKPIN_31
INFO     : ############ Processing replicon KCCBKPIN_32 (32/54) ############

INFO     : Starting Default search ... :
INFO     : Default search done... : 
INFO     : In replicon KCCBKPIN_32, there are:
INFO     : - 0 complete integron(s) found with a total 0 attC site(s)
INFO     : - 0 CALIN element(s) found with a total of 0 attC site(s)
INFO     : - 0 In0 element(s) found with a total of 0 attC site
INFO     : Writing out results for replicon KCCBKPIN_32
INFO     : ############ Processing replicon KCCBKPIN_33 (33/54) ############

WARNING  : The protein file: '/home/precious/etd/work/f2/dbcbdb095877196795bb27ff3d2940/Results_Integron_Finder_SAMN04875293_contigs/tmp_KCCBKPIN_33/KCCBKPIN_33.prt' is empty cannot perform hmmsearch on it.
WARNING  : ############ Skip replicon KCCBKPIN_33 ############
INFO     : ############ Processing replicon KCCBKPIN_34 (34/54) ############

INFO     : Starting Default search ... :
INFO     : Default search done... : 
INFO     : In replicon KCCBKPIN_34, there are:
INFO     : - 0 complete integron(s) found with a total 0 attC site(s)
INFO     : - 0 CALIN element(s) found with a total of 0 attC site(s)
INFO     : - 0 In0 element(s) found with a total of 0 attC site
INFO     : Writing out results for replicon KCCBKPIN_34
INFO     : ############ Processing replicon KCCBKPIN_35 (35/54) ############

INFO     : Starting Default search ... :
INFO     : Default search done... : 
INFO     : In replicon KCCBKPIN_35, there are:
INFO     : - 0 complete integron(s) found with a total 0 attC site(s)
INFO     : - 0 CALIN element(s) found with a total of 0 attC site(s)
INFO     : - 0 In0 element(s) found with a total of 0 attC site
INFO     : Writing out results for replicon KCCBKPIN_35
INFO     : ############ Processing replicon KCCBKPIN_36 (36/54) ############

INFO     : Starting Default search ... :
INFO     : Default search done... : 
INFO     : In replicon KCCBKPIN_36, there are:
INFO     : - 0 complete integron(s) found with a total 0 attC site(s)
INFO     : - 0 CALIN element(s) found with a total of 0 attC site(s)
INFO     : - 0 In0 element(s) found with a total of 0 attC site
INFO     : Writing out results for replicon KCCBKPIN_36
INFO     : ############ Processing replicon KCCBKPIN_37 (37/54) ############

INFO     : Starting Default search ... :
INFO     : Default search done... : 
INFO     : In replicon KCCBKPIN_37, there are:
INFO     : - 0 complete integron(s) found with a total 0 attC site(s)
INFO     : - 0 CALIN element(s) found with a total of 0 attC site(s)
INFO     : - 0 In0 element(s) found with a total of 0 attC site
INFO     : Writing out results for replicon KCCBKPIN_37
INFO     : ############ Processing replicon KCCBKPIN_38 (38/54) ############

INFO     : Starting Default search ... :
INFO     : Default search done... : 
INFO     : In replicon KCCBKPIN_38, there are:
INFO     : - 0 complete integron(s) found with a total 0 attC site(s)
INFO     : - 0 CALIN element(s) found with a total of 0 attC site(s)
INFO     : - 0 In0 element(s) found with a total of 0 attC site
INFO     : Writing out results for replicon KCCBKPIN_38
INFO     : ############ Processing replicon KCCBKPIN_39 (39/54) ############

WARNING  : The protein file: '/home/precious/etd/work/f2/dbcbdb095877196795bb27ff3d2940/Results_Integron_Finder_SAMN04875293_contigs/tmp_KCCBKPIN_39/KCCBKPIN_39.prt' is empty cannot perform hmmsearch on it.
WARNING  : ############ Skip replicon KCCBKPIN_39 ############
INFO     : ############ Processing replicon KCCBKPIN_40 (40/54) ############

INFO     : Starting Default search ... :
INFO     : Default search done... : 
INFO     : In replicon KCCBKPIN_40, there are:
INFO     : - 0 complete integron(s) found with a total 0 attC site(s)
INFO     : - 0 CALIN element(s) found with a total of 0 attC site(s)
INFO     : - 0 In0 element(s) found with a total of 0 attC site
INFO     : Writing out results for replicon KCCBKPIN_40
INFO     : ############ Processing replicon KCCBKPIN_41 (41/54) ############

INFO     : Starting Default search ... :
INFO     : Default search done... : 
INFO     : In replicon KCCBKPIN_41, there are:
INFO     : - 0 complete integron(s) found with a total 0 attC site(s)
INFO     : - 0 CALIN element(s) found with a total of 0 attC site(s)
INFO     : - 0 In0 element(s) found with a total of 0 attC site
INFO     : Writing out results for replicon KCCBKPIN_41
INFO     : ############ Processing replicon KCCBKPIN_42 (42/54) ############

INFO     : Starting Default search ... :
INFO     : Default search done... : 
INFO     : In replicon KCCBKPIN_42, there are:
INFO     : - 0 complete integron(s) found with a total 0 attC site(s)
INFO     : - 0 CALIN element(s) found with a total of 0 attC site(s)
INFO     : - 0 In0 element(s) found with a total of 0 attC site
INFO     : Writing out results for replicon KCCBKPIN_42
INFO     : ############ Processing replicon KCCBKPIN_43 (43/54) ############

INFO     : Starting Default search ... :
INFO     : Default search done... : 
INFO     : In replicon KCCBKPIN_43, there are:
INFO     : - 0 complete integron(s) found with a total 0 attC site(s)
INFO     : - 0 CALIN element(s) found with a total of 0 attC site(s)
INFO     : - 0 In0 element(s) found with a total of 0 attC site
INFO     : Writing out results for replicon KCCBKPIN_43
INFO     : ############ Processing replicon KCCBKPIN_44 (44/54) ############

INFO     : Starting Default search ... :
INFO     : Default search done... : 
INFO     : In replicon KCCBKPIN_44, there are:
INFO     : - 0 complete integron(s) found with a total 0 attC site(s)
INFO     : - 0 CALIN element(s) found with a total of 0 attC site(s)
INFO     : - 0 In0 element(s) found with a total of 0 attC site
INFO     : Writing out results for replicon KCCBKPIN_44
INFO     : ############ Processing replicon KCCBKPIN_45 (45/54) ############

WARNING  : The protein file: '/home/precious/etd/work/f2/dbcbdb095877196795bb27ff3d2940/Results_Integron_Finder_SAMN04875293_contigs/tmp_KCCBKPIN_45/KCCBKPIN_45.prt' is empty cannot perform hmmsearch on it.
WARNING  : ############ Skip replicon KCCBKPIN_45 ############
INFO     : ############ Processing replicon KCCBKPIN_46 (46/54) ############

WARNING  : The protein file: '/home/precious/etd/work/f2/dbcbdb095877196795bb27ff3d2940/Results_Integron_Finder_SAMN04875293_contigs/tmp_KCCBKPIN_46/KCCBKPIN_46.prt' is empty cannot perform hmmsearch on it.
WARNING  : ############ Skip replicon KCCBKPIN_46 ############
INFO     : ############ Processing replicon KCCBKPIN_47 (47/54) ############

INFO     : Starting Default search ... :
INFO     : Default search done... : 
INFO     : In replicon KCCBKPIN_47, there are:
INFO     : - 0 complete integron(s) found with a total 0 attC site(s)
INFO     : - 0 CALIN element(s) found with a total of 0 attC site(s)
INFO     : - 0 In0 element(s) found with a total of 0 attC site
INFO     : Writing out results for replicon KCCBKPIN_47
INFO     : ############ Processing replicon KCCBKPIN_48 (48/54) ############

INFO     : Starting Default search ... :
INFO     : Default search done... : 
INFO     : In replicon KCCBKPIN_48, there are:
INFO     : - 0 complete integron(s) found with a total 0 attC site(s)
INFO     : - 0 CALIN element(s) found with a total of 0 attC site(s)
INFO     : - 0 In0 element(s) found with a total of 0 attC site
INFO     : Writing out results for replicon KCCBKPIN_48
INFO     : ############ Processing replicon KCCBKPIN_49 (49/54) ############

INFO     : Starting Default search ... :
INFO     : Default search done... : 
INFO     : In replicon KCCBKPIN_49, there are:
INFO     : - 0 complete integron(s) found with a total 0 attC site(s)
INFO     : - 0 CALIN element(s) found with a total of 0 attC site(s)
INFO     : - 0 In0 element(s) found with a total of 0 attC site
INFO     : Writing out results for replicon KCCBKPIN_49
INFO     : ############ Processing replicon KCCBKPIN_50 (50/54) ############

INFO     : Starting Default search ... :
INFO     : Default search done... : 
INFO     : In replicon KCCBKPIN_50, there are:
INFO     : - 0 complete integron(s) found with a total 0 attC site(s)
INFO     : - 0 CALIN element(s) found with a total of 0 attC site(s)
INFO     : - 0 In0 element(s) found with a total of 0 attC site
INFO     : Writing out results for replicon KCCBKPIN_50
INFO     : ############ Processing replicon KCCBKPIN_51 (51/54) ############

WARNING  : The protein file: '/home/precious/etd/work/f2/dbcbdb095877196795bb27ff3d2940/Results_Integron_Finder_SAMN04875293_contigs/tmp_KCCBKPIN_51/KCCBKPIN_51.prt' is empty cannot perform hmmsearch on it.
WARNING  : ############ Skip replicon KCCBKPIN_51 ############
INFO     : ############ Processing replicon KCCBKPIN_52 (52/54) ############

INFO     : Starting Default search ... :
INFO     : Default search done... : 
INFO     : In replicon KCCBKPIN_52, there are:
INFO     : - 0 complete integron(s) found with a total 0 attC site(s)
INFO     : - 0 CALIN element(s) found with a total of 0 attC site(s)
INFO     : - 0 In0 element(s) found with a total of 0 attC site
INFO     : Writing out results for replicon KCCBKPIN_52
INFO     : ############ Processing replicon KCCBKPIN_53 (53/54) ############

INFO     : Starting Default search ... :
INFO     : Default search done... : 
INFO     : In replicon KCCBKPIN_53, there are:
INFO     : - 0 complete integron(s) found with a total 0 attC site(s)
INFO     : - 0 CALIN element(s) found with a total of 0 attC site(s)
INFO     : - 0 In0 element(s) found with a total of 0 attC site
INFO     : Writing out results for replicon KCCBKPIN_53
INFO     : ############ Processing replicon KCCBKPIN_54 (54/54) ############

WARNING  : The protein file: '/home/precious/etd/work/f2/dbcbdb095877196795bb27ff3d2940/Results_Integron_Finder_SAMN04875293_contigs/tmp_KCCBKPIN_54/KCCBKPIN_54.prt' is empty cannot perform hmmsearch on it.
WARNING  : ############ Skip replicon KCCBKPIN_54 ############
INFO     : Merging integrons results.

