
**************************************************************************
 ___       _                               _____ _           _
|_ _|_ __ | |_ ___  __ _ _ __ ___  _ __   |  ___(_)_ __   __| | ___ _ __
 | || '_ \| __/ _ \/ _` | '__/ _ \| '_ \  | |_  | | '_ \ / _` |/ _ \ '__|
 | || | | | ||  __/ (_| | | | (_) | | | | |  _| | | | | | (_| |  __/ |
|___|_| |_|\__\___|\__, |_|  \___/|_| |_| |_|   |_|_| |_|\__,_|\___|_|
                   |___/

**************************************************************************

integron_finder version 2.0.5 
Using:
 - Python 3.12.3 | packaged by conda-forge | (main, Apr 15 2024, 18:38:13) [GCC 12.3.0]
 - numpy 1.26.4
 - pandas 2.2.2
 - matplolib 3.8.4
 - biopython 1.83

 - Prodigal V2.6.3: February, 2016
 - INFERNAL 1.1.4 (Dec 2020)
 - HMMER 3.3.2 (Nov 2020); http://hmmer.org/

Authors:
 - Jean Cury, Bertrand Neron, Eduardo Rocha,

Citation:

 Néron, B.; Littner, E.; Haudiquet, M.; Perrin, A.; Cury, J.; Rocha, E.P.C. 
 IntegronFinder 2.0: Identification and Analysis of Integrons across Bacteria, with a Focus on Antibiotic Resistance in Klebsiella. 
 Microorganisms 2022, 10, 700. https://doi.org/10.3390/microorganisms10040700

 If you use --func-annot in conjunction with file NCBIfam-AMRFinder.hmm please also cite

 Haft, DH et al., Nucleic Acids Res. 2018 Jan 4;46(D1):D851-D860
 PMID: 29112715
 

                     =======================

integron_finder is free software: you can redistribute it and/or modify
it under the terms of the GNU General Public License as published by
the Free Software Foundation, either version 3 of the License, or
(at your option) any later version.

integron_finder is distributed in the hope that it will be useful,
but WITHOUT ANY WARRANTY; without even the implied warranty of
MERCHANTABILITY or FITNESS FOR A PARTICULAR PURPOSE. See the
GNU General Public License for more details.

You should have received a copy of the GNU General Public License
along with this program (COPYING file).
If not, see <http://www.gnu.org/licenses/>.

                     =======================

command used: integron_finder --cpu 2 SAMN04875298_contigs.fasta

                     =======================

[0m
INFO     : ############ Processing replicon GCILIKDN_1 (1/57) ############

INFO     : Starting Default search ... :
INFO     : Default search done... : 
INFO     : In replicon GCILIKDN_1, there are:
INFO     : - 0 complete integron(s) found with a total 0 attC site(s)
INFO     : - 0 CALIN element(s) found with a total of 0 attC site(s)
INFO     : - 0 In0 element(s) found with a total of 0 attC site
INFO     : Writing out results for replicon GCILIKDN_1
INFO     : ############ Processing replicon GCILIKDN_2 (2/57) ############

INFO     : Starting Default search ... :
INFO     : Default search done... : 
INFO     : In replicon GCILIKDN_2, there are:
INFO     : - 0 complete integron(s) found with a total 0 attC site(s)
INFO     : - 0 CALIN element(s) found with a total of 0 attC site(s)
INFO     : - 0 In0 element(s) found with a total of 0 attC site
INFO     : Writing out results for replicon GCILIKDN_2
INFO     : ############ Processing replicon GCILIKDN_3 (3/57) ############

INFO     : Starting Default search ... :
INFO     : Default search done... : 
INFO     : In replicon GCILIKDN_3, there are:
INFO     : - 0 complete integron(s) found with a total 0 attC site(s)
INFO     : - 0 CALIN element(s) found with a total of 0 attC site(s)
INFO     : - 0 In0 element(s) found with a total of 0 attC site
INFO     : Writing out results for replicon GCILIKDN_3
INFO     : ############ Processing replicon GCILIKDN_4 (4/57) ############

INFO     : Starting Default search ... :
INFO     : Default search done... : 
INFO     : In replicon GCILIKDN_4, there are:
INFO     : - 0 complete integron(s) found with a total 0 attC site(s)
INFO     : - 0 CALIN element(s) found with a total of 0 attC site(s)
INFO     : - 0 In0 element(s) found with a total of 0 attC site
INFO     : Writing out results for replicon GCILIKDN_4
INFO     : ############ Processing replicon GCILIKDN_5 (5/57) ############

INFO     : Starting Default search ... :
INFO     : Default search done... : 
INFO     : In replicon GCILIKDN_5, there are:
INFO     : - 0 complete integron(s) found with a total 0 attC site(s)
INFO     : - 0 CALIN element(s) found with a total of 0 attC site(s)
INFO     : - 0 In0 element(s) found with a total of 0 attC site
INFO     : Writing out results for replicon GCILIKDN_5
INFO     : ############ Processing replicon GCILIKDN_6 (6/57) ############

INFO     : Starting Default search ... :
INFO     : Default search done... : 
INFO     : In replicon GCILIKDN_6, there are:
INFO     : - 0 complete integron(s) found with a total 0 attC site(s)
INFO     : - 0 CALIN element(s) found with a total of 0 attC site(s)
INFO     : - 0 In0 element(s) found with a total of 0 attC site
INFO     : Writing out results for replicon GCILIKDN_6
INFO     : ############ Processing replicon GCILIKDN_7 (7/57) ############

INFO     : Starting Default search ... :
INFO     : Default search done... : 
INFO     : In replicon GCILIKDN_7, there are:
INFO     : - 0 complete integron(s) found with a total 0 attC site(s)
INFO     : - 0 CALIN element(s) found with a total of 0 attC site(s)
INFO     : - 0 In0 element(s) found with a total of 0 attC site
INFO     : Writing out results for replicon GCILIKDN_7
INFO     : ############ Processing replicon GCILIKDN_8 (8/57) ############

INFO     : Starting Default search ... :
INFO     : Default search done... : 
INFO     : In replicon GCILIKDN_8, there are:
INFO     : - 0 complete integron(s) found with a total 0 attC site(s)
INFO     : - 0 CALIN element(s) found with a total of 0 attC site(s)
INFO     : - 0 In0 element(s) found with a total of 0 attC site
INFO     : Writing out results for replicon GCILIKDN_8
INFO     : ############ Processing replicon GCILIKDN_9 (9/57) ############

INFO     : Starting Default search ... :
INFO     : Default search done... : 
INFO     : In replicon GCILIKDN_9, there are:
INFO     : - 0 complete integron(s) found with a total 0 attC site(s)
INFO     : - 0 CALIN element(s) found with a total of 0 attC site(s)
INFO     : - 0 In0 element(s) found with a total of 0 attC site
INFO     : Writing out results for replicon GCILIKDN_9
INFO     : ############ Processing replicon GCILIKDN_10 (10/57) ############

INFO     : Starting Default search ... :
INFO     : Default search done... : 
INFO     : In replicon GCILIKDN_10, there are:
INFO     : - 0 complete integron(s) found with a total 0 attC site(s)
INFO     : - 0 CALIN element(s) found with a total of 0 attC site(s)
INFO     : - 0 In0 element(s) found with a total of 0 attC site
INFO     : Writing out results for replicon GCILIKDN_10
INFO     : ############ Processing replicon GCILIKDN_11 (11/57) ############

INFO     : Starting Default search ... :
INFO     : Default search done... : 
INFO     : In replicon GCILIKDN_11, there are:
INFO     : - 0 complete integron(s) found with a total 0 attC site(s)
INFO     : - 0 CALIN element(s) found with a total of 0 attC site(s)
INFO     : - 0 In0 element(s) found with a total of 0 attC site
INFO     : Writing out results for replicon GCILIKDN_11
INFO     : ############ Processing replicon GCILIKDN_12 (12/57) ############

INFO     : Starting Default search ... :
INFO     : Default search done... : 
INFO     : In replicon GCILIKDN_12, there are:
INFO     : - 0 complete integron(s) found with a total 0 attC site(s)
INFO     : - 0 CALIN element(s) found with a total of 0 attC site(s)
INFO     : - 0 In0 element(s) found with a total of 0 attC site
INFO     : Writing out results for replicon GCILIKDN_12
INFO     : ############ Processing replicon GCILIKDN_13 (13/57) ############

INFO     : Starting Default search ... :
INFO     : Default search done... : 
INFO     : In replicon GCILIKDN_13, there are:
INFO     : - 0 complete integron(s) found with a total 0 attC site(s)
INFO     : - 0 CALIN element(s) found with a total of 0 attC site(s)
INFO     : - 0 In0 element(s) found with a total of 0 attC site
INFO     : Writing out results for replicon GCILIKDN_13
INFO     : ############ Processing replicon GCILIKDN_14 (14/57) ############

INFO     : Starting Default search ... :
INFO     : Default search done... : 
INFO     : In replicon GCILIKDN_14, there are:
INFO     : - 0 complete integron(s) found with a total 0 attC site(s)
INFO     : - 0 CALIN element(s) found with a total of 0 attC site(s)
INFO     : - 0 In0 element(s) found with a total of 0 attC site
INFO     : Writing out results for replicon GCILIKDN_14
INFO     : ############ Processing replicon GCILIKDN_15 (15/57) ############

INFO     : Starting Default search ... :
INFO     : Default search done... : 
INFO     : In replicon GCILIKDN_15, there are:
INFO     : - 0 complete integron(s) found with a total 0 attC site(s)
INFO     : - 0 CALIN element(s) found with a total of 0 attC site(s)
INFO     : - 0 In0 element(s) found with a total of 0 attC site
INFO     : Writing out results for replicon GCILIKDN_15
INFO     : ############ Processing replicon GCILIKDN_16 (16/57) ############

INFO     : Starting Default search ... :
INFO     : Default search done... : 
INFO     : In replicon GCILIKDN_16, there are:
INFO     : - 0 complete integron(s) found with a total 0 attC site(s)
INFO     : - 0 CALIN element(s) found with a total of 0 attC site(s)
INFO     : - 0 In0 element(s) found with a total of 0 attC site
INFO     : Writing out results for replicon GCILIKDN_16
INFO     : ############ Processing replicon GCILIKDN_17 (17/57) ############

INFO     : Starting Default search ... :
INFO     : Default search done... : 
INFO     : In replicon GCILIKDN_17, there are:
INFO     : - 0 complete integron(s) found with a total 0 attC site(s)
INFO     : - 0 CALIN element(s) found with a total of 0 attC site(s)
INFO     : - 0 In0 element(s) found with a total of 0 attC site
INFO     : Writing out results for replicon GCILIKDN_17
INFO     : ############ Processing replicon GCILIKDN_18 (18/57) ############

INFO     : Starting Default search ... :
INFO     : Default search done... : 
INFO     : In replicon GCILIKDN_18, there are:
INFO     : - 0 complete integron(s) found with a total 0 attC site(s)
INFO     : - 0 CALIN element(s) found with a total of 0 attC site(s)
INFO     : - 0 In0 element(s) found with a total of 0 attC site
INFO     : Writing out results for replicon GCILIKDN_18
INFO     : ############ Processing replicon GCILIKDN_19 (19/57) ############

INFO     : Starting Default search ... :
INFO     : Default search done... : 
INFO     : In replicon GCILIKDN_19, there are:
INFO     : - 0 complete integron(s) found with a total 0 attC site(s)
INFO     : - 0 CALIN element(s) found with a total of 0 attC site(s)
INFO     : - 0 In0 element(s) found with a total of 0 attC site
INFO     : Writing out results for replicon GCILIKDN_19
INFO     : ############ Processing replicon GCILIKDN_20 (20/57) ############

INFO     : Starting Default search ... :
INFO     : Default search done... : 
INFO     : In replicon GCILIKDN_20, there are:
INFO     : - 0 complete integron(s) found with a total 0 attC site(s)
INFO     : - 0 CALIN element(s) found with a total of 0 attC site(s)
INFO     : - 0 In0 element(s) found with a total of 0 attC site
INFO     : Writing out results for replicon GCILIKDN_20
INFO     : ############ Processing replicon GCILIKDN_21 (21/57) ############

INFO     : Starting Default search ... :
INFO     : Default search done... : 
INFO     : In replicon GCILIKDN_21, there are:
INFO     : - 0 complete integron(s) found with a total 0 attC site(s)
INFO     : - 0 CALIN element(s) found with a total of 0 attC site(s)
INFO     : - 0 In0 element(s) found with a total of 0 attC site
INFO     : Writing out results for replicon GCILIKDN_21
INFO     : ############ Processing replicon GCILIKDN_22 (22/57) ############

INFO     : Starting Default search ... :
INFO     : Default search done... : 
INFO     : In replicon GCILIKDN_22, there are:
INFO     : - 0 complete integron(s) found with a total 0 attC site(s)
INFO     : - 0 CALIN element(s) found with a total of 0 attC site(s)
INFO     : - 0 In0 element(s) found with a total of 0 attC site
INFO     : Writing out results for replicon GCILIKDN_22
INFO     : ############ Processing replicon GCILIKDN_23 (23/57) ############

INFO     : Starting Default search ... :
INFO     : Default search done... : 
INFO     : In replicon GCILIKDN_23, there are:
INFO     : - 0 complete integron(s) found with a total 0 attC site(s)
INFO     : - 0 CALIN element(s) found with a total of 0 attC site(s)
INFO     : - 0 In0 element(s) found with a total of 0 attC site
INFO     : Writing out results for replicon GCILIKDN_23
INFO     : ############ Processing replicon GCILIKDN_24 (24/57) ############

INFO     : Starting Default search ... :
INFO     : Default search done... : 
INFO     : In replicon GCILIKDN_24, there are:
INFO     : - 0 complete integron(s) found with a total 0 attC site(s)
INFO     : - 0 CALIN element(s) found with a total of 0 attC site(s)
INFO     : - 0 In0 element(s) found with a total of 0 attC site
INFO     : Writing out results for replicon GCILIKDN_24
INFO     : ############ Processing replicon GCILIKDN_25 (25/57) ############

INFO     : Starting Default search ... :
INFO     : Default search done... : 
INFO     : In replicon GCILIKDN_25, there are:
INFO     : - 0 complete integron(s) found with a total 0 attC site(s)
INFO     : - 0 CALIN element(s) found with a total of 0 attC site(s)
INFO     : - 0 In0 element(s) found with a total of 0 attC site
INFO     : Writing out results for replicon GCILIKDN_25
INFO     : ############ Processing replicon GCILIKDN_26 (26/57) ############

INFO     : Starting Default search ... :
INFO     : Default search done... : 
INFO     : In replicon GCILIKDN_26, there are:
INFO     : - 0 complete integron(s) found with a total 0 attC site(s)
INFO     : - 0 CALIN element(s) found with a total of 0 attC site(s)
INFO     : - 0 In0 element(s) found with a total of 0 attC site
INFO     : Writing out results for replicon GCILIKDN_26
INFO     : ############ Processing replicon GCILIKDN_27 (27/57) ############

INFO     : Starting Default search ... :
INFO     : Default search done... : 
INFO     : In replicon GCILIKDN_27, there are:
INFO     : - 0 complete integron(s) found with a total 0 attC site(s)
INFO     : - 0 CALIN element(s) found with a total of 0 attC site(s)
INFO     : - 0 In0 element(s) found with a total of 0 attC site
INFO     : Writing out results for replicon GCILIKDN_27
INFO     : ############ Processing replicon GCILIKDN_28 (28/57) ############

INFO     : Starting Default search ... :
INFO     : Default search done... : 
INFO     : In replicon GCILIKDN_28, there are:
INFO     : - 0 complete integron(s) found with a total 0 attC site(s)
INFO     : - 0 CALIN element(s) found with a total of 0 attC site(s)
INFO     : - 0 In0 element(s) found with a total of 0 attC site
INFO     : Writing out results for replicon GCILIKDN_28
INFO     : ############ Processing replicon GCILIKDN_29 (29/57) ############

INFO     : Starting Default search ... :
INFO     : Default search done... : 
INFO     : In replicon GCILIKDN_29, there are:
INFO     : - 0 complete integron(s) found with a total 0 attC site(s)
INFO     : - 0 CALIN element(s) found with a total of 0 attC site(s)
INFO     : - 0 In0 element(s) found with a total of 0 attC site
INFO     : Writing out results for replicon GCILIKDN_29
INFO     : ############ Processing replicon GCILIKDN_30 (30/57) ############

INFO     : Starting Default search ... :
INFO     : Default search done... : 
INFO     : In replicon GCILIKDN_30, there are:
INFO     : - 0 complete integron(s) found with a total 0 attC site(s)
INFO     : - 0 CALIN element(s) found with a total of 0 attC site(s)
INFO     : - 0 In0 element(s) found with a total of 0 attC site
INFO     : Writing out results for replicon GCILIKDN_30
INFO     : ############ Processing replicon GCILIKDN_31 (31/57) ############

INFO     : Starting Default search ... :
INFO     : Default search done... : 
INFO     : In replicon GCILIKDN_31, there are:
INFO     : - 0 complete integron(s) found with a total 0 attC site(s)
INFO     : - 0 CALIN element(s) found with a total of 0 attC site(s)
INFO     : - 0 In0 element(s) found with a total of 0 attC site
INFO     : Writing out results for replicon GCILIKDN_31
INFO     : ############ Processing replicon GCILIKDN_32 (32/57) ############

INFO     : Starting Default search ... :
INFO     : Default search done... : 
INFO     : In replicon GCILIKDN_32, there are:
INFO     : - 0 complete integron(s) found with a total 0 attC site(s)
INFO     : - 0 CALIN element(s) found with a total of 0 attC site(s)
INFO     : - 0 In0 element(s) found with a total of 0 attC site
INFO     : Writing out results for replicon GCILIKDN_32
INFO     : ############ Processing replicon GCILIKDN_33 (33/57) ############

WARNING  : The protein file: '/home/precious/etd/work/46/beda488ec90739d587cba002dd68d5/Results_Integron_Finder_SAMN04875298_contigs/tmp_GCILIKDN_33/GCILIKDN_33.prt' is empty cannot perform hmmsearch on it.
WARNING  : ############ Skip replicon GCILIKDN_33 ############
INFO     : ############ Processing replicon GCILIKDN_34 (34/57) ############

INFO     : Starting Default search ... :
INFO     : Default search done... : 
INFO     : In replicon GCILIKDN_34, there are:
INFO     : - 0 complete integron(s) found with a total 0 attC site(s)
INFO     : - 0 CALIN element(s) found with a total of 0 attC site(s)
INFO     : - 0 In0 element(s) found with a total of 0 attC site
INFO     : Writing out results for replicon GCILIKDN_34
INFO     : ############ Processing replicon GCILIKDN_35 (35/57) ############

INFO     : Starting Default search ... :
INFO     : Default search done... : 
INFO     : In replicon GCILIKDN_35, there are:
INFO     : - 0 complete integron(s) found with a total 0 attC site(s)
INFO     : - 0 CALIN element(s) found with a total of 0 attC site(s)
INFO     : - 0 In0 element(s) found with a total of 0 attC site
INFO     : Writing out results for replicon GCILIKDN_35
INFO     : ############ Processing replicon GCILIKDN_36 (36/57) ############

INFO     : Starting Default search ... :
INFO     : Default search done... : 
INFO     : In replicon GCILIKDN_36, there are:
INFO     : - 0 complete integron(s) found with a total 0 attC site(s)
INFO     : - 0 CALIN element(s) found with a total of 0 attC site(s)
INFO     : - 0 In0 element(s) found with a total of 0 attC site
INFO     : Writing out results for replicon GCILIKDN_36
INFO     : ############ Processing replicon GCILIKDN_37 (37/57) ############

INFO     : Starting Default search ... :
INFO     : Default search done... : 
INFO     : In replicon GCILIKDN_37, there are:
INFO     : - 0 complete integron(s) found with a total 0 attC site(s)
INFO     : - 0 CALIN element(s) found with a total of 0 attC site(s)
INFO     : - 0 In0 element(s) found with a total of 0 attC site
INFO     : Writing out results for replicon GCILIKDN_37
INFO     : ############ Processing replicon GCILIKDN_38 (38/57) ############

INFO     : Starting Default search ... :
INFO     : Default search done... : 
INFO     : In replicon GCILIKDN_38, there are:
INFO     : - 0 complete integron(s) found with a total 0 attC site(s)
INFO     : - 0 CALIN element(s) found with a total of 0 attC site(s)
INFO     : - 0 In0 element(s) found with a total of 0 attC site
INFO     : Writing out results for replicon GCILIKDN_38
INFO     : ############ Processing replicon GCILIKDN_39 (39/57) ############

INFO     : Starting Default search ... :
INFO     : Default search done... : 
INFO     : In replicon GCILIKDN_39, there are:
INFO     : - 0 complete integron(s) found with a total 0 attC site(s)
INFO     : - 0 CALIN element(s) found with a total of 0 attC site(s)
INFO     : - 0 In0 element(s) found with a total of 0 attC site
INFO     : Writing out results for replicon GCILIKDN_39
INFO     : ############ Processing replicon GCILIKDN_40 (40/57) ############

INFO     : Starting Default search ... :
INFO     : Default search done... : 
INFO     : In replicon GCILIKDN_40, there are:
INFO     : - 0 complete integron(s) found with a total 0 attC site(s)
INFO     : - 0 CALIN element(s) found with a total of 0 attC site(s)
INFO     : - 0 In0 element(s) found with a total of 0 attC site
INFO     : Writing out results for replicon GCILIKDN_40
INFO     : ############ Processing replicon GCILIKDN_41 (41/57) ############

INFO     : Starting Default search ... :
INFO     : Default search done... : 
INFO     : In replicon GCILIKDN_41, there are:
INFO     : - 0 complete integron(s) found with a total 0 attC site(s)
INFO     : - 0 CALIN element(s) found with a total of 0 attC site(s)
INFO     : - 0 In0 element(s) found with a total of 0 attC site
INFO     : Writing out results for replicon GCILIKDN_41
INFO     : ############ Processing replicon GCILIKDN_42 (42/57) ############

INFO     : Starting Default search ... :
INFO     : Default search done... : 
INFO     : In replicon GCILIKDN_42, there are:
INFO     : - 0 complete integron(s) found with a total 0 attC site(s)
INFO     : - 0 CALIN element(s) found with a total of 0 attC site(s)
INFO     : - 0 In0 element(s) found with a total of 0 attC site
INFO     : Writing out results for replicon GCILIKDN_42
INFO     : ############ Processing replicon GCILIKDN_43 (43/57) ############

WARNING  : The protein file: '/home/precious/etd/work/46/beda488ec90739d587cba002dd68d5/Results_Integron_Finder_SAMN04875298_contigs/tmp_GCILIKDN_43/GCILIKDN_43.prt' is empty cannot perform hmmsearch on it.
WARNING  : ############ Skip replicon GCILIKDN_43 ############
INFO     : ############ Processing replicon GCILIKDN_44 (44/57) ############

INFO     : Starting Default search ... :
INFO     : Default search done... : 
INFO     : In replicon GCILIKDN_44, there are:
INFO     : - 0 complete integron(s) found with a total 0 attC site(s)
INFO     : - 0 CALIN element(s) found with a total of 0 attC site(s)
INFO     : - 0 In0 element(s) found with a total of 0 attC site
INFO     : Writing out results for replicon GCILIKDN_44
INFO     : ############ Processing replicon GCILIKDN_45 (45/57) ############

INFO     : Starting Default search ... :
INFO     : Default search done... : 
INFO     : In replicon GCILIKDN_45, there are:
INFO     : - 0 complete integron(s) found with a total 0 attC site(s)
INFO     : - 0 CALIN element(s) found with a total of 0 attC site(s)
INFO     : - 0 In0 element(s) found with a total of 0 attC site
INFO     : Writing out results for replicon GCILIKDN_45
INFO     : ############ Processing replicon GCILIKDN_46 (46/57) ############

INFO     : Starting Default search ... :
INFO     : Default search done... : 
INFO     : In replicon GCILIKDN_46, there are:
INFO     : - 0 complete integron(s) found with a total 0 attC site(s)
INFO     : - 0 CALIN element(s) found with a total of 0 attC site(s)
INFO     : - 0 In0 element(s) found with a total of 0 attC site
INFO     : Writing out results for replicon GCILIKDN_46
INFO     : ############ Processing replicon GCILIKDN_47 (47/57) ############

INFO     : Starting Default search ... :
INFO     : Default search done... : 
INFO     : In replicon GCILIKDN_47, there are:
INFO     : - 0 complete integron(s) found with a total 0 attC site(s)
INFO     : - 0 CALIN element(s) found with a total of 0 attC site(s)
INFO     : - 0 In0 element(s) found with a total of 0 attC site
INFO     : Writing out results for replicon GCILIKDN_47
INFO     : ############ Processing replicon GCILIKDN_48 (48/57) ############

INFO     : Starting Default search ... :
INFO     : Default search done... : 
INFO     : In replicon GCILIKDN_48, there are:
INFO     : - 0 complete integron(s) found with a total 0 attC site(s)
INFO     : - 0 CALIN element(s) found with a total of 0 attC site(s)
INFO     : - 0 In0 element(s) found with a total of 0 attC site
INFO     : Writing out results for replicon GCILIKDN_48
INFO     : ############ Processing replicon GCILIKDN_49 (49/57) ############

WARNING  : The protein file: '/home/precious/etd/work/46/beda488ec90739d587cba002dd68d5/Results_Integron_Finder_SAMN04875298_contigs/tmp_GCILIKDN_49/GCILIKDN_49.prt' is empty cannot perform hmmsearch on it.
WARNING  : ############ Skip replicon GCILIKDN_49 ############
INFO     : ############ Processing replicon GCILIKDN_50 (50/57) ############

WARNING  : The protein file: '/home/precious/etd/work/46/beda488ec90739d587cba002dd68d5/Results_Integron_Finder_SAMN04875298_contigs/tmp_GCILIKDN_50/GCILIKDN_50.prt' is empty cannot perform hmmsearch on it.
WARNING  : ############ Skip replicon GCILIKDN_50 ############
INFO     : ############ Processing replicon GCILIKDN_51 (51/57) ############

INFO     : Starting Default search ... :
INFO     : Default search done... : 
INFO     : In replicon GCILIKDN_51, there are:
INFO     : - 0 complete integron(s) found with a total 0 attC site(s)
INFO     : - 0 CALIN element(s) found with a total of 0 attC site(s)
INFO     : - 0 In0 element(s) found with a total of 0 attC site
INFO     : Writing out results for replicon GCILIKDN_51
INFO     : ############ Processing replicon GCILIKDN_52 (52/57) ############

INFO     : Starting Default search ... :
INFO     : Default search done... : 
INFO     : In replicon GCILIKDN_52, there are:
INFO     : - 0 complete integron(s) found with a total 0 attC site(s)
INFO     : - 0 CALIN element(s) found with a total of 0 attC site(s)
INFO     : - 0 In0 element(s) found with a total of 0 attC site
INFO     : Writing out results for replicon GCILIKDN_52
INFO     : ############ Processing replicon GCILIKDN_53 (53/57) ############

INFO     : Starting Default search ... :
INFO     : Default search done... : 
INFO     : In replicon GCILIKDN_53, there are:
INFO     : - 0 complete integron(s) found with a total 0 attC site(s)
INFO     : - 0 CALIN element(s) found with a total of 0 attC site(s)
INFO     : - 0 In0 element(s) found with a total of 0 attC site
INFO     : Writing out results for replicon GCILIKDN_53
INFO     : ############ Processing replicon GCILIKDN_54 (54/57) ############

INFO     : Starting Default search ... :
INFO     : Default search done... : 
INFO     : In replicon GCILIKDN_54, there are:
INFO     : - 0 complete integron(s) found with a total 0 attC site(s)
INFO     : - 0 CALIN element(s) found with a total of 0 attC site(s)
INFO     : - 0 In0 element(s) found with a total of 0 attC site
INFO     : Writing out results for replicon GCILIKDN_54
INFO     : ############ Processing replicon GCILIKDN_55 (55/57) ############

INFO     : Starting Default search ... :
INFO     : Default search done... : 
INFO     : In replicon GCILIKDN_55, there are:
INFO     : - 0 complete integron(s) found with a total 0 attC site(s)
INFO     : - 0 CALIN element(s) found with a total of 0 attC site(s)
INFO     : - 0 In0 element(s) found with a total of 0 attC site
INFO     : Writing out results for replicon GCILIKDN_55
INFO     : ############ Processing replicon GCILIKDN_56 (56/57) ############

INFO     : Starting Default search ... :
INFO     : Default search done... : 
INFO     : In replicon GCILIKDN_56, there are:
INFO     : - 0 complete integron(s) found with a total 0 attC site(s)
INFO     : - 0 CALIN element(s) found with a total of 0 attC site(s)
INFO     : - 0 In0 element(s) found with a total of 0 attC site
INFO     : Writing out results for replicon GCILIKDN_56
INFO     : ############ Processing replicon GCILIKDN_57 (57/57) ############

WARNING  : The protein file: '/home/precious/etd/work/46/beda488ec90739d587cba002dd68d5/Results_Integron_Finder_SAMN04875298_contigs/tmp_GCILIKDN_57/GCILIKDN_57.prt' is empty cannot perform hmmsearch on it.
WARNING  : ############ Skip replicon GCILIKDN_57 ############
INFO     : Merging integrons results.

