
**************************************************************************
 ___       _                               _____ _           _
|_ _|_ __ | |_ ___  __ _ _ __ ___  _ __   |  ___(_)_ __   __| | ___ _ __
 | || '_ \| __/ _ \/ _` | '__/ _ \| '_ \  | |_  | | '_ \ / _` |/ _ \ '__|
 | || | | | ||  __/ (_| | | | (_) | | | | |  _| | | | | | (_| |  __/ |
|___|_| |_|\__\___|\__, |_|  \___/|_| |_| |_|   |_|_| |_|\__,_|\___|_|
                   |___/

**************************************************************************

integron_finder version 2.0.5 
Using:
 - Python 3.12.3 | packaged by conda-forge | (main, Apr 15 2024, 18:38:13) [GCC 12.3.0]
 - numpy 1.26.4
 - pandas 2.2.2
 - matplolib 3.8.4
 - biopython 1.83

 - Prodigal V2.6.3: February, 2016
 - INFERNAL 1.1.4 (Dec 2020)
 - HMMER 3.3.2 (Nov 2020); http://hmmer.org/

Authors:
 - Jean Cury, Bertrand Neron, Eduardo Rocha,

Citation:

 Néron, B.; Littner, E.; Haudiquet, M.; Perrin, A.; Cury, J.; Rocha, E.P.C. 
 IntegronFinder 2.0: Identification and Analysis of Integrons across Bacteria, with a Focus on Antibiotic Resistance in Klebsiella. 
 Microorganisms 2022, 10, 700. https://doi.org/10.3390/microorganisms10040700

 If you use --func-annot in conjunction with file NCBIfam-AMRFinder.hmm please also cite

 Haft, DH et al., Nucleic Acids Res. 2018 Jan 4;46(D1):D851-D860
 PMID: 29112715
 

                     =======================

integron_finder is free software: you can redistribute it and/or modify
it under the terms of the GNU General Public License as published by
the Free Software Foundation, either version 3 of the License, or
(at your option) any later version.

integron_finder is distributed in the hope that it will be useful,
but WITHOUT ANY WARRANTY; without even the implied warranty of
MERCHANTABILITY or FITNESS FOR A PARTICULAR PURPOSE. See the
GNU General Public License for more details.

You should have received a copy of the GNU General Public License
along with this program (COPYING file).
If not, see <http://www.gnu.org/licenses/>.

                     =======================

command used: integron_finder --cpu 2 SAMN04875296_contigs.fasta

                     =======================

[0m
INFO     : ############ Processing replicon EHGCLLHO_1 (1/54) ############

INFO     : Starting Default search ... :
INFO     : Default search done... : 
INFO     : In replicon EHGCLLHO_1, there are:
INFO     : - 0 complete integron(s) found with a total 0 attC site(s)
INFO     : - 0 CALIN element(s) found with a total of 0 attC site(s)
INFO     : - 0 In0 element(s) found with a total of 0 attC site
INFO     : Writing out results for replicon EHGCLLHO_1
INFO     : ############ Processing replicon EHGCLLHO_2 (2/54) ############

INFO     : Starting Default search ... :
INFO     : Default search done... : 
INFO     : In replicon EHGCLLHO_2, there are:
INFO     : - 0 complete integron(s) found with a total 0 attC site(s)
INFO     : - 0 CALIN element(s) found with a total of 0 attC site(s)
INFO     : - 0 In0 element(s) found with a total of 0 attC site
INFO     : Writing out results for replicon EHGCLLHO_2
INFO     : ############ Processing replicon EHGCLLHO_3 (3/54) ############

INFO     : Starting Default search ... :
INFO     : Default search done... : 
INFO     : In replicon EHGCLLHO_3, there are:
INFO     : - 0 complete integron(s) found with a total 0 attC site(s)
INFO     : - 0 CALIN element(s) found with a total of 0 attC site(s)
INFO     : - 0 In0 element(s) found with a total of 0 attC site
INFO     : Writing out results for replicon EHGCLLHO_3
INFO     : ############ Processing replicon EHGCLLHO_4 (4/54) ############

INFO     : Starting Default search ... :
INFO     : Default search done... : 
INFO     : In replicon EHGCLLHO_4, there are:
INFO     : - 0 complete integron(s) found with a total 0 attC site(s)
INFO     : - 0 CALIN element(s) found with a total of 0 attC site(s)
INFO     : - 0 In0 element(s) found with a total of 0 attC site
INFO     : Writing out results for replicon EHGCLLHO_4
INFO     : ############ Processing replicon EHGCLLHO_5 (5/54) ############

INFO     : Starting Default search ... :
INFO     : Default search done... : 
INFO     : In replicon EHGCLLHO_5, there are:
INFO     : - 0 complete integron(s) found with a total 0 attC site(s)
INFO     : - 0 CALIN element(s) found with a total of 0 attC site(s)
INFO     : - 0 In0 element(s) found with a total of 0 attC site
INFO     : Writing out results for replicon EHGCLLHO_5
INFO     : ############ Processing replicon EHGCLLHO_6 (6/54) ############

INFO     : Starting Default search ... :
INFO     : Default search done... : 
INFO     : In replicon EHGCLLHO_6, there are:
INFO     : - 0 complete integron(s) found with a total 0 attC site(s)
INFO     : - 0 CALIN element(s) found with a total of 0 attC site(s)
INFO     : - 0 In0 element(s) found with a total of 0 attC site
INFO     : Writing out results for replicon EHGCLLHO_6
INFO     : ############ Processing replicon EHGCLLHO_7 (7/54) ############

INFO     : Starting Default search ... :
INFO     : Default search done... : 
INFO     : In replicon EHGCLLHO_7, there are:
INFO     : - 0 complete integron(s) found with a total 0 attC site(s)
INFO     : - 0 CALIN element(s) found with a total of 0 attC site(s)
INFO     : - 0 In0 element(s) found with a total of 0 attC site
INFO     : Writing out results for replicon EHGCLLHO_7
INFO     : ############ Processing replicon EHGCLLHO_8 (8/54) ############

INFO     : Starting Default search ... :
INFO     : Default search done... : 
INFO     : In replicon EHGCLLHO_8, there are:
INFO     : - 0 complete integron(s) found with a total 0 attC site(s)
INFO     : - 0 CALIN element(s) found with a total of 0 attC site(s)
INFO     : - 0 In0 element(s) found with a total of 0 attC site
INFO     : Writing out results for replicon EHGCLLHO_8
INFO     : ############ Processing replicon EHGCLLHO_9 (9/54) ############

INFO     : Starting Default search ... :
INFO     : Default search done... : 
INFO     : In replicon EHGCLLHO_9, there are:
INFO     : - 0 complete integron(s) found with a total 0 attC site(s)
INFO     : - 0 CALIN element(s) found with a total of 0 attC site(s)
INFO     : - 0 In0 element(s) found with a total of 0 attC site
INFO     : Writing out results for replicon EHGCLLHO_9
INFO     : ############ Processing replicon EHGCLLHO_10 (10/54) ############

INFO     : Starting Default search ... :
INFO     : Default search done... : 
INFO     : In replicon EHGCLLHO_10, there are:
INFO     : - 0 complete integron(s) found with a total 0 attC site(s)
INFO     : - 0 CALIN element(s) found with a total of 0 attC site(s)
INFO     : - 0 In0 element(s) found with a total of 0 attC site
INFO     : Writing out results for replicon EHGCLLHO_10
INFO     : ############ Processing replicon EHGCLLHO_11 (11/54) ############

INFO     : Starting Default search ... :
INFO     : Default search done... : 
INFO     : In replicon EHGCLLHO_11, there are:
INFO     : - 0 complete integron(s) found with a total 0 attC site(s)
INFO     : - 0 CALIN element(s) found with a total of 0 attC site(s)
INFO     : - 0 In0 element(s) found with a total of 0 attC site
INFO     : Writing out results for replicon EHGCLLHO_11
INFO     : ############ Processing replicon EHGCLLHO_12 (12/54) ############

INFO     : Starting Default search ... :
INFO     : Default search done... : 
INFO     : In replicon EHGCLLHO_12, there are:
INFO     : - 0 complete integron(s) found with a total 0 attC site(s)
INFO     : - 0 CALIN element(s) found with a total of 0 attC site(s)
INFO     : - 0 In0 element(s) found with a total of 0 attC site
INFO     : Writing out results for replicon EHGCLLHO_12
INFO     : ############ Processing replicon EHGCLLHO_13 (13/54) ############

INFO     : Starting Default search ... :
INFO     : Default search done... : 
INFO     : In replicon EHGCLLHO_13, there are:
INFO     : - 0 complete integron(s) found with a total 0 attC site(s)
INFO     : - 0 CALIN element(s) found with a total of 0 attC site(s)
INFO     : - 0 In0 element(s) found with a total of 0 attC site
INFO     : Writing out results for replicon EHGCLLHO_13
INFO     : ############ Processing replicon EHGCLLHO_14 (14/54) ############

INFO     : Starting Default search ... :
INFO     : Default search done... : 
INFO     : In replicon EHGCLLHO_14, there are:
INFO     : - 0 complete integron(s) found with a total 0 attC site(s)
INFO     : - 0 CALIN element(s) found with a total of 0 attC site(s)
INFO     : - 0 In0 element(s) found with a total of 0 attC site
INFO     : Writing out results for replicon EHGCLLHO_14
INFO     : ############ Processing replicon EHGCLLHO_15 (15/54) ############

INFO     : Starting Default search ... :
INFO     : Default search done... : 
INFO     : In replicon EHGCLLHO_15, there are:
INFO     : - 0 complete integron(s) found with a total 0 attC site(s)
INFO     : - 0 CALIN element(s) found with a total of 0 attC site(s)
INFO     : - 0 In0 element(s) found with a total of 0 attC site
INFO     : Writing out results for replicon EHGCLLHO_15
INFO     : ############ Processing replicon EHGCLLHO_16 (16/54) ############

INFO     : Starting Default search ... :
INFO     : Default search done... : 
INFO     : In replicon EHGCLLHO_16, there are:
INFO     : - 0 complete integron(s) found with a total 0 attC site(s)
INFO     : - 0 CALIN element(s) found with a total of 0 attC site(s)
INFO     : - 0 In0 element(s) found with a total of 0 attC site
INFO     : Writing out results for replicon EHGCLLHO_16
INFO     : ############ Processing replicon EHGCLLHO_17 (17/54) ############

INFO     : Starting Default search ... :
INFO     : Default search done... : 
INFO     : In replicon EHGCLLHO_17, there are:
INFO     : - 0 complete integron(s) found with a total 0 attC site(s)
INFO     : - 0 CALIN element(s) found with a total of 0 attC site(s)
INFO     : - 0 In0 element(s) found with a total of 0 attC site
INFO     : Writing out results for replicon EHGCLLHO_17
INFO     : ############ Processing replicon EHGCLLHO_18 (18/54) ############

INFO     : Starting Default search ... :
INFO     : Default search done... : 
INFO     : In replicon EHGCLLHO_18, there are:
INFO     : - 0 complete integron(s) found with a total 0 attC site(s)
INFO     : - 0 CALIN element(s) found with a total of 0 attC site(s)
INFO     : - 0 In0 element(s) found with a total of 0 attC site
INFO     : Writing out results for replicon EHGCLLHO_18
INFO     : ############ Processing replicon EHGCLLHO_19 (19/54) ############

INFO     : Starting Default search ... :
INFO     : Default search done... : 
INFO     : In replicon EHGCLLHO_19, there are:
INFO     : - 0 complete integron(s) found with a total 0 attC site(s)
INFO     : - 0 CALIN element(s) found with a total of 0 attC site(s)
INFO     : - 0 In0 element(s) found with a total of 0 attC site
INFO     : Writing out results for replicon EHGCLLHO_19
INFO     : ############ Processing replicon EHGCLLHO_20 (20/54) ############

INFO     : Starting Default search ... :
INFO     : Default search done... : 
INFO     : In replicon EHGCLLHO_20, there are:
INFO     : - 0 complete integron(s) found with a total 0 attC site(s)
INFO     : - 0 CALIN element(s) found with a total of 0 attC site(s)
INFO     : - 0 In0 element(s) found with a total of 0 attC site
INFO     : Writing out results for replicon EHGCLLHO_20
INFO     : ############ Processing replicon EHGCLLHO_21 (21/54) ############

INFO     : Starting Default search ... :
INFO     : Default search done... : 
INFO     : In replicon EHGCLLHO_21, there are:
INFO     : - 0 complete integron(s) found with a total 0 attC site(s)
INFO     : - 0 CALIN element(s) found with a total of 0 attC site(s)
INFO     : - 0 In0 element(s) found with a total of 0 attC site
INFO     : Writing out results for replicon EHGCLLHO_21
INFO     : ############ Processing replicon EHGCLLHO_22 (22/54) ############

INFO     : Starting Default search ... :
INFO     : Default search done... : 
INFO     : In replicon EHGCLLHO_22, there are:
INFO     : - 0 complete integron(s) found with a total 0 attC site(s)
INFO     : - 0 CALIN element(s) found with a total of 0 attC site(s)
INFO     : - 0 In0 element(s) found with a total of 0 attC site
INFO     : Writing out results for replicon EHGCLLHO_22
INFO     : ############ Processing replicon EHGCLLHO_23 (23/54) ############

INFO     : Starting Default search ... :
INFO     : Default search done... : 
INFO     : In replicon EHGCLLHO_23, there are:
INFO     : - 0 complete integron(s) found with a total 0 attC site(s)
INFO     : - 0 CALIN element(s) found with a total of 0 attC site(s)
INFO     : - 0 In0 element(s) found with a total of 0 attC site
INFO     : Writing out results for replicon EHGCLLHO_23
INFO     : ############ Processing replicon EHGCLLHO_24 (24/54) ############

INFO     : Starting Default search ... :
INFO     : Default search done... : 
INFO     : In replicon EHGCLLHO_24, there are:
INFO     : - 0 complete integron(s) found with a total 0 attC site(s)
INFO     : - 0 CALIN element(s) found with a total of 0 attC site(s)
INFO     : - 0 In0 element(s) found with a total of 0 attC site
INFO     : Writing out results for replicon EHGCLLHO_24
INFO     : ############ Processing replicon EHGCLLHO_25 (25/54) ############

INFO     : Starting Default search ... :
INFO     : Default search done... : 
INFO     : In replicon EHGCLLHO_25, there are:
INFO     : - 0 complete integron(s) found with a total 0 attC site(s)
INFO     : - 0 CALIN element(s) found with a total of 0 attC site(s)
INFO     : - 0 In0 element(s) found with a total of 0 attC site
INFO     : Writing out results for replicon EHGCLLHO_25
INFO     : ############ Processing replicon EHGCLLHO_26 (26/54) ############

INFO     : Starting Default search ... :
INFO     : Default search done... : 
INFO     : In replicon EHGCLLHO_26, there are:
INFO     : - 0 complete integron(s) found with a total 0 attC site(s)
INFO     : - 0 CALIN element(s) found with a total of 0 attC site(s)
INFO     : - 0 In0 element(s) found with a total of 0 attC site
INFO     : Writing out results for replicon EHGCLLHO_26
INFO     : ############ Processing replicon EHGCLLHO_27 (27/54) ############

INFO     : Starting Default search ... :
INFO     : Default search done... : 
INFO     : In replicon EHGCLLHO_27, there are:
INFO     : - 0 complete integron(s) found with a total 0 attC site(s)
INFO     : - 0 CALIN element(s) found with a total of 0 attC site(s)
INFO     : - 0 In0 element(s) found with a total of 0 attC site
INFO     : Writing out results for replicon EHGCLLHO_27
INFO     : ############ Processing replicon EHGCLLHO_28 (28/54) ############

INFO     : Starting Default search ... :
INFO     : Default search done... : 
INFO     : In replicon EHGCLLHO_28, there are:
INFO     : - 0 complete integron(s) found with a total 0 attC site(s)
INFO     : - 0 CALIN element(s) found with a total of 0 attC site(s)
INFO     : - 0 In0 element(s) found with a total of 0 attC site
INFO     : Writing out results for replicon EHGCLLHO_28
INFO     : ############ Processing replicon EHGCLLHO_29 (29/54) ############

INFO     : Starting Default search ... :
INFO     : Default search done... : 
INFO     : In replicon EHGCLLHO_29, there are:
INFO     : - 0 complete integron(s) found with a total 0 attC site(s)
INFO     : - 0 CALIN element(s) found with a total of 0 attC site(s)
INFO     : - 0 In0 element(s) found with a total of 0 attC site
INFO     : Writing out results for replicon EHGCLLHO_29
INFO     : ############ Processing replicon EHGCLLHO_30 (30/54) ############

WARNING  : The protein file: '/home/precious/etd/work/e0/1645c087f5d599461b17823c8cc633/Results_Integron_Finder_SAMN04875296_contigs/tmp_EHGCLLHO_30/EHGCLLHO_30.prt' is empty cannot perform hmmsearch on it.
WARNING  : ############ Skip replicon EHGCLLHO_30 ############
INFO     : ############ Processing replicon EHGCLLHO_31 (31/54) ############

INFO     : Starting Default search ... :
INFO     : Default search done... : 
INFO     : In replicon EHGCLLHO_31, there are:
INFO     : - 0 complete integron(s) found with a total 0 attC site(s)
INFO     : - 0 CALIN element(s) found with a total of 0 attC site(s)
INFO     : - 0 In0 element(s) found with a total of 0 attC site
INFO     : Writing out results for replicon EHGCLLHO_31
INFO     : ############ Processing replicon EHGCLLHO_32 (32/54) ############

WARNING  : The protein file: '/home/precious/etd/work/e0/1645c087f5d599461b17823c8cc633/Results_Integron_Finder_SAMN04875296_contigs/tmp_EHGCLLHO_32/EHGCLLHO_32.prt' is empty cannot perform hmmsearch on it.
WARNING  : ############ Skip replicon EHGCLLHO_32 ############
INFO     : ############ Processing replicon EHGCLLHO_33 (33/54) ############

INFO     : Starting Default search ... :
INFO     : Default search done... : 
INFO     : In replicon EHGCLLHO_33, there are:
INFO     : - 0 complete integron(s) found with a total 0 attC site(s)
INFO     : - 0 CALIN element(s) found with a total of 0 attC site(s)
INFO     : - 0 In0 element(s) found with a total of 0 attC site
INFO     : Writing out results for replicon EHGCLLHO_33
INFO     : ############ Processing replicon EHGCLLHO_34 (34/54) ############

INFO     : Starting Default search ... :
INFO     : Default search done... : 
INFO     : In replicon EHGCLLHO_34, there are:
INFO     : - 0 complete integron(s) found with a total 0 attC site(s)
INFO     : - 0 CALIN element(s) found with a total of 0 attC site(s)
INFO     : - 0 In0 element(s) found with a total of 0 attC site
INFO     : Writing out results for replicon EHGCLLHO_34
INFO     : ############ Processing replicon EHGCLLHO_35 (35/54) ############

INFO     : Starting Default search ... :
INFO     : Default search done... : 
INFO     : In replicon EHGCLLHO_35, there are:
INFO     : - 0 complete integron(s) found with a total 0 attC site(s)
INFO     : - 0 CALIN element(s) found with a total of 0 attC site(s)
INFO     : - 0 In0 element(s) found with a total of 0 attC site
INFO     : Writing out results for replicon EHGCLLHO_35
INFO     : ############ Processing replicon EHGCLLHO_36 (36/54) ############

INFO     : Starting Default search ... :
INFO     : Default search done... : 
INFO     : In replicon EHGCLLHO_36, there are:
INFO     : - 0 complete integron(s) found with a total 0 attC site(s)
INFO     : - 0 CALIN element(s) found with a total of 0 attC site(s)
INFO     : - 0 In0 element(s) found with a total of 0 attC site
INFO     : Writing out results for replicon EHGCLLHO_36
INFO     : ############ Processing replicon EHGCLLHO_37 (37/54) ############

INFO     : Starting Default search ... :
INFO     : Default search done... : 
INFO     : In replicon EHGCLLHO_37, there are:
INFO     : - 0 complete integron(s) found with a total 0 attC site(s)
INFO     : - 0 CALIN element(s) found with a total of 0 attC site(s)
INFO     : - 0 In0 element(s) found with a total of 0 attC site
INFO     : Writing out results for replicon EHGCLLHO_37
INFO     : ############ Processing replicon EHGCLLHO_38 (38/54) ############

WARNING  : The protein file: '/home/precious/etd/work/e0/1645c087f5d599461b17823c8cc633/Results_Integron_Finder_SAMN04875296_contigs/tmp_EHGCLLHO_38/EHGCLLHO_38.prt' is empty cannot perform hmmsearch on it.
WARNING  : ############ Skip replicon EHGCLLHO_38 ############
INFO     : ############ Processing replicon EHGCLLHO_39 (39/54) ############

WARNING  : The protein file: '/home/precious/etd/work/e0/1645c087f5d599461b17823c8cc633/Results_Integron_Finder_SAMN04875296_contigs/tmp_EHGCLLHO_39/EHGCLLHO_39.prt' is empty cannot perform hmmsearch on it.
WARNING  : ############ Skip replicon EHGCLLHO_39 ############
INFO     : ############ Processing replicon EHGCLLHO_40 (40/54) ############

INFO     : Starting Default search ... :
INFO     : Default search done... : 
INFO     : In replicon EHGCLLHO_40, there are:
INFO     : - 0 complete integron(s) found with a total 0 attC site(s)
INFO     : - 0 CALIN element(s) found with a total of 0 attC site(s)
INFO     : - 0 In0 element(s) found with a total of 0 attC site
INFO     : Writing out results for replicon EHGCLLHO_40
INFO     : ############ Processing replicon EHGCLLHO_41 (41/54) ############

INFO     : Starting Default search ... :
INFO     : Default search done... : 
INFO     : In replicon EHGCLLHO_41, there are:
INFO     : - 0 complete integron(s) found with a total 0 attC site(s)
INFO     : - 0 CALIN element(s) found with a total of 0 attC site(s)
INFO     : - 0 In0 element(s) found with a total of 0 attC site
INFO     : Writing out results for replicon EHGCLLHO_41
INFO     : ############ Processing replicon EHGCLLHO_42 (42/54) ############

WARNING  : The protein file: '/home/precious/etd/work/e0/1645c087f5d599461b17823c8cc633/Results_Integron_Finder_SAMN04875296_contigs/tmp_EHGCLLHO_42/EHGCLLHO_42.prt' is empty cannot perform hmmsearch on it.
WARNING  : ############ Skip replicon EHGCLLHO_42 ############
INFO     : ############ Processing replicon EHGCLLHO_43 (43/54) ############

INFO     : Starting Default search ... :
INFO     : Default search done... : 
INFO     : In replicon EHGCLLHO_43, there are:
INFO     : - 0 complete integron(s) found with a total 0 attC site(s)
INFO     : - 0 CALIN element(s) found with a total of 0 attC site(s)
INFO     : - 0 In0 element(s) found with a total of 0 attC site
INFO     : Writing out results for replicon EHGCLLHO_43
INFO     : ############ Processing replicon EHGCLLHO_44 (44/54) ############

INFO     : Starting Default search ... :
INFO     : Default search done... : 
INFO     : In replicon EHGCLLHO_44, there are:
INFO     : - 0 complete integron(s) found with a total 0 attC site(s)
INFO     : - 0 CALIN element(s) found with a total of 0 attC site(s)
INFO     : - 0 In0 element(s) found with a total of 0 attC site
INFO     : Writing out results for replicon EHGCLLHO_44
INFO     : ############ Processing replicon EHGCLLHO_45 (45/54) ############

WARNING  : The protein file: '/home/precious/etd/work/e0/1645c087f5d599461b17823c8cc633/Results_Integron_Finder_SAMN04875296_contigs/tmp_EHGCLLHO_45/EHGCLLHO_45.prt' is empty cannot perform hmmsearch on it.
WARNING  : ############ Skip replicon EHGCLLHO_45 ############
INFO     : ############ Processing replicon EHGCLLHO_46 (46/54) ############

INFO     : Starting Default search ... :
INFO     : Default search done... : 
INFO     : In replicon EHGCLLHO_46, there are:
INFO     : - 0 complete integron(s) found with a total 0 attC site(s)
INFO     : - 0 CALIN element(s) found with a total of 0 attC site(s)
INFO     : - 0 In0 element(s) found with a total of 0 attC site
INFO     : Writing out results for replicon EHGCLLHO_46
INFO     : ############ Processing replicon EHGCLLHO_47 (47/54) ############

INFO     : Starting Default search ... :
INFO     : Default search done... : 
INFO     : In replicon EHGCLLHO_47, there are:
INFO     : - 0 complete integron(s) found with a total 0 attC site(s)
INFO     : - 0 CALIN element(s) found with a total of 0 attC site(s)
INFO     : - 0 In0 element(s) found with a total of 0 attC site
INFO     : Writing out results for replicon EHGCLLHO_47
INFO     : ############ Processing replicon EHGCLLHO_48 (48/54) ############

INFO     : Starting Default search ... :
INFO     : Default search done... : 
INFO     : In replicon EHGCLLHO_48, there are:
INFO     : - 0 complete integron(s) found with a total 0 attC site(s)
INFO     : - 0 CALIN element(s) found with a total of 0 attC site(s)
INFO     : - 0 In0 element(s) found with a total of 0 attC site
INFO     : Writing out results for replicon EHGCLLHO_48
INFO     : ############ Processing replicon EHGCLLHO_49 (49/54) ############

INFO     : Starting Default search ... :
INFO     : Default search done... : 
INFO     : In replicon EHGCLLHO_49, there are:
INFO     : - 0 complete integron(s) found with a total 0 attC site(s)
INFO     : - 0 CALIN element(s) found with a total of 0 attC site(s)
INFO     : - 0 In0 element(s) found with a total of 0 attC site
INFO     : Writing out results for replicon EHGCLLHO_49
INFO     : ############ Processing replicon EHGCLLHO_50 (50/54) ############

INFO     : Starting Default search ... :
INFO     : Default search done... : 
INFO     : In replicon EHGCLLHO_50, there are:
INFO     : - 0 complete integron(s) found with a total 0 attC site(s)
INFO     : - 0 CALIN element(s) found with a total of 0 attC site(s)
INFO     : - 0 In0 element(s) found with a total of 0 attC site
INFO     : Writing out results for replicon EHGCLLHO_50
INFO     : ############ Processing replicon EHGCLLHO_51 (51/54) ############

WARNING  : The protein file: '/home/precious/etd/work/e0/1645c087f5d599461b17823c8cc633/Results_Integron_Finder_SAMN04875296_contigs/tmp_EHGCLLHO_51/EHGCLLHO_51.prt' is empty cannot perform hmmsearch on it.
WARNING  : ############ Skip replicon EHGCLLHO_51 ############
INFO     : ############ Processing replicon EHGCLLHO_52 (52/54) ############

INFO     : Starting Default search ... :
INFO     : Default search done... : 
INFO     : In replicon EHGCLLHO_52, there are:
INFO     : - 0 complete integron(s) found with a total 0 attC site(s)
INFO     : - 0 CALIN element(s) found with a total of 0 attC site(s)
INFO     : - 0 In0 element(s) found with a total of 0 attC site
INFO     : Writing out results for replicon EHGCLLHO_52
INFO     : ############ Processing replicon EHGCLLHO_53 (53/54) ############

INFO     : Starting Default search ... :
INFO     : Default search done... : 
INFO     : In replicon EHGCLLHO_53, there are:
INFO     : - 0 complete integron(s) found with a total 0 attC site(s)
INFO     : - 0 CALIN element(s) found with a total of 0 attC site(s)
INFO     : - 0 In0 element(s) found with a total of 0 attC site
INFO     : Writing out results for replicon EHGCLLHO_53
INFO     : ############ Processing replicon EHGCLLHO_54 (54/54) ############

WARNING  : The protein file: '/home/precious/etd/work/e0/1645c087f5d599461b17823c8cc633/Results_Integron_Finder_SAMN04875296_contigs/tmp_EHGCLLHO_54/EHGCLLHO_54.prt' is empty cannot perform hmmsearch on it.
WARNING  : ############ Skip replicon EHGCLLHO_54 ############
INFO     : Merging integrons results.

